<?xml version="1.0" encoding="ISO-8859-1" ?>
<link_info>
   <banner>TI ARM Linker PC v20.2.7.LTS</banner>
   <copyright>Copyright (c) 1996-2018 Texas Instruments Incorporated</copyright>
   <link_time>0x66c12f21</link_time>
   <link_errors>0x0</link_errors>
   <output_file>CPU Compare Module.out</output_file>
   <entry_point>
      <name>_c_int00</name>
      <address>0x6be0</address>
   </entry_point>
   <input_file_list>
      <input_file id="fl-2">
         <path>.\source\</path>
         <kind>object</kind>
         <file>dabort.obj</file>
         <name>dabort.obj</name>
      </input_file>
      <input_file id="fl-3">
         <path>.\source\</path>
         <kind>object</kind>
         <file>errata_SSWF021_45.obj</file>
         <name>errata_SSWF021_45.obj</name>
      </input_file>
      <input_file id="fl-4">
         <path>.\source\</path>
         <kind>object</kind>
         <file>esm.obj</file>
         <name>esm.obj</name>
      </input_file>
      <input_file id="fl-5">
         <path>.\source\</path>
         <kind>object</kind>
         <file>gio.obj</file>
         <name>gio.obj</name>
      </input_file>
      <input_file id="fl-6">
         <path>.\source\</path>
         <kind>object</kind>
         <file>notification.obj</file>
         <name>notification.obj</name>
      </input_file>
      <input_file id="fl-7">
         <path>.\source\</path>
         <kind>object</kind>
         <file>pinmux.obj</file>
         <name>pinmux.obj</name>
      </input_file>
      <input_file id="fl-8">
         <path>.\source\</path>
         <kind>object</kind>
         <file>sci.obj</file>
         <name>sci.obj</name>
      </input_file>
      <input_file id="fl-9">
         <path>.\source\</path>
         <kind>object</kind>
         <file>sys_core.obj</file>
         <name>sys_core.obj</name>
      </input_file>
      <input_file id="fl-a">
         <path>.\source\</path>
         <kind>object</kind>
         <file>sys_dma.obj</file>
         <name>sys_dma.obj</name>
      </input_file>
      <input_file id="fl-b">
         <path>.\source\</path>
         <kind>object</kind>
         <file>sys_intvecs.obj</file>
         <name>sys_intvecs.obj</name>
      </input_file>
      <input_file id="fl-c">
         <path>.\source\</path>
         <kind>object</kind>
         <file>sys_main.obj</file>
         <name>sys_main.obj</name>
      </input_file>
      <input_file id="fl-d">
         <path>.\source\</path>
         <kind>object</kind>
         <file>sys_mpu.obj</file>
         <name>sys_mpu.obj</name>
      </input_file>
      <input_file id="fl-e">
         <path>.\source\</path>
         <kind>object</kind>
         <file>sys_pcr.obj</file>
         <name>sys_pcr.obj</name>
      </input_file>
      <input_file id="fl-f">
         <path>.\source\</path>
         <kind>object</kind>
         <file>sys_phantom.obj</file>
         <name>sys_phantom.obj</name>
      </input_file>
      <input_file id="fl-10">
         <path>.\source\</path>
         <kind>object</kind>
         <file>sys_pmm.obj</file>
         <name>sys_pmm.obj</name>
      </input_file>
      <input_file id="fl-11">
         <path>.\source\</path>
         <kind>object</kind>
         <file>sys_pmu.obj</file>
         <name>sys_pmu.obj</name>
      </input_file>
      <input_file id="fl-12">
         <path>.\source\</path>
         <kind>object</kind>
         <file>sys_selftest.obj</file>
         <name>sys_selftest.obj</name>
      </input_file>
      <input_file id="fl-13">
         <path>.\source\</path>
         <kind>object</kind>
         <file>sys_startup.obj</file>
         <name>sys_startup.obj</name>
      </input_file>
      <input_file id="fl-14">
         <path>.\source\</path>
         <kind>object</kind>
         <file>sys_vim.obj</file>
         <name>sys_vim.obj</name>
      </input_file>
      <input_file id="fl-15">
         <path>.\source\</path>
         <kind>object</kind>
         <file>system.obj</file>
         <name>system.obj</name>
      </input_file>
      <input_file id="fl-19">
         <kind>object</kind>
         <file>&lt;internal&gt;</file>
         <name>&lt;internal&gt;</name>
      </input_file>
      <input_file id="fl-1a">
         <path>C:\ti\ccs1250\ccs\tools\compiler\ti-cgt-arm_20.2.7.LTS\lib\</path>
         <kind>archive</kind>
         <file>rtsv7R4_T_le_v3D16_eabi.lib</file>
         <name>s_floor.c.obj</name>
      </input_file>
      <input_file id="fl-1b">
         <path>C:\ti\ccs1250\ccs\tools\compiler\ti-cgt-arm_20.2.7.LTS\lib\</path>
         <kind>archive</kind>
         <file>rtsv7R4_T_le_v3D16_eabi.lib</file>
         <name>autoinit.c.obj</name>
      </input_file>
      <input_file id="fl-1c">
         <path>C:\ti\ccs1250\ccs\tools\compiler\ti-cgt-arm_20.2.7.LTS\lib\</path>
         <kind>archive</kind>
         <file>rtsv7R4_T_le_v3D16_eabi.lib</file>
         <name>cpy_tbl.c.obj</name>
      </input_file>
      <input_file id="fl-1d">
         <path>C:\ti\ccs1250\ccs\tools\compiler\ti-cgt-arm_20.2.7.LTS\lib\</path>
         <kind>archive</kind>
         <file>rtsv7R4_T_le_v3D16_eabi.lib</file>
         <name>copy_zero_init.c.obj</name>
      </input_file>
      <input_file id="fl-1e">
         <path>C:\ti\ccs1250\ccs\tools\compiler\ti-cgt-arm_20.2.7.LTS\lib\</path>
         <kind>archive</kind>
         <file>rtsv7R4_T_le_v3D16_eabi.lib</file>
         <name>copy_decompress_none.c.obj</name>
      </input_file>
      <input_file id="fl-1f">
         <path>C:\ti\ccs1250\ccs\tools\compiler\ti-cgt-arm_20.2.7.LTS\lib\</path>
         <kind>archive</kind>
         <file>rtsv7R4_T_le_v3D16_eabi.lib</file>
         <name>copy_decompress_lzss.c.obj</name>
      </input_file>
      <input_file id="fl-20">
         <path>C:\ti\ccs1250\ccs\tools\compiler\ti-cgt-arm_20.2.7.LTS\lib\</path>
         <kind>archive</kind>
         <file>rtsv7R4_T_le_v3D16_eabi.lib</file>
         <name>exit.c.obj</name>
      </input_file>
      <input_file id="fl-21">
         <path>C:\ti\ccs1250\ccs\tools\compiler\ti-cgt-arm_20.2.7.LTS\lib\</path>
         <kind>archive</kind>
         <file>rtsv7R4_T_le_v3D16_eabi.lib</file>
         <name>_lock.c.obj</name>
      </input_file>
      <input_file id="fl-22">
         <path>C:\ti\ccs1250\ccs\tools\compiler\ti-cgt-arm_20.2.7.LTS\lib\</path>
         <kind>archive</kind>
         <file>rtsv7R4_T_le_v3D16_eabi.lib</file>
         <name>strlen.c.obj</name>
      </input_file>
      <input_file id="fl-23">
         <path>C:\ti\ccs1250\ccs\tools\compiler\ti-cgt-arm_20.2.7.LTS\lib\</path>
         <kind>archive</kind>
         <file>rtsv7R4_T_le_v3D16_eabi.lib</file>
         <name>memcpy_t2.asm.obj</name>
      </input_file>
      <input_file id="fl-24">
         <path>C:\ti\ccs1250\ccs\tools\compiler\ti-cgt-arm_20.2.7.LTS\lib\</path>
         <kind>archive</kind>
         <file>rtsv7R4_T_le_v3D16_eabi.lib</file>
         <name>memset_t2.asm.obj</name>
      </input_file>
   </input_file_list>
   <object_component_list>
      <object_component id="oc-31">
         <name>.intvecs</name>
         <load_address>0x0</load_address>
         <run_address>0x0</run_address>
         <size>0x20</size>
         <input_file_ref idref="fl-b"/>
      </object_component>
      <object_component id="oc-7c">
         <name>.text</name>
         <load_address>0x20</load_address>
         <run_address>0x20</run_address>
         <size>0x2cdc</size>
         <input_file_ref idref="fl-12"/>
      </object_component>
      <object_component id="oc-82">
         <name>.text</name>
         <load_address>0x2cfc</load_address>
         <run_address>0x2cfc</run_address>
         <size>0xb64</size>
         <input_file_ref idref="fl-15"/>
      </object_component>
      <object_component id="oc-40">
         <name>.text</name>
         <load_address>0x3860</load_address>
         <run_address>0x3860</run_address>
         <size>0xa54</size>
         <input_file_ref idref="fl-14"/>
      </object_component>
      <object_component id="oc-ec">
         <name>.text</name>
         <load_address>0x42b4</load_address>
         <run_address>0x42b4</run_address>
         <size>0x8b4</size>
         <input_file_ref idref="fl-7"/>
      </object_component>
      <object_component id="oc-175">
         <name>.text</name>
         <load_address>0x4b68</load_address>
         <run_address>0x4b68</run_address>
         <size>0x7b8</size>
         <input_file_ref idref="fl-8"/>
      </object_component>
      <object_component id="oc-70">
         <name>.text</name>
         <load_address>0x5320</load_address>
         <run_address>0x5320</run_address>
         <size>0x664</size>
         <input_file_ref idref="fl-3"/>
      </object_component>
      <object_component id="oc-d6">
         <name>.text</name>
         <load_address>0x5984</load_address>
         <run_address>0x5984</run_address>
         <size>0x5bc</size>
         <input_file_ref idref="fl-4"/>
      </object_component>
      <object_component id="oc-181">
         <name>.text</name>
         <load_address>0x5f40</load_address>
         <run_address>0x5f40</run_address>
         <size>0x484</size>
         <input_file_ref idref="fl-5"/>
      </object_component>
      <object_component id="oc-6b">
         <name>.text</name>
         <load_address>0x63c4</load_address>
         <run_address>0x63c4</run_address>
         <size>0x34c</size>
         <input_file_ref idref="fl-9"/>
      </object_component>
      <object_component id="oc-3c">
         <name>.text:retain</name>
         <load_address>0x6710</load_address>
         <run_address>0x6710</run_address>
         <size>0x2cc</size>
         <input_file_ref idref="fl-14"/>
      </object_component>
      <object_component id="oc-2b">
         <name>.text:retain</name>
         <load_address>0x69dc</load_address>
         <run_address>0x69dc</run_address>
         <size>0x204</size>
         <input_file_ref idref="fl-8"/>
      </object_component>
      <object_component id="oc-1c">
         <name>.text:retain</name>
         <load_address>0x6be0</load_address>
         <run_address>0x6be0</run_address>
         <size>0x1f0</size>
         <input_file_ref idref="fl-13"/>
      </object_component>
      <object_component id="oc-dd">
         <name>.text</name>
         <load_address>0x6dd0</load_address>
         <run_address>0x6dd0</run_address>
         <size>0x180</size>
         <input_file_ref idref="fl-c"/>
      </object_component>
      <object_component id="oc-76">
         <name>.text</name>
         <load_address>0x6f50</load_address>
         <run_address>0x6f50</run_address>
         <size>0x158</size>
         <input_file_ref idref="fl-13"/>
      </object_component>
      <object_component id="oc-22">
         <name>.text:retain</name>
         <load_address>0x70a8</load_address>
         <run_address>0x70a8</run_address>
         <size>0x114</size>
         <input_file_ref idref="fl-4"/>
      </object_component>
      <object_component id="oc-9c">
         <name>.text</name>
         <load_address>0x71bc</load_address>
         <run_address>0x71bc</run_address>
         <size>0xe8</size>
         <input_file_ref idref="fl-2"/>
      </object_component>
      <object_component id="oc-20e">
         <name>.text:floor</name>
         <load_address>0x72a4</load_address>
         <run_address>0x72a4</run_address>
         <size>0xe0</size>
         <input_file_ref idref="fl-1a"/>
      </object_component>
      <object_component id="oc-e5">
         <name>.text</name>
         <load_address>0x7384</load_address>
         <run_address>0x7384</run_address>
         <size>0xe0</size>
         <input_file_ref idref="fl-11"/>
      </object_component>
      <object_component id="oc-89">
         <name>.text</name>
         <load_address>0x7464</load_address>
         <run_address>0x7464</run_address>
         <size>0x94</size>
         <input_file_ref idref="fl-6"/>
      </object_component>
      <object_component id="oc-145">
         <name>.text:__TI_auto_init_nobinit_nopinit:__TI_auto_init_nobinit_nopinit</name>
         <load_address>0x74f8</load_address>
         <run_address>0x74f8</run_address>
         <size>0x44</size>
         <input_file_ref idref="fl-1b"/>
      </object_component>
      <object_component id="oc-5f">
         <name>.text:decompress:ZI:__TI_zero_init_nomemset:__TI_zero_init_nomemset</name>
         <load_address>0x753c</load_address>
         <run_address>0x753c</run_address>
         <size>0x1c</size>
         <input_file_ref idref="fl-1d"/>
      </object_component>
      <object_component id="oc-17b">
         <name>.text:strlen</name>
         <load_address>0x7558</load_address>
         <run_address>0x7558</run_address>
         <size>0x16</size>
         <input_file_ref idref="fl-22"/>
      </object_component>
      <object_component id="oc-189">
         <name>.text:abort:abort</name>
         <load_address>0x756e</load_address>
         <run_address>0x756e</run_address>
         <size>0x4</size>
         <input_file_ref idref="fl-20"/>
      </object_component>
      <object_component id="oc-36">
         <name>.text:retain</name>
         <load_address>0x7574</load_address>
         <run_address>0x7574</run_address>
         <size>0x4</size>
         <input_file_ref idref="fl-f"/>
      </object_component>
      <object_component id="oc-28">
         <name>.const:s_vim_init</name>
         <load_address>0x7578</load_address>
         <run_address>0x7578</run_address>
         <size>0x200</size>
         <input_file_ref idref="fl-14"/>
      </object_component>
      <object_component id="oc-2a0">
         <name>.cinit..bss.load</name>
         <load_address>0x7778</load_address>
         <run_address>0x7778</run_address>
         <size>0x8</size>
      </object_component>
      <object_component id="oc-29e">
         <name>__TI_handler_table</name>
         <load_address>0x7780</load_address>
         <run_address>0x7780</run_address>
         <size>0x4</size>
      </object_component>
      <object_component id="oc-29f">
         <name>__TI_cinit_table</name>
         <load_address>0x7784</load_address>
         <run_address>0x7784</run_address>
         <size>0x8</size>
      </object_component>
      <object_component id="oc-98">
         <name>.bss:g_sciTransfer_t</name>
         <uninitialized>true</uninitialized>
         <run_address>0x8001500</run_address>
         <size>0x28</size>
         <input_file_ref idref="fl-8"/>
      </object_component>
      <object_component id="oc-9d">
         <name>.debug_info</name>
         <load_address>0x0</load_address>
         <run_address>0x0</run_address>
         <size>0x191</size>
         <input_file_ref idref="fl-2"/>
      </object_component>
      <object_component id="oc-13e">
         <name>.debug_info</name>
         <load_address>0x191</load_address>
         <run_address>0x191</run_address>
         <size>0x350</size>
         <input_file_ref idref="fl-3"/>
      </object_component>
      <object_component id="oc-74">
         <name>.debug_info</name>
         <load_address>0x4e1</load_address>
         <run_address>0x4e1</run_address>
         <size>0x6d1</size>
         <input_file_ref idref="fl-3"/>
      </object_component>
      <object_component id="oc-4e">
         <name>.debug_info</name>
         <load_address>0xbb2</load_address>
         <run_address>0xbb2</run_address>
         <size>0x84</size>
         <input_file_ref idref="fl-3"/>
      </object_component>
      <object_component id="oc-d1">
         <name>.debug_info</name>
         <load_address>0xc36</load_address>
         <run_address>0xc36</run_address>
         <size>0x9e7</size>
         <input_file_ref idref="fl-3"/>
      </object_component>
      <object_component id="oc-12e">
         <name>.debug_info</name>
         <load_address>0x161d</load_address>
         <run_address>0x161d</run_address>
         <size>0x3a8</size>
         <input_file_ref idref="fl-4"/>
      </object_component>
      <object_component id="oc-d7">
         <name>.debug_info</name>
         <load_address>0x19c5</load_address>
         <run_address>0x19c5</run_address>
         <size>0xbbd</size>
         <input_file_ref idref="fl-4"/>
      </object_component>
      <object_component id="oc-25">
         <name>.debug_info</name>
         <load_address>0x2582</load_address>
         <run_address>0x2582</run_address>
         <size>0x21d</size>
         <input_file_ref idref="fl-4"/>
      </object_component>
      <object_component id="oc-102">
         <name>.debug_info</name>
         <load_address>0x279f</load_address>
         <run_address>0x279f</run_address>
         <size>0x26b</size>
         <input_file_ref idref="fl-4"/>
      </object_component>
      <object_component id="oc-90">
         <name>.debug_info</name>
         <load_address>0x2a0a</load_address>
         <run_address>0x2a0a</run_address>
         <size>0x157</size>
         <input_file_ref idref="fl-4"/>
      </object_component>
      <object_component id="oc-a9">
         <name>.debug_info</name>
         <load_address>0x2b61</load_address>
         <run_address>0x2b61</run_address>
         <size>0x8b</size>
         <input_file_ref idref="fl-4"/>
      </object_component>
      <object_component id="oc-a4">
         <name>.debug_info</name>
         <load_address>0x2bec</load_address>
         <run_address>0x2bec</run_address>
         <size>0x18c</size>
         <input_file_ref idref="fl-4"/>
      </object_component>
      <object_component id="oc-1e9">
         <name>.debug_info</name>
         <load_address>0x2d78</load_address>
         <run_address>0x2d78</run_address>
         <size>0x2a4</size>
         <input_file_ref idref="fl-4"/>
      </object_component>
      <object_component id="oc-fb">
         <name>.debug_info</name>
         <load_address>0x301c</load_address>
         <run_address>0x301c</run_address>
         <size>0xbb</size>
         <input_file_ref idref="fl-4"/>
      </object_component>
      <object_component id="oc-ae">
         <name>.debug_info</name>
         <load_address>0x30d7</load_address>
         <run_address>0x30d7</run_address>
         <size>0x86</size>
         <input_file_ref idref="fl-4"/>
      </object_component>
      <object_component id="oc-107">
         <name>.debug_info</name>
         <load_address>0x315d</load_address>
         <run_address>0x315d</run_address>
         <size>0x1de</size>
         <input_file_ref idref="fl-4"/>
      </object_component>
      <object_component id="oc-140">
         <name>.debug_info</name>
         <load_address>0x333b</load_address>
         <run_address>0x333b</run_address>
         <size>0x129</size>
         <input_file_ref idref="fl-4"/>
      </object_component>
      <object_component id="oc-120">
         <name>.debug_info</name>
         <load_address>0x3464</load_address>
         <run_address>0x3464</run_address>
         <size>0x2d0</size>
         <input_file_ref idref="fl-4"/>
      </object_component>
      <object_component id="oc-1ee">
         <name>.debug_info</name>
         <load_address>0x3734</load_address>
         <run_address>0x3734</run_address>
         <size>0x32b</size>
         <input_file_ref idref="fl-5"/>
      </object_component>
      <object_component id="oc-184">
         <name>.debug_info</name>
         <load_address>0x3a5f</load_address>
         <run_address>0x3a5f</run_address>
         <size>0x775</size>
         <input_file_ref idref="fl-5"/>
      </object_component>
      <object_component id="oc-111">
         <name>.debug_info</name>
         <load_address>0x41d4</load_address>
         <run_address>0x41d4</run_address>
         <size>0x1f9</size>
         <input_file_ref idref="fl-5"/>
      </object_component>
      <object_component id="oc-22e">
         <name>.debug_info</name>
         <load_address>0x43cd</load_address>
         <run_address>0x43cd</run_address>
         <size>0x12a</size>
         <input_file_ref idref="fl-5"/>
      </object_component>
      <object_component id="oc-f5">
         <name>.debug_info</name>
         <load_address>0x44f7</load_address>
         <run_address>0x44f7</run_address>
         <size>0x532</size>
         <input_file_ref idref="fl-6"/>
      </object_component>
      <object_component id="oc-8a">
         <name>.debug_info</name>
         <load_address>0x4a29</load_address>
         <run_address>0x4a29</run_address>
         <size>0x7a8</size>
         <input_file_ref idref="fl-6"/>
      </object_component>
      <object_component id="oc-198">
         <name>.debug_info</name>
         <load_address>0x51d1</load_address>
         <run_address>0x51d1</run_address>
         <size>0x791</size>
         <input_file_ref idref="fl-6"/>
      </object_component>
      <object_component id="oc-19d">
         <name>.debug_info</name>
         <load_address>0x5962</load_address>
         <run_address>0x5962</run_address>
         <size>0x4de</size>
         <input_file_ref idref="fl-6"/>
      </object_component>
      <object_component id="oc-1a2">
         <name>.debug_info</name>
         <load_address>0x5e40</load_address>
         <run_address>0x5e40</run_address>
         <size>0x3ce</size>
         <input_file_ref idref="fl-6"/>
      </object_component>
      <object_component id="oc-1df">
         <name>.debug_info</name>
         <load_address>0x620e</load_address>
         <run_address>0x620e</run_address>
         <size>0x7cd</size>
         <input_file_ref idref="fl-6"/>
      </object_component>
      <object_component id="oc-f6">
         <name>.debug_info</name>
         <load_address>0x69db</load_address>
         <run_address>0x69db</run_address>
         <size>0x673</size>
         <input_file_ref idref="fl-6"/>
      </object_component>
      <object_component id="oc-136">
         <name>.debug_info</name>
         <load_address>0x704e</load_address>
         <run_address>0x704e</run_address>
         <size>0x2c</size>
         <input_file_ref idref="fl-6"/>
      </object_component>
      <object_component id="oc-1a7">
         <name>.debug_info</name>
         <load_address>0x707a</load_address>
         <run_address>0x707a</run_address>
         <size>0x35</size>
         <input_file_ref idref="fl-6"/>
      </object_component>
      <object_component id="oc-1ac">
         <name>.debug_info</name>
         <load_address>0x70af</load_address>
         <run_address>0x70af</run_address>
         <size>0x437</size>
         <input_file_ref idref="fl-6"/>
      </object_component>
      <object_component id="oc-1b1">
         <name>.debug_info</name>
         <load_address>0x74e6</load_address>
         <run_address>0x74e6</run_address>
         <size>0x37b</size>
         <input_file_ref idref="fl-6"/>
      </object_component>
      <object_component id="oc-1b6">
         <name>.debug_info</name>
         <load_address>0x7861</load_address>
         <run_address>0x7861</run_address>
         <size>0x1ca</size>
         <input_file_ref idref="fl-6"/>
      </object_component>
      <object_component id="oc-10c">
         <name>.debug_info</name>
         <load_address>0x7a2b</load_address>
         <run_address>0x7a2b</run_address>
         <size>0x435</size>
         <input_file_ref idref="fl-6"/>
      </object_component>
      <object_component id="oc-1d8">
         <name>.debug_info</name>
         <load_address>0x7e60</load_address>
         <run_address>0x7e60</run_address>
         <size>0x551</size>
         <input_file_ref idref="fl-6"/>
      </object_component>
      <object_component id="oc-1bb">
         <name>.debug_info</name>
         <load_address>0x83b1</load_address>
         <run_address>0x83b1</run_address>
         <size>0x3d3</size>
         <input_file_ref idref="fl-6"/>
      </object_component>
      <object_component id="oc-1c0">
         <name>.debug_info</name>
         <load_address>0x8784</load_address>
         <run_address>0x8784</run_address>
         <size>0x1de</size>
         <input_file_ref idref="fl-6"/>
      </object_component>
      <object_component id="oc-1e4">
         <name>.debug_info</name>
         <load_address>0x8962</load_address>
         <run_address>0x8962</run_address>
         <size>0x243</size>
         <input_file_ref idref="fl-6"/>
      </object_component>
      <object_component id="oc-1f6">
         <name>.debug_info</name>
         <load_address>0x8ba5</load_address>
         <run_address>0x8ba5</run_address>
         <size>0x18e</size>
         <input_file_ref idref="fl-6"/>
      </object_component>
      <object_component id="oc-1c5">
         <name>.debug_info</name>
         <load_address>0x8d33</load_address>
         <run_address>0x8d33</run_address>
         <size>0x17a</size>
         <input_file_ref idref="fl-6"/>
      </object_component>
      <object_component id="oc-116">
         <name>.debug_info</name>
         <load_address>0x8ead</load_address>
         <run_address>0x8ead</run_address>
         <size>0x6a6</size>
         <input_file_ref idref="fl-6"/>
      </object_component>
      <object_component id="oc-11b">
         <name>.debug_info</name>
         <load_address>0x9553</load_address>
         <run_address>0x9553</run_address>
         <size>0x13e</size>
         <input_file_ref idref="fl-6"/>
      </object_component>
      <object_component id="oc-1cb">
         <name>.debug_info</name>
         <load_address>0x9691</load_address>
         <run_address>0x9691</run_address>
         <size>0x312</size>
         <input_file_ref idref="fl-7"/>
      </object_component>
      <object_component id="oc-ee">
         <name>.debug_info</name>
         <load_address>0x99a3</load_address>
         <run_address>0x99a3</run_address>
         <size>0x27b</size>
         <input_file_ref idref="fl-7"/>
      </object_component>
      <object_component id="oc-1ce">
         <name>.debug_info</name>
         <load_address>0x9c1e</load_address>
         <run_address>0x9c1e</run_address>
         <size>0x508</size>
         <input_file_ref idref="fl-7"/>
      </object_component>
      <object_component id="oc-226">
         <name>.debug_info</name>
         <load_address>0xa126</load_address>
         <run_address>0xa126</run_address>
         <size>0x43c</size>
         <input_file_ref idref="fl-7"/>
      </object_component>
      <object_component id="oc-12c">
         <name>.debug_info</name>
         <load_address>0xa562</load_address>
         <run_address>0xa562</run_address>
         <size>0x3ad</size>
         <input_file_ref idref="fl-8"/>
      </object_component>
      <object_component id="oc-99">
         <name>.debug_info</name>
         <load_address>0xa90f</load_address>
         <run_address>0xa90f</run_address>
         <size>0x17c</size>
         <input_file_ref idref="fl-8"/>
      </object_component>
      <object_component id="oc-176">
         <name>.debug_info</name>
         <load_address>0xaa8b</load_address>
         <run_address>0xaa8b</run_address>
         <size>0xccc</size>
         <input_file_ref idref="fl-8"/>
      </object_component>
      <object_component id="oc-2c">
         <name>.debug_info</name>
         <load_address>0xb757</load_address>
         <run_address>0xb757</run_address>
         <size>0x2b1</size>
         <input_file_ref idref="fl-8"/>
      </object_component>
      <object_component id="oc-1f1">
         <name>.debug_info</name>
         <load_address>0xba08</load_address>
         <run_address>0xba08</run_address>
         <size>0x91</size>
         <input_file_ref idref="fl-8"/>
      </object_component>
      <object_component id="oc-6e">
         <name>.debug_info</name>
         <load_address>0xba99</load_address>
         <run_address>0xba99</run_address>
         <size>0x886</size>
         <input_file_ref idref="fl-9"/>
      </object_component>
      <object_component id="oc-33">
         <name>.debug_info</name>
         <load_address>0xc31f</load_address>
         <run_address>0xc31f</run_address>
         <size>0x199</size>
         <input_file_ref idref="fl-b"/>
      </object_component>
      <object_component id="oc-188">
         <name>.debug_info</name>
         <load_address>0xc4b8</load_address>
         <run_address>0xc4b8</run_address>
         <size>0x638</size>
         <input_file_ref idref="fl-c"/>
      </object_component>
      <object_component id="oc-de">
         <name>.debug_info</name>
         <load_address>0xcaf0</load_address>
         <run_address>0xcaf0</run_address>
         <size>0x390</size>
         <input_file_ref idref="fl-c"/>
      </object_component>
      <object_component id="oc-22b">
         <name>.debug_info</name>
         <load_address>0xce80</load_address>
         <run_address>0xce80</run_address>
         <size>0x331</size>
         <input_file_ref idref="fl-e"/>
      </object_component>
      <object_component id="oc-25f">
         <name>.debug_info</name>
         <load_address>0xd1b1</load_address>
         <run_address>0xd1b1</run_address>
         <size>0x242</size>
         <input_file_ref idref="fl-e"/>
      </object_component>
      <object_component id="oc-1d3">
         <name>.debug_info</name>
         <load_address>0xd3f3</load_address>
         <run_address>0xd3f3</run_address>
         <size>0x2af</size>
         <input_file_ref idref="fl-e"/>
      </object_component>
      <object_component id="oc-38">
         <name>.debug_info</name>
         <load_address>0xd6a2</load_address>
         <run_address>0xd6a2</run_address>
         <size>0x1ce</size>
         <input_file_ref idref="fl-f"/>
      </object_component>
      <object_component id="oc-e7">
         <name>.debug_info</name>
         <load_address>0xd870</load_address>
         <run_address>0xd870</run_address>
         <size>0x3f8</size>
         <input_file_ref idref="fl-11"/>
      </object_component>
      <object_component id="oc-eb">
         <name>.debug_info</name>
         <load_address>0xdc68</load_address>
         <run_address>0xdc68</run_address>
         <size>0x707</size>
         <input_file_ref idref="fl-12"/>
      </object_component>
      <object_component id="oc-7d">
         <name>.debug_info</name>
         <load_address>0xe36f</load_address>
         <run_address>0xe36f</run_address>
         <size>0x2f20</size>
         <input_file_ref idref="fl-12"/>
      </object_component>
      <object_component id="oc-1d">
         <name>.debug_info</name>
         <load_address>0x1128f</load_address>
         <run_address>0x1128f</run_address>
         <size>0x3e2</size>
         <input_file_ref idref="fl-13"/>
      </object_component>
      <object_component id="oc-77">
         <name>.debug_info</name>
         <load_address>0x11671</load_address>
         <run_address>0x11671</run_address>
         <size>0x52f</size>
         <input_file_ref idref="fl-13"/>
      </object_component>
      <object_component id="oc-97">
         <name>.debug_info</name>
         <load_address>0x11ba0</load_address>
         <run_address>0x11ba0</run_address>
         <size>0x50f</size>
         <input_file_ref idref="fl-14"/>
      </object_component>
      <object_component id="oc-29">
         <name>.debug_info</name>
         <load_address>0x120af</load_address>
         <run_address>0x120af</run_address>
         <size>0x176</size>
         <input_file_ref idref="fl-14"/>
      </object_component>
      <object_component id="oc-44">
         <name>.debug_info</name>
         <load_address>0x12225</load_address>
         <run_address>0x12225</run_address>
         <size>0x508</size>
         <input_file_ref idref="fl-14"/>
      </object_component>
      <object_component id="oc-46">
         <name>.debug_info</name>
         <load_address>0x1272d</load_address>
         <run_address>0x1272d</run_address>
         <size>0x291</size>
         <input_file_ref idref="fl-14"/>
      </object_component>
      <object_component id="oc-125">
         <name>.debug_info</name>
         <load_address>0x129be</load_address>
         <run_address>0x129be</run_address>
         <size>0x4f</size>
         <input_file_ref idref="fl-14"/>
      </object_component>
      <object_component id="oc-f3">
         <name>.debug_info</name>
         <load_address>0x12a0d</load_address>
         <run_address>0x12a0d</run_address>
         <size>0x5b4</size>
         <input_file_ref idref="fl-15"/>
      </object_component>
      <object_component id="oc-83">
         <name>.debug_info</name>
         <load_address>0x12fc1</load_address>
         <run_address>0x12fc1</run_address>
         <size>0x86b</size>
         <input_file_ref idref="fl-15"/>
      </object_component>
      <object_component id="oc-24c">
         <name>.debug_info</name>
         <load_address>0x1382c</load_address>
         <run_address>0x1382c</run_address>
         <size>0x28f</size>
         <input_file_ref idref="fl-1a"/>
      </object_component>
      <object_component id="oc-20f">
         <name>.debug_info</name>
         <load_address>0x13abb</load_address>
         <run_address>0x13abb</run_address>
         <size>0x1a0</size>
         <input_file_ref idref="fl-1a"/>
      </object_component>
      <object_component id="oc-270">
         <name>.debug_info</name>
         <load_address>0x13c5b</load_address>
         <run_address>0x13c5b</run_address>
         <size>0x46</size>
         <input_file_ref idref="fl-1a"/>
      </object_component>
      <object_component id="oc-247">
         <name>.debug_info</name>
         <load_address>0x13ca1</load_address>
         <run_address>0x13ca1</run_address>
         <size>0x39</size>
         <input_file_ref idref="fl-1a"/>
      </object_component>
      <object_component id="oc-200">
         <name>.debug_info</name>
         <load_address>0x13cda</load_address>
         <run_address>0x13cda</run_address>
         <size>0x4b3</size>
         <input_file_ref idref="fl-1b"/>
      </object_component>
      <object_component id="oc-148">
         <name>.debug_info</name>
         <load_address>0x1418d</load_address>
         <run_address>0x1418d</run_address>
         <size>0x1a6</size>
         <input_file_ref idref="fl-1b"/>
      </object_component>
      <object_component id="oc-235">
         <name>.debug_info</name>
         <load_address>0x14333</load_address>
         <run_address>0x14333</run_address>
         <size>0x39</size>
         <input_file_ref idref="fl-1b"/>
      </object_component>
      <object_component id="oc-264">
         <name>.debug_info</name>
         <load_address>0x1436c</load_address>
         <run_address>0x1436c</run_address>
         <size>0x39</size>
         <input_file_ref idref="fl-1b"/>
      </object_component>
      <object_component id="oc-23a">
         <name>.debug_info</name>
         <load_address>0x143a5</load_address>
         <run_address>0x143a5</run_address>
         <size>0x39</size>
         <input_file_ref idref="fl-1b"/>
      </object_component>
      <object_component id="oc-23f">
         <name>.debug_info</name>
         <load_address>0x143de</load_address>
         <run_address>0x143de</run_address>
         <size>0xcd</size>
         <input_file_ref idref="fl-1b"/>
      </object_component>
      <object_component id="oc-c8">
         <name>.debug_info</name>
         <load_address>0x144ab</load_address>
         <run_address>0x144ab</run_address>
         <size>0x2d4</size>
         <input_file_ref idref="fl-1d"/>
      </object_component>
      <object_component id="oc-60">
         <name>.debug_info</name>
         <load_address>0x1477f</load_address>
         <run_address>0x1477f</run_address>
         <size>0x1d2</size>
         <input_file_ref idref="fl-1d"/>
      </object_component>
      <object_component id="oc-c3">
         <name>.debug_info</name>
         <load_address>0x14951</load_address>
         <run_address>0x14951</run_address>
         <size>0x46</size>
         <input_file_ref idref="fl-1d"/>
      </object_component>
      <object_component id="oc-18c">
         <name>.debug_info</name>
         <load_address>0x14997</load_address>
         <run_address>0x14997</run_address>
         <size>0x122</size>
         <input_file_ref idref="fl-20"/>
      </object_component>
      <object_component id="oc-216">
         <name>.debug_info</name>
         <load_address>0x14ab9</load_address>
         <run_address>0x14ab9</run_address>
         <size>0x28f</size>
         <input_file_ref idref="fl-22"/>
      </object_component>
      <object_component id="oc-17d">
         <name>.debug_info</name>
         <load_address>0x14d48</load_address>
         <run_address>0x14d48</run_address>
         <size>0x245</size>
         <input_file_ref idref="fl-22"/>
      </object_component>
      <object_component id="oc-2a2">
         <name>.debug_info</name>
         <load_address>0x14f8d</load_address>
         <run_address>0x14f8d</run_address>
         <size>0x138</size>
      </object_component>
      <object_component id="oc-a0">
         <name>.debug_line</name>
         <load_address>0x0</load_address>
         <run_address>0x0</run_address>
         <size>0x78</size>
         <input_file_ref idref="fl-2"/>
      </object_component>
      <object_component id="oc-1fe">
         <name>.debug_line</name>
         <load_address>0x78</load_address>
         <run_address>0x78</run_address>
         <size>0x20</size>
         <input_file_ref idref="fl-3"/>
      </object_component>
      <object_component id="oc-73">
         <name>.debug_line</name>
         <load_address>0x98</load_address>
         <run_address>0x98</run_address>
         <size>0x1ea</size>
         <input_file_ref idref="fl-3"/>
      </object_component>
      <object_component id="oc-51">
         <name>.debug_line</name>
         <load_address>0x282</load_address>
         <run_address>0x282</run_address>
         <size>0x20</size>
         <input_file_ref idref="fl-3"/>
      </object_component>
      <object_component id="oc-d4">
         <name>.debug_line</name>
         <load_address>0x2a2</load_address>
         <run_address>0x2a2</run_address>
         <size>0x108</size>
         <input_file_ref idref="fl-3"/>
      </object_component>
      <object_component id="oc-1fc">
         <name>.debug_line</name>
         <load_address>0x3aa</load_address>
         <run_address>0x3aa</run_address>
         <size>0xf5</size>
         <input_file_ref idref="fl-4"/>
      </object_component>
      <object_component id="oc-db">
         <name>.debug_line</name>
         <load_address>0x49f</load_address>
         <run_address>0x49f</run_address>
         <size>0x26b</size>
         <input_file_ref idref="fl-4"/>
      </object_component>
      <object_component id="oc-24">
         <name>.debug_line</name>
         <load_address>0x70a</load_address>
         <run_address>0x70a</run_address>
         <size>0x63</size>
         <input_file_ref idref="fl-4"/>
      </object_component>
      <object_component id="oc-105">
         <name>.debug_line</name>
         <load_address>0x76d</load_address>
         <run_address>0x76d</run_address>
         <size>0x6f</size>
         <input_file_ref idref="fl-4"/>
      </object_component>
      <object_component id="oc-93">
         <name>.debug_line</name>
         <load_address>0x7dc</load_address>
         <run_address>0x7dc</run_address>
         <size>0xfe</size>
         <input_file_ref idref="fl-4"/>
      </object_component>
      <object_component id="oc-ac">
         <name>.debug_line</name>
         <load_address>0x8da</load_address>
         <run_address>0x8da</run_address>
         <size>0x20</size>
         <input_file_ref idref="fl-4"/>
      </object_component>
      <object_component id="oc-a7">
         <name>.debug_line</name>
         <load_address>0x8fa</load_address>
         <run_address>0x8fa</run_address>
         <size>0xf9</size>
         <input_file_ref idref="fl-4"/>
      </object_component>
      <object_component id="oc-1ec">
         <name>.debug_line</name>
         <load_address>0x9f3</load_address>
         <run_address>0x9f3</run_address>
         <size>0x73</size>
         <input_file_ref idref="fl-4"/>
      </object_component>
      <object_component id="oc-fe">
         <name>.debug_line</name>
         <load_address>0xa66</load_address>
         <run_address>0xa66</run_address>
         <size>0x70</size>
         <input_file_ref idref="fl-4"/>
      </object_component>
      <object_component id="oc-b1">
         <name>.debug_line</name>
         <load_address>0xad6</load_address>
         <run_address>0xad6</run_address>
         <size>0xfc</size>
         <input_file_ref idref="fl-4"/>
      </object_component>
      <object_component id="oc-10a">
         <name>.debug_line</name>
         <load_address>0xbd2</load_address>
         <run_address>0xbd2</run_address>
         <size>0xf9</size>
         <input_file_ref idref="fl-4"/>
      </object_component>
      <object_component id="oc-143">
         <name>.debug_line</name>
         <load_address>0xccb</load_address>
         <run_address>0xccb</run_address>
         <size>0xf5</size>
         <input_file_ref idref="fl-4"/>
      </object_component>
      <object_component id="oc-123">
         <name>.debug_line</name>
         <load_address>0xdc0</load_address>
         <run_address>0xdc0</run_address>
         <size>0xf9</size>
         <input_file_ref idref="fl-4"/>
      </object_component>
      <object_component id="oc-22d">
         <name>.debug_line</name>
         <load_address>0xeb9</load_address>
         <run_address>0xeb9</run_address>
         <size>0x20</size>
         <input_file_ref idref="fl-5"/>
      </object_component>
      <object_component id="oc-183">
         <name>.debug_line</name>
         <load_address>0xed9</load_address>
         <run_address>0xed9</run_address>
         <size>0x17b</size>
         <input_file_ref idref="fl-5"/>
      </object_component>
      <object_component id="oc-114">
         <name>.debug_line</name>
         <load_address>0x1054</load_address>
         <run_address>0x1054</run_address>
         <size>0xf9</size>
         <input_file_ref idref="fl-5"/>
      </object_component>
      <object_component id="oc-231">
         <name>.debug_line</name>
         <load_address>0x114d</load_address>
         <run_address>0x114d</run_address>
         <size>0xf5</size>
         <input_file_ref idref="fl-5"/>
      </object_component>
      <object_component id="oc-1de">
         <name>.debug_line</name>
         <load_address>0x1242</load_address>
         <run_address>0x1242</run_address>
         <size>0x20</size>
         <input_file_ref idref="fl-6"/>
      </object_component>
      <object_component id="oc-8d">
         <name>.debug_line</name>
         <load_address>0x1262</load_address>
         <run_address>0x1262</run_address>
         <size>0xd2</size>
         <input_file_ref idref="fl-6"/>
      </object_component>
      <object_component id="oc-19b">
         <name>.debug_line</name>
         <load_address>0x1334</load_address>
         <run_address>0x1334</run_address>
         <size>0xf9</size>
         <input_file_ref idref="fl-6"/>
      </object_component>
      <object_component id="oc-1a0">
         <name>.debug_line</name>
         <load_address>0x142d</load_address>
         <run_address>0x142d</run_address>
         <size>0xfc</size>
         <input_file_ref idref="fl-6"/>
      </object_component>
      <object_component id="oc-1a5">
         <name>.debug_line</name>
         <load_address>0x1529</load_address>
         <run_address>0x1529</run_address>
         <size>0xf9</size>
         <input_file_ref idref="fl-6"/>
      </object_component>
      <object_component id="oc-1e2">
         <name>.debug_line</name>
         <load_address>0x1622</load_address>
         <run_address>0x1622</run_address>
         <size>0xf9</size>
         <input_file_ref idref="fl-6"/>
      </object_component>
      <object_component id="oc-f9">
         <name>.debug_line</name>
         <load_address>0x171b</load_address>
         <run_address>0x171b</run_address>
         <size>0xf9</size>
         <input_file_ref idref="fl-6"/>
      </object_component>
      <object_component id="oc-139">
         <name>.debug_line</name>
         <load_address>0x1814</load_address>
         <run_address>0x1814</run_address>
         <size>0x6b</size>
         <input_file_ref idref="fl-6"/>
      </object_component>
      <object_component id="oc-1aa">
         <name>.debug_line</name>
         <load_address>0x187f</load_address>
         <run_address>0x187f</run_address>
         <size>0x74</size>
         <input_file_ref idref="fl-6"/>
      </object_component>
      <object_component id="oc-1af">
         <name>.debug_line</name>
         <load_address>0x18f3</load_address>
         <run_address>0x18f3</run_address>
         <size>0xf9</size>
         <input_file_ref idref="fl-6"/>
      </object_component>
      <object_component id="oc-1b4">
         <name>.debug_line</name>
         <load_address>0x19ec</load_address>
         <run_address>0x19ec</run_address>
         <size>0xfe</size>
         <input_file_ref idref="fl-6"/>
      </object_component>
      <object_component id="oc-1b9">
         <name>.debug_line</name>
         <load_address>0x1aea</load_address>
         <run_address>0x1aea</run_address>
         <size>0xf9</size>
         <input_file_ref idref="fl-6"/>
      </object_component>
      <object_component id="oc-10f">
         <name>.debug_line</name>
         <load_address>0x1be3</load_address>
         <run_address>0x1be3</run_address>
         <size>0xfb</size>
         <input_file_ref idref="fl-6"/>
      </object_component>
      <object_component id="oc-1db">
         <name>.debug_line</name>
         <load_address>0x1cde</load_address>
         <run_address>0x1cde</run_address>
         <size>0xf8</size>
         <input_file_ref idref="fl-6"/>
      </object_component>
      <object_component id="oc-1be">
         <name>.debug_line</name>
         <load_address>0x1dd6</load_address>
         <run_address>0x1dd6</run_address>
         <size>0xf9</size>
         <input_file_ref idref="fl-6"/>
      </object_component>
      <object_component id="oc-1c3">
         <name>.debug_line</name>
         <load_address>0x1ecf</load_address>
         <run_address>0x1ecf</run_address>
         <size>0xfb</size>
         <input_file_ref idref="fl-6"/>
      </object_component>
      <object_component id="oc-1e7">
         <name>.debug_line</name>
         <load_address>0x1fca</load_address>
         <run_address>0x1fca</run_address>
         <size>0xf9</size>
         <input_file_ref idref="fl-6"/>
      </object_component>
      <object_component id="oc-1f9">
         <name>.debug_line</name>
         <load_address>0x20c3</load_address>
         <run_address>0x20c3</run_address>
         <size>0xf5</size>
         <input_file_ref idref="fl-6"/>
      </object_component>
      <object_component id="oc-1c8">
         <name>.debug_line</name>
         <load_address>0x21b8</load_address>
         <run_address>0x21b8</run_address>
         <size>0xf9</size>
         <input_file_ref idref="fl-6"/>
      </object_component>
      <object_component id="oc-119">
         <name>.debug_line</name>
         <load_address>0x22b1</load_address>
         <run_address>0x22b1</run_address>
         <size>0xfc</size>
         <input_file_ref idref="fl-6"/>
      </object_component>
      <object_component id="oc-11e">
         <name>.debug_line</name>
         <load_address>0x23ad</load_address>
         <run_address>0x23ad</run_address>
         <size>0xfb</size>
         <input_file_ref idref="fl-6"/>
      </object_component>
      <object_component id="oc-225">
         <name>.debug_line</name>
         <load_address>0x24a8</load_address>
         <run_address>0x24a8</run_address>
         <size>0x20</size>
         <input_file_ref idref="fl-7"/>
      </object_component>
      <object_component id="oc-f1">
         <name>.debug_line</name>
         <load_address>0x24c8</load_address>
         <run_address>0x24c8</run_address>
         <size>0xd6</size>
         <input_file_ref idref="fl-7"/>
      </object_component>
      <object_component id="oc-1d1">
         <name>.debug_line</name>
         <load_address>0x259e</load_address>
         <run_address>0x259e</run_address>
         <size>0xfc</size>
         <input_file_ref idref="fl-7"/>
      </object_component>
      <object_component id="oc-229">
         <name>.debug_line</name>
         <load_address>0x269a</load_address>
         <run_address>0x269a</run_address>
         <size>0xf8</size>
         <input_file_ref idref="fl-7"/>
      </object_component>
      <object_component id="oc-1f0">
         <name>.debug_line</name>
         <load_address>0x2792</load_address>
         <run_address>0x2792</run_address>
         <size>0x13e</size>
         <input_file_ref idref="fl-8"/>
      </object_component>
      <object_component id="oc-12b">
         <name>.debug_line</name>
         <load_address>0x28d0</load_address>
         <run_address>0x28d0</run_address>
         <size>0x33</size>
         <input_file_ref idref="fl-8"/>
      </object_component>
      <object_component id="oc-17a">
         <name>.debug_line</name>
         <load_address>0x2903</load_address>
         <run_address>0x2903</run_address>
         <size>0x2ae</size>
         <input_file_ref idref="fl-8"/>
      </object_component>
      <object_component id="oc-30">
         <name>.debug_line</name>
         <load_address>0x2bb1</load_address>
         <run_address>0x2bb1</run_address>
         <size>0x8c</size>
         <input_file_ref idref="fl-8"/>
      </object_component>
      <object_component id="oc-1f4">
         <name>.debug_line</name>
         <load_address>0x2c3d</load_address>
         <run_address>0x2c3d</run_address>
         <size>0x33</size>
         <input_file_ref idref="fl-8"/>
      </object_component>
      <object_component id="oc-6c">
         <name>.debug_line</name>
         <load_address>0x2c70</load_address>
         <run_address>0x2c70</run_address>
         <size>0x2e4</size>
         <input_file_ref idref="fl-9"/>
      </object_component>
      <object_component id="oc-32">
         <name>.debug_line</name>
         <load_address>0x2f54</load_address>
         <run_address>0x2f54</run_address>
         <size>0x4f</size>
         <input_file_ref idref="fl-b"/>
      </object_component>
      <object_component id="oc-219">
         <name>.debug_line</name>
         <load_address>0x2fa3</load_address>
         <run_address>0x2fa3</run_address>
         <size>0x215</size>
         <input_file_ref idref="fl-c"/>
      </object_component>
      <object_component id="oc-e1">
         <name>.debug_line</name>
         <load_address>0x31b8</load_address>
         <run_address>0x31b8</run_address>
         <size>0xa9</size>
         <input_file_ref idref="fl-c"/>
      </object_component>
      <object_component id="oc-25e">
         <name>.debug_line</name>
         <load_address>0x3261</load_address>
         <run_address>0x3261</run_address>
         <size>0x20</size>
         <input_file_ref idref="fl-e"/>
      </object_component>
      <object_component id="oc-262">
         <name>.debug_line</name>
         <load_address>0x3281</load_address>
         <run_address>0x3281</run_address>
         <size>0xf9</size>
         <input_file_ref idref="fl-e"/>
      </object_component>
      <object_component id="oc-1d6">
         <name>.debug_line</name>
         <load_address>0x337a</load_address>
         <run_address>0x337a</run_address>
         <size>0xf9</size>
         <input_file_ref idref="fl-e"/>
      </object_component>
      <object_component id="oc-3a">
         <name>.debug_line</name>
         <load_address>0x3473</load_address>
         <run_address>0x3473</run_address>
         <size>0x4b</size>
         <input_file_ref idref="fl-f"/>
      </object_component>
      <object_component id="oc-e6">
         <name>.debug_line</name>
         <load_address>0x34be</load_address>
         <run_address>0x34be</run_address>
         <size>0x125</size>
         <input_file_ref idref="fl-11"/>
      </object_component>
      <object_component id="oc-197">
         <name>.debug_line</name>
         <load_address>0x35e3</load_address>
         <run_address>0x35e3</run_address>
         <size>0x2b1</size>
         <input_file_ref idref="fl-12"/>
      </object_component>
      <object_component id="oc-80">
         <name>.debug_line</name>
         <load_address>0x3894</load_address>
         <run_address>0x3894</run_address>
         <size>0xc46</size>
         <input_file_ref idref="fl-12"/>
      </object_component>
      <object_component id="oc-20">
         <name>.debug_line</name>
         <load_address>0x44da</load_address>
         <run_address>0x44da</run_address>
         <size>0xb4</size>
         <input_file_ref idref="fl-13"/>
      </object_component>
      <object_component id="oc-7a">
         <name>.debug_line</name>
         <load_address>0x458e</load_address>
         <run_address>0x458e</run_address>
         <size>0xbb</size>
         <input_file_ref idref="fl-13"/>
      </object_component>
      <object_component id="oc-101">
         <name>.debug_line</name>
         <load_address>0x4649</load_address>
         <run_address>0x4649</run_address>
         <size>0x1ce</size>
         <input_file_ref idref="fl-14"/>
      </object_component>
      <object_component id="oc-96">
         <name>.debug_line</name>
         <load_address>0x4817</load_address>
         <run_address>0x4817</run_address>
         <size>0x37</size>
         <input_file_ref idref="fl-14"/>
      </object_component>
      <object_component id="oc-43">
         <name>.debug_line</name>
         <load_address>0x484e</load_address>
         <run_address>0x484e</run_address>
         <size>0x19c</size>
         <input_file_ref idref="fl-14"/>
      </object_component>
      <object_component id="oc-3f">
         <name>.debug_line</name>
         <load_address>0x49ea</load_address>
         <run_address>0x49ea</run_address>
         <size>0x96</size>
         <input_file_ref idref="fl-14"/>
      </object_component>
      <object_component id="oc-128">
         <name>.debug_line</name>
         <load_address>0x4a80</load_address>
         <run_address>0x4a80</run_address>
         <size>0x37</size>
         <input_file_ref idref="fl-14"/>
      </object_component>
      <object_component id="oc-1cd">
         <name>.debug_line</name>
         <load_address>0x4ab7</load_address>
         <run_address>0x4ab7</run_address>
         <size>0x2b0</size>
         <input_file_ref idref="fl-15"/>
      </object_component>
      <object_component id="oc-87">
         <name>.debug_line</name>
         <load_address>0x4d67</load_address>
         <run_address>0x4d67</run_address>
         <size>0x231</size>
         <input_file_ref idref="fl-15"/>
      </object_component>
      <object_component id="oc-276">
         <name>.debug_line</name>
         <load_address>0x4f98</load_address>
         <run_address>0x4f98</run_address>
         <size>0x20</size>
         <input_file_ref idref="fl-1a"/>
      </object_component>
      <object_component id="oc-212">
         <name>.debug_line</name>
         <load_address>0x4fb8</load_address>
         <run_address>0x4fb8</run_address>
         <size>0xc3</size>
         <input_file_ref idref="fl-1a"/>
      </object_component>
      <object_component id="oc-273">
         <name>.debug_line</name>
         <load_address>0x507b</load_address>
         <run_address>0x507b</run_address>
         <size>0x9a</size>
         <input_file_ref idref="fl-1a"/>
      </object_component>
      <object_component id="oc-24a">
         <name>.debug_line</name>
         <load_address>0x5115</load_address>
         <run_address>0x5115</run_address>
         <size>0x97</size>
         <input_file_ref idref="fl-1a"/>
      </object_component>
      <object_component id="oc-234">
         <name>.debug_line</name>
         <load_address>0x51ac</load_address>
         <run_address>0x51ac</run_address>
         <size>0xbf</size>
         <input_file_ref idref="fl-1b"/>
      </object_component>
      <object_component id="oc-147">
         <name>.debug_line</name>
         <load_address>0x526b</load_address>
         <run_address>0x526b</run_address>
         <size>0x75</size>
         <input_file_ref idref="fl-1b"/>
      </object_component>
      <object_component id="oc-238">
         <name>.debug_line</name>
         <load_address>0x52e0</load_address>
         <run_address>0x52e0</run_address>
         <size>0x2e</size>
         <input_file_ref idref="fl-1b"/>
      </object_component>
      <object_component id="oc-267">
         <name>.debug_line</name>
         <load_address>0x530e</load_address>
         <run_address>0x530e</run_address>
         <size>0x9a</size>
         <input_file_ref idref="fl-1b"/>
      </object_component>
      <object_component id="oc-23d">
         <name>.debug_line</name>
         <load_address>0x53a8</load_address>
         <run_address>0x53a8</run_address>
         <size>0x97</size>
         <input_file_ref idref="fl-1b"/>
      </object_component>
      <object_component id="oc-242">
         <name>.debug_line</name>
         <load_address>0x543f</load_address>
         <run_address>0x543f</run_address>
         <size>0x93</size>
         <input_file_ref idref="fl-1b"/>
      </object_component>
      <object_component id="oc-13c">
         <name>.debug_line</name>
         <load_address>0x54d2</load_address>
         <run_address>0x54d2</run_address>
         <size>0x92</size>
         <input_file_ref idref="fl-1d"/>
      </object_component>
      <object_component id="oc-63">
         <name>.debug_line</name>
         <load_address>0x5564</load_address>
         <run_address>0x5564</run_address>
         <size>0x4c</size>
         <input_file_ref idref="fl-1d"/>
      </object_component>
      <object_component id="oc-c6">
         <name>.debug_line</name>
         <load_address>0x55b0</load_address>
         <run_address>0x55b0</run_address>
         <size>0x34</size>
         <input_file_ref idref="fl-1d"/>
      </object_component>
      <object_component id="oc-18b">
         <name>.debug_line</name>
         <load_address>0x55e4</load_address>
         <run_address>0x55e4</run_address>
         <size>0x3c</size>
         <input_file_ref idref="fl-20"/>
      </object_component>
      <object_component id="oc-24e">
         <name>.debug_line</name>
         <load_address>0x5620</load_address>
         <run_address>0x5620</run_address>
         <size>0x20</size>
         <input_file_ref idref="fl-22"/>
      </object_component>
      <object_component id="oc-180">
         <name>.debug_line</name>
         <load_address>0x5640</load_address>
         <run_address>0x5640</run_address>
         <size>0xae</size>
         <input_file_ref idref="fl-22"/>
      </object_component>
      <object_component id="oc-12d">
         <name>.debug_abbrev</name>
         <load_address>0x0</load_address>
         <run_address>0x0</run_address>
         <size>0x36</size>
         <input_file_ref idref="fl-2"/>
      </object_component>
      <object_component id="oc-1fd">
         <name>.debug_abbrev</name>
         <load_address>0x36</load_address>
         <run_address>0x36</run_address>
         <size>0x39</size>
         <input_file_ref idref="fl-3"/>
      </object_component>
      <object_component id="oc-d0">
         <name>.debug_abbrev</name>
         <load_address>0x6f</load_address>
         <run_address>0x6f</run_address>
         <size>0xd8</size>
         <input_file_ref idref="fl-3"/>
      </object_component>
      <object_component id="oc-50">
         <name>.debug_abbrev</name>
         <load_address>0x147</load_address>
         <run_address>0x147</run_address>
         <size>0x1f</size>
         <input_file_ref idref="fl-3"/>
      </object_component>
      <object_component id="oc-d3">
         <name>.debug_abbrev</name>
         <load_address>0x166</load_address>
         <run_address>0x166</run_address>
         <size>0xa3</size>
         <input_file_ref idref="fl-3"/>
      </object_component>
      <object_component id="oc-1fb">
         <name>.debug_abbrev</name>
         <load_address>0x209</load_address>
         <run_address>0x209</run_address>
         <size>0x6f</size>
         <input_file_ref idref="fl-4"/>
      </object_component>
      <object_component id="oc-13f">
         <name>.debug_abbrev</name>
         <load_address>0x278</load_address>
         <run_address>0x278</run_address>
         <size>0xc8</size>
         <input_file_ref idref="fl-4"/>
      </object_component>
      <object_component id="oc-8f">
         <name>.debug_abbrev</name>
         <load_address>0x340</load_address>
         <run_address>0x340</run_address>
         <size>0x6f</size>
         <input_file_ref idref="fl-4"/>
      </object_component>
      <object_component id="oc-104">
         <name>.debug_abbrev</name>
         <load_address>0x3af</load_address>
         <run_address>0x3af</run_address>
         <size>0x69</size>
         <input_file_ref idref="fl-4"/>
      </object_component>
      <object_component id="oc-92">
         <name>.debug_abbrev</name>
         <load_address>0x418</load_address>
         <run_address>0x418</run_address>
         <size>0x5a</size>
         <input_file_ref idref="fl-4"/>
      </object_component>
      <object_component id="oc-ab">
         <name>.debug_abbrev</name>
         <load_address>0x472</load_address>
         <run_address>0x472</run_address>
         <size>0x1f</size>
         <input_file_ref idref="fl-4"/>
      </object_component>
      <object_component id="oc-a6">
         <name>.debug_abbrev</name>
         <load_address>0x491</load_address>
         <run_address>0x491</run_address>
         <size>0x7c</size>
         <input_file_ref idref="fl-4"/>
      </object_component>
      <object_component id="oc-1eb">
         <name>.debug_abbrev</name>
         <load_address>0x50d</load_address>
         <run_address>0x50d</run_address>
         <size>0x5c</size>
         <input_file_ref idref="fl-4"/>
      </object_component>
      <object_component id="oc-fd">
         <name>.debug_abbrev</name>
         <load_address>0x569</load_address>
         <run_address>0x569</run_address>
         <size>0x24</size>
         <input_file_ref idref="fl-4"/>
      </object_component>
      <object_component id="oc-b0">
         <name>.debug_abbrev</name>
         <load_address>0x58d</load_address>
         <run_address>0x58d</run_address>
         <size>0x55</size>
         <input_file_ref idref="fl-4"/>
      </object_component>
      <object_component id="oc-109">
         <name>.debug_abbrev</name>
         <load_address>0x5e2</load_address>
         <run_address>0x5e2</run_address>
         <size>0x4b</size>
         <input_file_ref idref="fl-4"/>
      </object_component>
      <object_component id="oc-142">
         <name>.debug_abbrev</name>
         <load_address>0x62d</load_address>
         <run_address>0x62d</run_address>
         <size>0x6b</size>
         <input_file_ref idref="fl-4"/>
      </object_component>
      <object_component id="oc-122">
         <name>.debug_abbrev</name>
         <load_address>0x698</load_address>
         <run_address>0x698</run_address>
         <size>0x4b</size>
         <input_file_ref idref="fl-4"/>
      </object_component>
      <object_component id="oc-22c">
         <name>.debug_abbrev</name>
         <load_address>0x6e3</load_address>
         <run_address>0x6e3</run_address>
         <size>0x52</size>
         <input_file_ref idref="fl-5"/>
      </object_component>
      <object_component id="oc-217">
         <name>.debug_abbrev</name>
         <load_address>0x735</load_address>
         <run_address>0x735</run_address>
         <size>0xc8</size>
         <input_file_ref idref="fl-5"/>
      </object_component>
      <object_component id="oc-113">
         <name>.debug_abbrev</name>
         <load_address>0x7fd</load_address>
         <run_address>0x7fd</run_address>
         <size>0x4b</size>
         <input_file_ref idref="fl-5"/>
      </object_component>
      <object_component id="oc-230">
         <name>.debug_abbrev</name>
         <load_address>0x848</load_address>
         <run_address>0x848</run_address>
         <size>0x4b</size>
         <input_file_ref idref="fl-5"/>
      </object_component>
      <object_component id="oc-1dd">
         <name>.debug_abbrev</name>
         <load_address>0x893</load_address>
         <run_address>0x893</run_address>
         <size>0x5f</size>
         <input_file_ref idref="fl-6"/>
      </object_component>
      <object_component id="oc-f4">
         <name>.debug_abbrev</name>
         <load_address>0x8f2</load_address>
         <run_address>0x8f2</run_address>
         <size>0x6c</size>
         <input_file_ref idref="fl-6"/>
      </object_component>
      <object_component id="oc-19a">
         <name>.debug_abbrev</name>
         <load_address>0x95e</load_address>
         <run_address>0x95e</run_address>
         <size>0x7c</size>
         <input_file_ref idref="fl-6"/>
      </object_component>
      <object_component id="oc-19f">
         <name>.debug_abbrev</name>
         <load_address>0x9da</load_address>
         <run_address>0x9da</run_address>
         <size>0x5a</size>
         <input_file_ref idref="fl-6"/>
      </object_component>
      <object_component id="oc-1a4">
         <name>.debug_abbrev</name>
         <load_address>0xa34</load_address>
         <run_address>0xa34</run_address>
         <size>0x7f</size>
         <input_file_ref idref="fl-6"/>
      </object_component>
      <object_component id="oc-1e1">
         <name>.debug_abbrev</name>
         <load_address>0xab3</load_address>
         <run_address>0xab3</run_address>
         <size>0x5a</size>
         <input_file_ref idref="fl-6"/>
      </object_component>
      <object_component id="oc-f8">
         <name>.debug_abbrev</name>
         <load_address>0xb0d</load_address>
         <run_address>0xb0d</run_address>
         <size>0xe8</size>
         <input_file_ref idref="fl-6"/>
      </object_component>
      <object_component id="oc-138">
         <name>.debug_abbrev</name>
         <load_address>0xbf5</load_address>
         <run_address>0xbf5</run_address>
         <size>0x24</size>
         <input_file_ref idref="fl-6"/>
      </object_component>
      <object_component id="oc-1a9">
         <name>.debug_abbrev</name>
         <load_address>0xc19</load_address>
         <run_address>0xc19</run_address>
         <size>0x33</size>
         <input_file_ref idref="fl-6"/>
      </object_component>
      <object_component id="oc-1ae">
         <name>.debug_abbrev</name>
         <load_address>0xc4c</load_address>
         <run_address>0xc4c</run_address>
         <size>0x4b</size>
         <input_file_ref idref="fl-6"/>
      </object_component>
      <object_component id="oc-1b3">
         <name>.debug_abbrev</name>
         <load_address>0xc97</load_address>
         <run_address>0xc97</run_address>
         <size>0xc1</size>
         <input_file_ref idref="fl-6"/>
      </object_component>
      <object_component id="oc-1b8">
         <name>.debug_abbrev</name>
         <load_address>0xd58</load_address>
         <run_address>0xd58</run_address>
         <size>0x4b</size>
         <input_file_ref idref="fl-6"/>
      </object_component>
      <object_component id="oc-10e">
         <name>.debug_abbrev</name>
         <load_address>0xda3</load_address>
         <run_address>0xda3</run_address>
         <size>0x4b</size>
         <input_file_ref idref="fl-6"/>
      </object_component>
      <object_component id="oc-1da">
         <name>.debug_abbrev</name>
         <load_address>0xdee</load_address>
         <run_address>0xdee</run_address>
         <size>0xb2</size>
         <input_file_ref idref="fl-6"/>
      </object_component>
      <object_component id="oc-1bd">
         <name>.debug_abbrev</name>
         <load_address>0xea0</load_address>
         <run_address>0xea0</run_address>
         <size>0x5c</size>
         <input_file_ref idref="fl-6"/>
      </object_component>
      <object_component id="oc-1c2">
         <name>.debug_abbrev</name>
         <load_address>0xefc</load_address>
         <run_address>0xefc</run_address>
         <size>0x4b</size>
         <input_file_ref idref="fl-6"/>
      </object_component>
      <object_component id="oc-1e6">
         <name>.debug_abbrev</name>
         <load_address>0xf47</load_address>
         <run_address>0xf47</run_address>
         <size>0x4b</size>
         <input_file_ref idref="fl-6"/>
      </object_component>
      <object_component id="oc-1f8">
         <name>.debug_abbrev</name>
         <load_address>0xf92</load_address>
         <run_address>0xf92</run_address>
         <size>0x89</size>
         <input_file_ref idref="fl-6"/>
      </object_component>
      <object_component id="oc-1c7">
         <name>.debug_abbrev</name>
         <load_address>0x101b</load_address>
         <run_address>0x101b</run_address>
         <size>0x4b</size>
         <input_file_ref idref="fl-6"/>
      </object_component>
      <object_component id="oc-118">
         <name>.debug_abbrev</name>
         <load_address>0x1066</load_address>
         <run_address>0x1066</run_address>
         <size>0x5c</size>
         <input_file_ref idref="fl-6"/>
      </object_component>
      <object_component id="oc-11d">
         <name>.debug_abbrev</name>
         <load_address>0x10c2</load_address>
         <run_address>0x10c2</run_address>
         <size>0x4b</size>
         <input_file_ref idref="fl-6"/>
      </object_component>
      <object_component id="oc-224">
         <name>.debug_abbrev</name>
         <load_address>0x110d</load_address>
         <run_address>0x110d</run_address>
         <size>0x2e</size>
         <input_file_ref idref="fl-7"/>
      </object_component>
      <object_component id="oc-1ca">
         <name>.debug_abbrev</name>
         <load_address>0x113b</load_address>
         <run_address>0x113b</run_address>
         <size>0x99</size>
         <input_file_ref idref="fl-7"/>
      </object_component>
      <object_component id="oc-1d0">
         <name>.debug_abbrev</name>
         <load_address>0x11d4</load_address>
         <run_address>0x11d4</run_address>
         <size>0x4b</size>
         <input_file_ref idref="fl-7"/>
      </object_component>
      <object_component id="oc-228">
         <name>.debug_abbrev</name>
         <load_address>0x121f</load_address>
         <run_address>0x121f</run_address>
         <size>0x4b</size>
         <input_file_ref idref="fl-7"/>
      </object_component>
      <object_component id="oc-1ef">
         <name>.debug_abbrev</name>
         <load_address>0x126a</load_address>
         <run_address>0x126a</run_address>
         <size>0x9b</size>
         <input_file_ref idref="fl-8"/>
      </object_component>
      <object_component id="oc-12a">
         <name>.debug_abbrev</name>
         <load_address>0x1305</load_address>
         <run_address>0x1305</run_address>
         <size>0x27</size>
         <input_file_ref idref="fl-8"/>
      </object_component>
      <object_component id="oc-214">
         <name>.debug_abbrev</name>
         <load_address>0x132c</load_address>
         <run_address>0x132c</run_address>
         <size>0x13d</size>
         <input_file_ref idref="fl-8"/>
      </object_component>
      <object_component id="oc-9b">
         <name>.debug_abbrev</name>
         <load_address>0x1469</load_address>
         <run_address>0x1469</run_address>
         <size>0x7a</size>
         <input_file_ref idref="fl-8"/>
      </object_component>
      <object_component id="oc-1f3">
         <name>.debug_abbrev</name>
         <load_address>0x14e3</load_address>
         <run_address>0x14e3</run_address>
         <size>0x3a</size>
         <input_file_ref idref="fl-8"/>
      </object_component>
      <object_component id="oc-cf">
         <name>.debug_abbrev</name>
         <load_address>0x151d</load_address>
         <run_address>0x151d</run_address>
         <size>0x44</size>
         <input_file_ref idref="fl-9"/>
      </object_component>
      <object_component id="oc-a1">
         <name>.debug_abbrev</name>
         <load_address>0x1561</load_address>
         <run_address>0x1561</run_address>
         <size>0x38</size>
         <input_file_ref idref="fl-b"/>
      </object_component>
      <object_component id="oc-218">
         <name>.debug_abbrev</name>
         <load_address>0x1599</load_address>
         <run_address>0x1599</run_address>
         <size>0xb6</size>
         <input_file_ref idref="fl-c"/>
      </object_component>
      <object_component id="oc-187">
         <name>.debug_abbrev</name>
         <load_address>0x164f</load_address>
         <run_address>0x164f</run_address>
         <size>0x7a</size>
         <input_file_ref idref="fl-c"/>
      </object_component>
      <object_component id="oc-25d">
         <name>.debug_abbrev</name>
         <load_address>0x16c9</load_address>
         <run_address>0x16c9</run_address>
         <size>0x42</size>
         <input_file_ref idref="fl-e"/>
      </object_component>
      <object_component id="oc-261">
         <name>.debug_abbrev</name>
         <load_address>0x170b</load_address>
         <run_address>0x170b</run_address>
         <size>0x72</size>
         <input_file_ref idref="fl-e"/>
      </object_component>
      <object_component id="oc-1d5">
         <name>.debug_abbrev</name>
         <load_address>0x177d</load_address>
         <run_address>0x177d</run_address>
         <size>0x4b</size>
         <input_file_ref idref="fl-e"/>
      </object_component>
      <object_component id="oc-a2">
         <name>.debug_abbrev</name>
         <load_address>0x17c8</load_address>
         <run_address>0x17c8</run_address>
         <size>0x53</size>
         <input_file_ref idref="fl-f"/>
      </object_component>
      <object_component id="oc-195">
         <name>.debug_abbrev</name>
         <load_address>0x181b</load_address>
         <run_address>0x181b</run_address>
         <size>0x36</size>
         <input_file_ref idref="fl-11"/>
      </object_component>
      <object_component id="oc-196">
         <name>.debug_abbrev</name>
         <load_address>0x1851</load_address>
         <run_address>0x1851</run_address>
         <size>0xa6</size>
         <input_file_ref idref="fl-12"/>
      </object_component>
      <object_component id="oc-ea">
         <name>.debug_abbrev</name>
         <load_address>0x18f7</load_address>
         <run_address>0x18f7</run_address>
         <size>0x101</size>
         <input_file_ref idref="fl-12"/>
      </object_component>
      <object_component id="oc-88">
         <name>.debug_abbrev</name>
         <load_address>0x19f8</load_address>
         <run_address>0x19f8</run_address>
         <size>0x55</size>
         <input_file_ref idref="fl-13"/>
      </object_component>
      <object_component id="oc-e4">
         <name>.debug_abbrev</name>
         <load_address>0x1a4d</load_address>
         <run_address>0x1a4d</run_address>
         <size>0x89</size>
         <input_file_ref idref="fl-13"/>
      </object_component>
      <object_component id="oc-100">
         <name>.debug_abbrev</name>
         <load_address>0x1ad6</load_address>
         <run_address>0x1ad6</run_address>
         <size>0xa4</size>
         <input_file_ref idref="fl-14"/>
      </object_component>
      <object_component id="oc-95">
         <name>.debug_abbrev</name>
         <load_address>0x1b7a</load_address>
         <run_address>0x1b7a</run_address>
         <size>0x27</size>
         <input_file_ref idref="fl-14"/>
      </object_component>
      <object_component id="oc-a3">
         <name>.debug_abbrev</name>
         <load_address>0x1ba1</load_address>
         <run_address>0x1ba1</run_address>
         <size>0xa4</size>
         <input_file_ref idref="fl-14"/>
      </object_component>
      <object_component id="oc-b3">
         <name>.debug_abbrev</name>
         <load_address>0x1c45</load_address>
         <run_address>0x1c45</run_address>
         <size>0x6f</size>
         <input_file_ref idref="fl-14"/>
      </object_component>
      <object_component id="oc-127">
         <name>.debug_abbrev</name>
         <load_address>0x1cb4</load_address>
         <run_address>0x1cb4</run_address>
         <size>0x4b</size>
         <input_file_ref idref="fl-14"/>
      </object_component>
      <object_component id="oc-1cc">
         <name>.debug_abbrev</name>
         <load_address>0x1cff</load_address>
         <run_address>0x1cff</run_address>
         <size>0xba</size>
         <input_file_ref idref="fl-15"/>
      </object_component>
      <object_component id="oc-f2">
         <name>.debug_abbrev</name>
         <load_address>0x1db9</load_address>
         <run_address>0x1db9</run_address>
         <size>0xd4</size>
         <input_file_ref idref="fl-15"/>
      </object_component>
      <object_component id="oc-275">
         <name>.debug_abbrev</name>
         <load_address>0x1e8d</load_address>
         <run_address>0x1e8d</run_address>
         <size>0x25</size>
         <input_file_ref idref="fl-1a"/>
      </object_component>
      <object_component id="oc-246">
         <name>.debug_abbrev</name>
         <load_address>0x1eb2</load_address>
         <run_address>0x1eb2</run_address>
         <size>0x71</size>
         <input_file_ref idref="fl-1a"/>
[...]
      </symbol>
      <symbol id="sm-2e9">
         <name>_coreEnableRamEcc_</name>
         <value>0x6574</value>
         <object_component_ref idref="oc-6b"/>
      </symbol>
      <symbol id="sm-2ea">
         <name>_coreClearDataFault_</name>
         <value>0x65d0</value>
         <object_component_ref idref="oc-6b"/>
      </symbol>
      <symbol id="sm-2eb">
         <name>_coreGetAuxiliaryDataFault_</name>
         <value>0x6618</value>
         <object_component_ref idref="oc-6b"/>
      </symbol>
      <symbol id="sm-2ec">
         <name>_enable_interrupt_</name>
         <value>0x6658</value>
         <object_component_ref idref="oc-6b"/>
      </symbol>
      <symbol id="sm-2ed">
         <name>_coreClearAuxiliaryInstructionFault_</name>
         <value>0x6634</value>
         <object_component_ref idref="oc-6b"/>
      </symbol>
      <symbol id="sm-2ee">
         <name>_coreDisableRamEcc_</name>
         <value>0x6584</value>
         <object_component_ref idref="oc-6b"/>
      </symbol>
      <symbol id="sm-2ef">
         <name>_coreGetDataFaultAddress_</name>
         <value>0x65f0</value>
         <object_component_ref idref="oc-6b"/>
      </symbol>
      <symbol id="sm-2f0">
         <name>_coreClearInstructionFault_</name>
         <value>0x65e4</value>
         <object_component_ref idref="oc-6b"/>
      </symbol>
      <symbol id="sm-2f1">
         <name>_getCPSRValue_</name>
         <value>0x651c</value>
         <object_component_ref idref="oc-6b"/>
      </symbol>
      <symbol id="sm-2f2">
         <name>__TI_PINIT_Limit</name>
         <value>0x670c</value>
         <object_component_ref idref="oc-6b"/>
      </symbol>
      <symbol id="sm-2f3">
         <name>_coreEnableFlashEcc_</name>
         <value>0x6594</value>
         <object_component_ref idref="oc-6b"/>
      </symbol>
      <symbol id="sm-2f4">
         <name>_disable_FIQ_interrupt_</name>
         <value>0x6648</value>
         <object_component_ref idref="oc-6b"/>
      </symbol>
      <symbol id="sm-2f5">
         <name>_coreGetAuxiliaryInstructionFault_</name>
         <value>0x662c</value>
         <object_component_ref idref="oc-6b"/>
      </symbol>
      <symbol id="sm-2f6">
         <name>_coreInitStackPointer_</name>
         <value>0x64d0</value>
         <object_component_ref idref="oc-6b"/>
      </symbol>
      <symbol id="sm-2f7">
         <name>_esmCcmErrorsClear_</name>
         <value>0x6660</value>
         <object_component_ref idref="oc-6b"/>
      </symbol>
      <symbol id="sm-2f8">
         <name>_gotoCPUIdle_</name>
         <value>0x6524</value>
         <object_component_ref idref="oc-6b"/>
      </symbol>
      <symbol id="sm-2f9">
         <name>_coreEnableIrqVicOffset_</name>
         <value>0x65b8</value>
         <object_component_ref idref="oc-6b"/>
      </symbol>
      <symbol id="sm-2fa">
         <name>_coreGetInstructionFault_</name>
         <value>0x65dc</value>
         <object_component_ref idref="oc-6b"/>
      </symbol>
      <symbol id="sm-2fb">
         <name>_coreEnableVfp_</name>
         <value>0x653c</value>
         <object_component_ref idref="oc-6b"/>
      </symbol>
      <symbol id="sm-2fc">
         <name>_coreClearAuxiliaryDataFault_</name>
         <value>0x6620</value>
         <object_component_ref idref="oc-6b"/>
      </symbol>
      <symbol id="sm-2fd">
         <name>_coreEnableEventBusExport_</name>
         <value>0x6554</value>
         <object_component_ref idref="oc-6b"/>
      </symbol>
      <symbol id="sm-30a">
         <name>resetEntry</name>
         <value>0x0</value>
         <object_component_ref idref="oc-31"/>
      </symbol>
      <symbol id="sm-328">
         <name>main</name>
         <value>0x6e48</value>
         <object_component_ref idref="oc-dd"/>
      </symbol>
      <symbol id="sm-329">
         <name>delay</name>
         <value>0x6dd0</value>
         <object_component_ref idref="oc-dd"/>
      </symbol>
      <symbol id="sm-32a">
         <name>logToSerial</name>
         <value>0x6e14</value>
         <object_component_ref idref="oc-dd"/>
      </symbol>
      <symbol id="sm-343">
         <name>phantomInterrupt</name>
         <value>0x7574</value>
         <object_component_ref idref="oc-36"/>
      </symbol>
      <symbol id="sm-34d">
         <name>_pmuResetCounters_</name>
         <value>0x7410</value>
         <object_component_ref idref="oc-e5"/>
      </symbol>
      <symbol id="sm-34e">
         <name>_pmuGetEventCount_</name>
         <value>0x7444</value>
         <object_component_ref idref="oc-e5"/>
      </symbol>
      <symbol id="sm-34f">
         <name>_pmuResetEventCounters_</name>
         <value>0x7400</value>
         <object_component_ref idref="oc-e5"/>
      </symbol>
      <symbol id="sm-350">
         <name>_pmuStopCounters_</name>
         <value>0x7428</value>
         <object_component_ref idref="oc-e5"/>
      </symbol>
      <symbol id="sm-351">
         <name>_pmuInit_</name>
         <value>0x7384</value>
         <object_component_ref idref="oc-e5"/>
      </symbol>
      <symbol id="sm-352">
         <name>_pmuGetOverflow_</name>
         <value>0x7450</value>
         <object_component_ref idref="oc-e5"/>
      </symbol>
      <symbol id="sm-353">
         <name>_pmuResetCycleCounter_</name>
         <value>0x73f0</value>
         <object_component_ref idref="oc-e5"/>
      </symbol>
      <symbol id="sm-354">
         <name>_pmuSetCountEvent_</name>
         <value>0x7430</value>
         <object_component_ref idref="oc-e5"/>
      </symbol>
      <symbol id="sm-355">
         <name>_pmuGetCycleCount_</name>
         <value>0x743c</value>
         <object_component_ref idref="oc-e5"/>
      </symbol>
      <symbol id="sm-356">
         <name>_pmuEnableCountersGlobal_</name>
         <value>0x73d0</value>
         <object_component_ref idref="oc-e5"/>
      </symbol>
      <symbol id="sm-357">
         <name>_pmuDisableCountersGlobal_</name>
         <value>0x73e0</value>
         <object_component_ref idref="oc-e5"/>
      </symbol>
      <symbol id="sm-358">
         <name>_pmuStartCounters_</name>
         <value>0x7420</value>
         <object_component_ref idref="oc-e5"/>
      </symbol>
      <symbol id="sm-518">
         <name>pbistSelfCheck</name>
         <value>0x2cc</value>
         <object_component_ref idref="oc-7c"/>
      </symbol>
      <symbol id="sm-519">
         <name>fmcBus1ParityCheck</name>
         <value>0x22c4</value>
         <object_component_ref idref="oc-7c"/>
      </symbol>
      <symbol id="sm-51a">
         <name>can1ParityCheck</name>
         <value>0x1410</value>
         <object_component_ref idref="oc-7c"/>
      </symbol>
      <symbol id="sm-51b">
         <name>enableParity</name>
         <value>0x2ad0</value>
         <object_component_ref idref="oc-7c"/>
      </symbol>
      <symbol id="sm-51c">
         <name>dmaParityCheck</name>
         <value>0xeac</value>
         <object_component_ref idref="oc-7c"/>
      </symbol>
      <symbol id="sm-51d">
         <name>custom_dabort</name>
         <value>0xdf4</value>
         <object_component_ref idref="oc-7c"/>
      </symbol>
      <symbol id="sm-51e">
         <name>memoryInit</name>
         <value>0x174</value>
         <object_component_ref idref="oc-7c"/>
      </symbol>
      <symbol id="sm-51f">
         <name>stcSelfCheck</name>
         <value>0x1b8</value>
         <object_component_ref idref="oc-7c"/>
      </symbol>
      <symbol id="sm-520">
         <name>efcGetConfigValue</name>
         <value>0x2660</value>
         <object_component_ref idref="oc-7c"/>
      </symbol>
      <symbol id="sm-521">
         <name>can2ParityCheck</name>
         <value>0x14e8</value>
         <object_component_ref idref="oc-7c"/>
      </symbol>
      <symbol id="sm-522">
         <name>het1ParityCheck</name>
         <value>0xf58</value>
         <object_component_ref idref="oc-7c"/>
      </symbol>
      <symbol id="sm-523">
         <name>adc1ParityCheck</name>
         <value>0x126c</value>
         <object_component_ref idref="oc-7c"/>
      </symbol>
      <symbol id="sm-524">
         <name>checkefcSelfTest</name>
         <value>0x7bc</value>
         <object_component_ref idref="oc-7c"/>
      </symbol>
      <symbol id="sm-525">
         <name>checkRAMECC</name>
         <value>0x19d0</value>
         <object_component_ref idref="oc-7c"/>
      </symbol>
      <symbol id="sm-526">
         <name>stcSelfCheckFail</name>
         <value>0xdf8</value>
         <object_component_ref idref="oc-7c"/>
      </symbol>
      <symbol id="sm-527">
         <name>ccmSelfCheck</name>
         <value>0x30</value>
         <object_component_ref idref="oc-7c"/>
      </symbol>
      <symbol id="sm-528">
         <name>efcCheck</name>
         <value>0x660</value>
         <object_component_ref idref="oc-7c"/>
      </symbol>
      <symbol id="sm-529">
         <name>het2ParityCheck</name>
         <value>0x10c0</value>
         <object_component_ref idref="oc-7c"/>
      </symbol>
      <symbol id="sm-52a">
         <name>adc2ParityCheck</name>
         <value>0x1358</value>
         <object_component_ref idref="oc-7c"/>
      </symbol>
      <symbol id="sm-52b">
         <name>cpuSelfTest</name>
         <value>0x234</value>
         <object_component_ref idref="oc-7c"/>
      </symbol>
      <symbol id="sm-52c">
         <name>htu1ParityCheck</name>
         <value>0x1004</value>
         <object_component_ref idref="oc-7c"/>
      </symbol>
      <symbol id="sm-52d">
         <name>checkFlashECC</name>
         <value>0xd18</value>
         <object_component_ref idref="oc-7c"/>
      </symbol>
      <symbol id="sm-52e">
         <name>cpuSelfTestFail</name>
         <value>0xdfc</value>
         <object_component_ref idref="oc-7c"/>
      </symbol>
      <symbol id="sm-52f">
         <name>checkPLL1Slip</name>
         <value>0x1e8c</value>
         <object_component_ref idref="oc-7c"/>
      </symbol>
      <symbol id="sm-530">
         <name>mibspi1ParityCheck</name>
         <value>0x1684</value>
         <object_component_ref idref="oc-7c"/>
      </symbol>
      <symbol id="sm-531">
         <name>ccmr4GetConfigValue</name>
         <value>0x26fc</value>
         <object_component_ref idref="oc-7c"/>
      </symbol>
      <symbol id="sm-532">
         <name>htu2ParityCheck</name>
         <value>0x11bc</value>
         <object_component_ref idref="oc-7c"/>
      </symbol>
      <symbol id="sm-533">
         <name>pbistPortTestStatus</name>
         <value>0x608</value>
         <object_component_ref idref="oc-7c"/>
      </symbol>
      <symbol id="sm-534">
         <name>checkFlashEEPROMECC</name>
         <value>0x1cf4</value>
         <object_component_ref idref="oc-7c"/>
      </symbol>
      <symbol id="sm-535">
         <name>pbistGetConfigValue</name>
         <value>0x2470</value>
         <object_component_ref idref="oc-7c"/>
      </symbol>
      <symbol id="sm-536">
         <name>vimParityCheck</name>
         <value>0xe00</value>
         <object_component_ref idref="oc-7c"/>
      </symbol>
      <symbol id="sm-537">
         <name>pbistIsTestCompleted</name>
         <value>0x5a8</value>
         <object_component_ref idref="oc-7c"/>
      </symbol>
      <symbol id="sm-538">
         <name>disableParity</name>
         <value>0x2b58</value>
         <object_component_ref idref="oc-7c"/>
      </symbol>
      <symbol id="sm-539">
         <name>pbistRun</name>
         <value>0x4ac</value>
         <object_component_ref idref="oc-7c"/>
      </symbol>
      <symbol id="sm-53a">
         <name>pbistFail</name>
         <value>0x23ec</value>
         <object_component_ref idref="oc-7c"/>
      </symbol>
      <symbol id="sm-53b">
         <name>selftestFailNotification</name>
         <value>0x20</value>
         <object_component_ref idref="oc-7c"/>
      </symbol>
      <symbol id="sm-53c">
         <name>errata_PBIST_4</name>
         <value>0x276c</value>
         <object_component_ref idref="oc-7c"/>
      </symbol>
      <symbol id="sm-53d">
         <name>mibspi3ParityCheck</name>
         <value>0x178c</value>
         <object_component_ref idref="oc-7c"/>
      </symbol>
      <symbol id="sm-53e">
         <name>efcSelfTest</name>
         <value>0x794</value>
         <object_component_ref idref="oc-7c"/>
      </symbol>
      <symbol id="sm-53f">
         <name>checkB1RAMECC</name>
         <value>0xb28</value>
         <object_component_ref idref="oc-7c"/>
      </symbol>
      <symbol id="sm-540">
         <name>pbistStop</name>
         <value>0x578</value>
         <object_component_ref idref="oc-7c"/>
      </symbol>
      <symbol id="sm-541">
         <name>can3ParityCheck</name>
         <value>0x15b0</value>
         <object_component_ref idref="oc-7c"/>
      </symbol>
      <symbol id="sm-542">
         <name>checkRAMAddrParity</name>
         <value>0x2050</value>
         <object_component_ref idref="oc-7c"/>
      </symbol>
      <symbol id="sm-543">
         <name>mibspi5ParityCheck</name>
         <value>0x18b0</value>
         <object_component_ref idref="oc-7c"/>
      </symbol>
      <symbol id="sm-544">
         <name>checkB0RAMECC</name>
         <value>0x938</value>
         <object_component_ref idref="oc-7c"/>
      </symbol>
      <symbol id="sm-545">
         <name>stcGetConfigValue</name>
         <value>0x25bc</value>
         <object_component_ref idref="oc-7c"/>
      </symbol>
      <symbol id="sm-546">
         <name>pbistIsTestPassed</name>
         <value>0x5d4</value>
         <object_component_ref idref="oc-7c"/>
      </symbol>
      <symbol id="sm-547">
         <name>checkClockMonitor</name>
         <value>0x1c18</value>
         <object_component_ref idref="oc-7c"/>
      </symbol>
      <symbol id="sm-548">
         <name>fmcECCcheck</name>
         <value>0x898</value>
         <object_component_ref idref="oc-7c"/>
      </symbol>
      <symbol id="sm-549">
         <name>fmcBus2Check</name>
         <value>0x85c</value>
         <object_component_ref idref="oc-7c"/>
      </symbol>
      <symbol id="sm-54a">
         <name>checkRAMUERRTest</name>
         <value>0x215c</value>
         <object_component_ref idref="oc-7c"/>
      </symbol>
      <symbol id="sm-54b">
         <name>efcStuckZeroTest</name>
         <value>0x6e8</value>
         <object_component_ref idref="oc-7c"/>
      </symbol>
      <symbol id="sm-54c">
         <name>checkPLL2Slip</name>
         <value>0x1f8c</value>
         <object_component_ref idref="oc-7c"/>
      </symbol>
      <symbol id="sm-586">
         <name>afterSTC</name>
         <value>0x6f50</value>
         <object_component_ref idref="oc-76"/>
      </symbol>
      <symbol id="sm-587">
         <name>_c_int00</name>
         <value>0x6be0</value>
         <object_component_ref idref="oc-1c"/>
      </symbol>
      <symbol id="sm-588">
         <name>handlePLLLockFail</name>
         <value>0x7080</value>
         <object_component_ref idref="oc-76"/>
      </symbol>
      <symbol id="sm-637">
         <name>vimChannelMap</name>
         <value>0x3934</value>
         <object_component_ref idref="oc-40"/>
      </symbol>
      <symbol id="sm-638">
         <name>vimInit</name>
         <value>0x3860</value>
         <object_component_ref idref="oc-40"/>
      </symbol>
      <symbol id="sm-639">
         <name>vimEnableInterrupt</name>
         <value>0x39d8</value>
         <object_component_ref idref="oc-40"/>
      </symbol>
      <symbol id="sm-63a">
         <name>vimDisableInterrupt</name>
         <value>0x3ba0</value>
         <object_component_ref idref="oc-40"/>
      </symbol>
      <symbol id="sm-63b">
         <name>vimGetConfigValue</name>
         <value>0x3c4c</value>
         <object_component_ref idref="oc-40"/>
      </symbol>
      <symbol id="sm-63c">
         <name>vimParityErrorHandler</name>
         <value>0x6710</value>
         <object_component_ref idref="oc-3c"/>
      </symbol>
      <symbol id="sm-697">
         <name>systemGetConfigValue</name>
         <value>0x3088</value>
         <object_component_ref idref="oc-82"/>
      </symbol>
      <symbol id="sm-698">
         <name>trimLPO</name>
         <value>0x2d5c</value>
         <object_component_ref idref="oc-82"/>
      </symbol>
      <symbol id="sm-699">
         <name>systemInit</name>
         <value>0x2f8c</value>
         <object_component_ref idref="oc-82"/>
      </symbol>
      <symbol id="sm-69a">
         <name>customTrimLPO</name>
         <value>0x3784</value>
         <object_component_ref idref="oc-82"/>
      </symbol>
      <symbol id="sm-69b">
         <name>tcmflashGetConfigValue</name>
         <value>0x349c</value>
         <object_component_ref idref="oc-82"/>
      </symbol>
      <symbol id="sm-69c">
         <name>sramGetConfigValue</name>
         <value>0x3648</value>
         <object_component_ref idref="oc-82"/>
      </symbol>
      <symbol id="sm-69d">
         <name>periphInit</name>
         <value>0x2e10</value>
         <object_component_ref idref="oc-82"/>
      </symbol>
      <symbol id="sm-69e">
         <name>setupFlash</name>
         <value>0x2dd0</value>
         <object_component_ref idref="oc-82"/>
      </symbol>
      <symbol id="sm-69f">
         <name>setupPLL</name>
         <value>0x2cfc</value>
         <object_component_ref idref="oc-82"/>
      </symbol>
      <symbol id="sm-6a0">
         <name>mapClocks</name>
         <value>0x2e64</value>
         <object_component_ref idref="oc-82"/>
      </symbol>
      <symbol id="sm-6a1">
         <name>systemPowerDown</name>
         <value>0x3058</value>
         <object_component_ref idref="oc-82"/>
      </symbol>
      <symbol id="sm-6c7">
         <name>floorl</name>
         <value>0x72a5</value>
         <object_component_ref idref="oc-20e"/>
      </symbol>
      <symbol id="sm-6c8">
         <name>floor</name>
         <value>0x72a5</value>
         <object_component_ref idref="oc-20e"/>
      </symbol>
      <symbol id="sm-6f0">
         <name>__TI_auto_init_nobinit_nopinit</name>
         <value>0x74f9</value>
         <object_component_ref idref="oc-145"/>
      </symbol>
      <symbol id="sm-705">
         <name>__TI_zero_init_nomemset</name>
         <value>0x753d</value>
         <object_component_ref idref="oc-5f"/>
      </symbol>
      <symbol id="sm-712">
         <name>C$$EXIT</name>
         <value>0x756f</value>
         <object_component_ref idref="oc-189"/>
      </symbol>
      <symbol id="sm-713">
         <name>abort</name>
         <value>0x756f</value>
         <object_component_ref idref="oc-189"/>
      </symbol>
      <symbol id="sm-722">
         <name>strlen</name>
         <value>0x7559</value>
         <object_component_ref idref="oc-17b"/>
      </symbol>
      <symbol id="sm-725">
         <name>__TI_static_base__</name>
         <value>0x0</value>
      </symbol>
      <symbol id="sm-727">
         <name>SHT$$INIT_ARRAY$$Base</name>
         <value>0x0</value>
      </symbol>
      <symbol id="sm-728">
         <name>SHT$$INIT_ARRAY$$Limit</name>
         <value>0x0</value>
      </symbol>
      <symbol id="sm-729">
         <name>_system_post_cinit</name>
         <value>0x0</value>
      </symbol>
   </symbol_table>
   <title>Link successful</title>
</link_info>
