<?xml version="1.0" encoding="ISO-8859-1" ?>
<link_info>
   <banner>TI ARM Linker PC v20.2.7.LTS</banner>
   <copyright>Copyright (c) 1996-2018 Texas Instruments Incorporated</copyright>
   <link_time>0x66c13299</link_time>
   <link_errors>0x0</link_errors>
   <output_file>Memory(RAM)_Bitflip-detector.out</output_file>
   <entry_point>
      <name>_c_int00</name>
      <address>0x7c40</address>
   </entry_point>
   <input_file_list>
      <input_file id="fl-2">
         <path>.\source\</path>
         <kind>object</kind>
         <file>dabort.obj</file>
         <name>dabort.obj</name>
      </input_file>
      <input_file id="fl-3">
         <path>.\source\</path>
         <kind>object</kind>
         <file>errata_SSWF021_45.obj</file>
         <name>errata_SSWF021_45.obj</name>
      </input_file>
      <input_file id="fl-4">
         <path>.\source\</path>
         <kind>object</kind>
         <file>esm.obj</file>
         <name>esm.obj</name>
      </input_file>
      <input_file id="fl-5">
         <path>.\source\</path>
         <kind>object</kind>
         <file>gio.obj</file>
         <name>gio.obj</name>
      </input_file>
      <input_file id="fl-6">
         <path>.\source\</path>
         <kind>object</kind>
         <file>notification.obj</file>
         <name>notification.obj</name>
      </input_file>
      <input_file id="fl-7">
         <path>.\source\</path>
         <kind>object</kind>
         <file>pinmux.obj</file>
         <name>pinmux.obj</name>
      </input_file>
      <input_file id="fl-8">
         <path>.\source\</path>
         <kind>object</kind>
         <file>sci.obj</file>
         <name>sci.obj</name>
      </input_file>
      <input_file id="fl-9">
         <path>.\source\</path>
         <kind>object</kind>
         <file>sys_core.obj</file>
         <name>sys_core.obj</name>
      </input_file>
      <input_file id="fl-a">
         <path>.\source\</path>
         <kind>object</kind>
         <file>sys_dma.obj</file>
         <name>sys_dma.obj</name>
      </input_file>
      <input_file id="fl-b">
         <path>.\source\</path>
         <kind>object</kind>
         <file>sys_intvecs.obj</file>
         <name>sys_intvecs.obj</name>
      </input_file>
      <input_file id="fl-c">
         <path>.\source\</path>
         <kind>object</kind>
         <file>sys_main.obj</file>
         <name>sys_main.obj</name>
      </input_file>
      <input_file id="fl-d">
         <path>.\source\</path>
         <kind>object</kind>
         <file>sys_mpu.obj</file>
         <name>sys_mpu.obj</name>
      </input_file>
      <input_file id="fl-e">
         <path>.\source\</path>
         <kind>object</kind>
         <file>sys_pcr.obj</file>
         <name>sys_pcr.obj</name>
      </input_file>
      <input_file id="fl-f">
         <path>.\source\</path>
         <kind>object</kind>
         <file>sys_phantom.obj</file>
         <name>sys_phantom.obj</name>
      </input_file>
      <input_file id="fl-10">
         <path>.\source\</path>
         <kind>object</kind>
         <file>sys_pmm.obj</file>
         <name>sys_pmm.obj</name>
      </input_file>
      <input_file id="fl-11">
         <path>.\source\</path>
         <kind>object</kind>
         <file>sys_pmu.obj</file>
         <name>sys_pmu.obj</name>
      </input_file>
      <input_file id="fl-12">
         <path>.\source\</path>
         <kind>object</kind>
         <file>sys_selftest.obj</file>
         <name>sys_selftest.obj</name>
      </input_file>
      <input_file id="fl-13">
         <path>.\source\</path>
         <kind>object</kind>
         <file>sys_startup.obj</file>
         <name>sys_startup.obj</name>
      </input_file>
      <input_file id="fl-14">
         <path>.\source\</path>
         <kind>object</kind>
         <file>sys_vim.obj</file>
         <name>sys_vim.obj</name>
      </input_file>
      <input_file id="fl-15">
         <path>.\source\</path>
         <kind>object</kind>
         <file>system.obj</file>
         <name>system.obj</name>
      </input_file>
      <input_file id="fl-19">
         <kind>object</kind>
         <file>&lt;internal&gt;</file>
         <name>&lt;internal&gt;</name>
      </input_file>
      <input_file id="fl-1a">
         <path>C:\ti\ccs1250\ccs\tools\compiler\ti-cgt-arm_20.2.7.LTS\lib\</path>
         <kind>archive</kind>
         <file>rtsv7R4_T_le_v3D16_eabi.lib</file>
         <name>s_floor.c.obj</name>
      </input_file>
      <input_file id="fl-1b">
         <path>C:\ti\ccs1250\ccs\tools\compiler\ti-cgt-arm_20.2.7.LTS\lib\</path>
         <kind>archive</kind>
         <file>rtsv7R4_T_le_v3D16_eabi.lib</file>
         <name>snprintf.c.obj</name>
      </input_file>
      <input_file id="fl-1c">
         <path>C:\ti\ccs1250\ccs\tools\compiler\ti-cgt-arm_20.2.7.LTS\lib\</path>
         <kind>archive</kind>
         <file>rtsv7R4_T_le_v3D16_eabi.lib</file>
         <name>ll_lsl_t2.asm.obj</name>
      </input_file>
      <input_file id="fl-1d">
         <path>C:\ti\ccs1250\ccs\tools\compiler\ti-cgt-arm_20.2.7.LTS\lib\</path>
         <kind>archive</kind>
         <file>rtsv7R4_T_le_v3D16_eabi.lib</file>
         <name>memcpy_t2.asm.obj</name>
      </input_file>
      <input_file id="fl-1e">
         <path>C:\ti\ccs1250\ccs\tools\compiler\ti-cgt-arm_20.2.7.LTS\lib\</path>
         <kind>archive</kind>
         <file>rtsv7R4_T_le_v3D16_eabi.lib</file>
         <name>autoinit.c.obj</name>
      </input_file>
      <input_file id="fl-1f">
         <path>C:\ti\ccs1250\ccs\tools\compiler\ti-cgt-arm_20.2.7.LTS\lib\</path>
         <kind>archive</kind>
         <file>rtsv7R4_T_le_v3D16_eabi.lib</file>
         <name>cpy_tbl.c.obj</name>
      </input_file>
      <input_file id="fl-20">
         <path>C:\ti\ccs1250\ccs\tools\compiler\ti-cgt-arm_20.2.7.LTS\lib\</path>
         <kind>archive</kind>
         <file>rtsv7R4_T_le_v3D16_eabi.lib</file>
         <name>copy_zero_init.c.obj</name>
      </input_file>
      <input_file id="fl-21">
         <path>C:\ti\ccs1250\ccs\tools\compiler\ti-cgt-arm_20.2.7.LTS\lib\</path>
         <kind>archive</kind>
         <file>rtsv7R4_T_le_v3D16_eabi.lib</file>
         <name>copy_decompress_none.c.obj</name>
      </input_file>
      <input_file id="fl-22">
         <path>C:\ti\ccs1250\ccs\tools\compiler\ti-cgt-arm_20.2.7.LTS\lib\</path>
         <kind>archive</kind>
         <file>rtsv7R4_T_le_v3D16_eabi.lib</file>
         <name>copy_decompress_lzss.c.obj</name>
      </input_file>
      <input_file id="fl-23">
         <path>C:\ti\ccs1250\ccs\tools\compiler\ti-cgt-arm_20.2.7.LTS\lib\</path>
         <kind>archive</kind>
         <file>rtsv7R4_T_le_v3D16_eabi.lib</file>
         <name>exit.c.obj</name>
      </input_file>
      <input_file id="fl-24">
         <path>C:\ti\ccs1250\ccs\tools\compiler\ti-cgt-arm_20.2.7.LTS\lib\</path>
         <kind>archive</kind>
         <file>rtsv7R4_T_le_v3D16_eabi.lib</file>
         <name>_lock.c.obj</name>
      </input_file>
      <input_file id="fl-25">
         <path>C:\ti\ccs1250\ccs\tools\compiler\ti-cgt-arm_20.2.7.LTS\lib\</path>
         <kind>archive</kind>
         <file>rtsv7R4_T_le_v3D16_eabi.lib</file>
         <name>strlen.c.obj</name>
      </input_file>
      <input_file id="fl-26">
         <path>C:\ti\ccs1250\ccs\tools\compiler\ti-cgt-arm_20.2.7.LTS\lib\</path>
         <kind>archive</kind>
         <file>rtsv7R4_T_le_v3D16_eabi.lib</file>
         <name>_printfi.c.obj</name>
      </input_file>
      <input_file id="fl-27">
         <path>C:\ti\ccs1250\ccs\tools\compiler\ti-cgt-arm_20.2.7.LTS\lib\</path>
         <kind>archive</kind>
         <file>rtsv7R4_T_le_v3D16_eabi.lib</file>
         <name>memset_t2.asm.obj</name>
      </input_file>
      <input_file id="fl-28">
         <path>C:\ti\ccs1250\ccs\tools\compiler\ti-cgt-arm_20.2.7.LTS\lib\</path>
         <kind>archive</kind>
         <file>rtsv7R4_T_le_v3D16_eabi.lib</file>
         <name>ull_div32.asm.obj</name>
      </input_file>
      <input_file id="fl-29">
         <path>C:\ti\ccs1250\ccs\tools\compiler\ti-cgt-arm_20.2.7.LTS\lib\</path>
         <kind>archive</kind>
         <file>rtsv7R4_T_le_v3D16_eabi.lib</file>
         <name>_ltoa.c.obj</name>
      </input_file>
      <input_file id="fl-2a">
         <path>C:\ti\ccs1250\ccs\tools\compiler\ti-cgt-arm_20.2.7.LTS\lib\</path>
         <kind>archive</kind>
         <file>rtsv7R4_T_le_v3D16_eabi.lib</file>
         <name>atoi.c.obj</name>
      </input_file>
      <input_file id="fl-2b">
         <path>C:\ti\ccs1250\ccs\tools\compiler\ti-cgt-arm_20.2.7.LTS\lib\</path>
         <kind>archive</kind>
         <file>rtsv7R4_T_le_v3D16_eabi.lib</file>
         <name>ctype.c.obj</name>
      </input_file>
      <input_file id="fl-2c">
         <path>C:\ti\ccs1250\ccs\tools\compiler\ti-cgt-arm_20.2.7.LTS\lib\</path>
         <kind>archive</kind>
         <file>rtsv7R4_T_le_v3D16_eabi.lib</file>
         <name>memccpy.c.obj</name>
      </input_file>
      <input_file id="fl-2d">
         <path>C:\ti\ccs1250\ccs\tools\compiler\ti-cgt-arm_20.2.7.LTS\lib\</path>
         <kind>archive</kind>
         <file>rtsv7R4_T_le_v3D16_eabi.lib</file>
         <name>strchr.c.obj</name>
      </input_file>
      <input_file id="fl-2e">
         <path>C:\ti\ccs1250\ccs\tools\compiler\ti-cgt-arm_20.2.7.LTS\lib\</path>
         <kind>archive</kind>
         <file>rtsv7R4_T_le_v3D16_eabi.lib</file>
         <name>errno.c.obj</name>
      </input_file>
      <input_file id="fl-2f">
         <path>C:\ti\ccs1250\ccs\tools\compiler\ti-cgt-arm_20.2.7.LTS\lib\</path>
         <kind>archive</kind>
         <file>rtsv7R4_T_le_v3D16_eabi.lib</file>
         <name>wcslen.c.obj</name>
      </input_file>
      <input_file id="fl-30">
         <path>C:\ti\ccs1250\ccs\tools\compiler\ti-cgt-arm_20.2.7.LTS\lib\</path>
         <kind>archive</kind>
         <file>rtsv7R4_T_le_v3D16_eabi.lib</file>
         <name>s_frexp.c.obj</name>
      </input_file>
      <input_file id="fl-31">
         <path>C:\ti\ccs1250\ccs\tools\compiler\ti-cgt-arm_20.2.7.LTS\lib\</path>
         <kind>archive</kind>
         <file>rtsv7R4_T_le_v3D16_eabi.lib</file>
         <name>s_scalbn.c.obj</name>
      </input_file>
      <input_file id="fl-32">
         <path>C:\ti\ccs1250\ccs\tools\compiler\ti-cgt-arm_20.2.7.LTS\lib\</path>
         <kind>archive</kind>
         <file>rtsv7R4_T_le_v3D16_eabi.lib</file>
         <name>div0.asm.obj</name>
      </input_file>
      <input_file id="fl-33">
         <path>C:\ti\ccs1250\ccs\tools\compiler\ti-cgt-arm_20.2.7.LTS\lib\</path>
         <kind>archive</kind>
         <file>rtsv7R4_T_le_v3D16_eabi.lib</file>
         <name>s_copysign.c.obj</name>
      </input_file>
   </input_file_list>
   <object_component_list>
      <object_component id="oc-39">
         <name>.intvecs</name>
         <load_address>0x0</load_address>
         <run_address>0x0</run_address>
         <size>0x20</size>
         <input_file_ref idref="fl-b"/>
      </object_component>
      <object_component id="oc-8a">
         <name>.text</name>
         <load_address>0x20</load_address>
         <run_address>0x20</run_address>
         <size>0x2cdc</size>
         <input_file_ref idref="fl-12"/>
      </object_component>
      <object_component id="oc-84">
         <name>.text</name>
         <load_address>0x2cfc</load_address>
         <run_address>0x2cfc</run_address>
         <size>0xb64</size>
         <input_file_ref idref="fl-15"/>
      </object_component>
      <object_component id="oc-45">
         <name>.text</name>
         <load_address>0x3860</load_address>
         <run_address>0x3860</run_address>
         <size>0xa54</size>
         <input_file_ref idref="fl-14"/>
      </object_component>
      <object_component id="oc-214">
         <name>.text:__TI_printfi</name>
         <load_address>0x42b4</load_address>
         <run_address>0x42b4</run_address>
         <size>0xa46</size>
         <input_file_ref idref="fl-26"/>
      </object_component>
      <object_component id="oc-365">
         <name>.text</name>
         <load_address>0x4cfa</load_address>
         <run_address>0x4cfa</run_address>
         <size>0x2</size>
         <input_file_ref idref="fl-32"/>
      </object_component>
      <object_component id="oc-ed">
         <name>.text</name>
         <load_address>0x4cfc</load_address>
         <run_address>0x4cfc</run_address>
         <size>0x8b4</size>
         <input_file_ref idref="fl-7"/>
      </object_component>
      <object_component id="oc-133">
         <name>.text</name>
         <load_address>0x55b0</load_address>
         <run_address>0x55b0</run_address>
         <size>0x7b8</size>
         <input_file_ref idref="fl-8"/>
      </object_component>
      <object_component id="oc-78">
         <name>.text</name>
         <load_address>0x5d68</load_address>
         <run_address>0x5d68</run_address>
         <size>0x664</size>
         <input_file_ref idref="fl-3"/>
      </object_component>
      <object_component id="oc-90">
         <name>.text</name>
         <load_address>0x63cc</load_address>
         <run_address>0x63cc</run_address>
         <size>0x5bc</size>
         <input_file_ref idref="fl-4"/>
      </object_component>
      <object_component id="oc-97">
         <name>.text</name>
         <load_address>0x6988</load_address>
         <run_address>0x6988</run_address>
         <size>0x568</size>
         <input_file_ref idref="fl-c"/>
      </object_component>
      <object_component id="oc-13f">
         <name>.text</name>
         <load_address>0x6ef0</load_address>
         <run_address>0x6ef0</run_address>
         <size>0x484</size>
         <input_file_ref idref="fl-5"/>
      </object_component>
      <object_component id="oc-73">
         <name>.text</name>
         <load_address>0x7374</load_address>
         <run_address>0x7374</run_address>
         <size>0x34c</size>
         <input_file_ref idref="fl-9"/>
      </object_component>
      <object_component id="oc-44">
         <name>.text:retain</name>
         <load_address>0x76c0</load_address>
         <run_address>0x76c0</run_address>
         <size>0x2cc</size>
         <input_file_ref idref="fl-14"/>
      </object_component>
      <object_component id="oc-309">
         <name>.text</name>
         <load_address>0x798c</load_address>
         <run_address>0x798c</run_address>
         <size>0x2b4</size>
         <input_file_ref idref="fl-28"/>
      </object_component>
      <object_component id="oc-24">
         <name>.text:retain</name>
         <load_address>0x7c40</load_address>
         <run_address>0x7c40</run_address>
         <size>0x288</size>
         <input_file_ref idref="fl-13"/>
      </object_component>
      <object_component id="oc-2b4">
         <name>.text:_pconv_a</name>
         <load_address>0x7ec8</load_address>
         <run_address>0x7ec8</run_address>
         <size>0x248</size>
         <input_file_ref idref="fl-26"/>
      </object_component>
      <object_component id="oc-33">
         <name>.text:retain</name>
         <load_address>0x8110</load_address>
         <run_address>0x8110</run_address>
         <size>0x204</size>
         <input_file_ref idref="fl-8"/>
      </object_component>
      <object_component id="oc-2a2">
         <name>.text:_pconv_g</name>
         <load_address>0x8314</load_address>
         <run_address>0x8314</run_address>
         <size>0x1a0</size>
         <input_file_ref idref="fl-26"/>
      </object_component>
      <object_component id="oc-2a">
         <name>.text:retain</name>
         <load_address>0x84b4</load_address>
         <run_address>0x84b4</run_address>
         <size>0x114</size>
         <input_file_ref idref="fl-4"/>
      </object_component>
      <object_component id="oc-2ae">
         <name>.text:_pconv_e</name>
         <load_address>0x85c8</load_address>
         <run_address>0x85c8</run_address>
         <size>0x104</size>
         <input_file_ref idref="fl-26"/>
      </object_component>
      <object_component id="oc-322">
         <name>.text:fcvt</name>
         <load_address>0x86cc</load_address>
         <run_address>0x86cc</run_address>
         <size>0xfc</size>
         <input_file_ref idref="fl-26"/>
      </object_component>
      <object_component id="oc-336">
         <name>.text:scalbn</name>
         <load_address>0x87c8</load_address>
         <run_address>0x87c8</run_address>
         <size>0xf0</size>
         <input_file_ref idref="fl-31"/>
      </object_component>
      <object_component id="oc-b2">
         <name>.text</name>
         <load_address>0x88b8</load_address>
         <run_address>0x88b8</run_address>
         <size>0xe8</size>
         <input_file_ref idref="fl-2"/>
      </object_component>
      <object_component id="oc-208">
         <name>.text:floor</name>
         <load_address>0x89a0</load_address>
         <run_address>0x89a0</run_address>
         <size>0xe0</size>
         <input_file_ref idref="fl-1a"/>
      </object_component>
      <object_component id="oc-f5">
         <name>.text</name>
         <load_address>0x8a80</load_address>
         <run_address>0x8a80</run_address>
         <size>0xe0</size>
         <input_file_ref idref="fl-11"/>
      </object_component>
      <object_component id="oc-29c">
         <name>.text:_ltostr</name>
         <load_address>0x8b60</load_address>
         <run_address>0x8b60</run_address>
         <size>0xad</size>
         <input_file_ref idref="fl-26"/>
      </object_component>
      <object_component id="oc-5b">
         <name>.text</name>
         <load_address>0x8c0e</load_address>
         <run_address>0x8c0e</run_address>
         <size>0x9c</size>
         <input_file_ref idref="fl-1d"/>
      </object_component>
      <object_component id="oc-9f">
         <name>.text</name>
         <load_address>0x8cac</load_address>
         <run_address>0x8cac</run_address>
         <size>0x94</size>
         <input_file_ref idref="fl-6"/>
      </object_component>
      <object_component id="oc-31b">
         <name>.text:_mcpy</name>
         <load_address>0x8d40</load_address>
         <run_address>0x8d40</run_address>
         <size>0x7a</size>
         <input_file_ref idref="fl-26"/>
      </object_component>
      <object_component id="oc-df">
         <name>.text</name>
         <load_address>0x8dba</load_address>
         <run_address>0x8dba</run_address>
         <size>0x7a</size>
         <input_file_ref idref="fl-27"/>
      </object_component>
      <object_component id="oc-330">
         <name>.text:frexp</name>
         <load_address>0x8e34</load_address>
         <run_address>0x8e34</run_address>
         <size>0x74</size>
         <input_file_ref idref="fl-30"/>
      </object_component>
      <object_component id="oc-17">
         <name>.text:decompress:lzss:__TI_decompress_lzss</name>
         <load_address>0x8ea8</load_address>
         <run_address>0x8ea8</run_address>
         <size>0x6c</size>
         <input_file_ref idref="fl-22"/>
      </object_component>
      <object_component id="oc-30f">
         <name>.text:__TI_ltoa</name>
         <load_address>0x8f14</load_address>
         <run_address>0x8f14</run_address>
         <size>0x54</size>
         <input_file_ref idref="fl-29"/>
      </object_component>
      <object_component id="oc-315">
         <name>.text:_ecpy</name>
         <load_address>0x8f68</load_address>
         <run_address>0x8f68</run_address>
         <size>0x52</size>
         <input_file_ref idref="fl-26"/>
      </object_component>
      <object_component id="oc-2a8">
         <name>.text:_pconv_f</name>
         <load_address>0x8fba</load_address>
         <run_address>0x8fba</run_address>
         <size>0x50</size>
         <input_file_ref idref="fl-26"/>
      </object_component>
      <object_component id="oc-296">
         <name>.text:atoi</name>
         <load_address>0x900c</load_address>
         <run_address>0x900c</run_address>
         <size>0x50</size>
         <input_file_ref idref="fl-2a"/>
      </object_component>
      <object_component id="oc-14a">
         <name>.text:snprintf</name>
         <load_address>0x905c</load_address>
         <run_address>0x905c</run_address>
         <size>0x4c</size>
         <input_file_ref idref="fl-1b"/>
      </object_component>
      <object_component id="oc-103">
         <name>.text:__TI_auto_init_nobinit_nopinit:__TI_auto_init_nobinit_nopinit</name>
         <load_address>0x90a8</load_address>
         <run_address>0x90a8</run_address>
         <size>0x44</size>
         <input_file_ref idref="fl-1e"/>
      </object_component>
      <object_component id="oc-328">
         <name>.text:_fcpy</name>
         <load_address>0x90ec</load_address>
         <run_address>0x90ec</run_address>
         <size>0x40</size>
         <input_file_ref idref="fl-26"/>
      </object_component>
      <object_component id="oc-21a">
         <name>.text:_outs</name>
         <load_address>0x912c</load_address>
         <run_address>0x912c</run_address>
         <size>0x30</size>
         <input_file_ref idref="fl-1b"/>
      </object_component>
      <object_component id="oc-2ba">
         <name>.text:memccpy</name>
         <load_address>0x915c</load_address>
         <run_address>0x915c</run_address>
         <size>0x26</size>
         <input_file_ref idref="fl-2c"/>
      </object_component>
      <object_component id="oc-378">
         <name>.text:copysign</name>
         <load_address>0x9182</load_address>
         <run_address>0x9182</run_address>
         <size>0x20</size>
         <input_file_ref idref="fl-33"/>
      </object_component>
      <object_component id="oc-145">
         <name>.text</name>
         <load_address>0x91a2</load_address>
         <run_address>0x91a2</run_address>
         <size>0x1e</size>
         <input_file_ref idref="fl-1c"/>
      </object_component>
      <object_component id="oc-220">
         <name>.text:_outc</name>
         <load_address>0x91c0</load_address>
         <run_address>0x91c0</run_address>
         <size>0x18</size>
         <input_file_ref idref="fl-1b"/>
      </object_component>
      <object_component id="oc-33c">
         <name>.text:strchr</name>
         <load_address>0x91d8</load_address>
         <run_address>0x91d8</run_address>
         <size>0x16</size>
         <input_file_ref idref="fl-2d"/>
      </object_component>
      <object_component id="oc-139">
         <name>.text:strlen</name>
         <load_address>0x91ee</load_address>
         <run_address>0x91ee</run_address>
         <size>0x16</size>
         <input_file_ref idref="fl-25"/>
      </object_component>
      <object_component id="oc-2c0">
         <name>.text:wcslen</name>
         <load_address>0x9204</load_address>
         <run_address>0x9204</run_address>
         <size>0x12</size>
         <input_file_ref idref="fl-2f"/>
      </object_component>
      <object_component id="oc-1d">
         <name>.text:decompress:none:__TI_decompress_none</name>
         <load_address>0x9216</load_address>
         <run_address>0x9216</run_address>
         <size>0xe</size>
         <input_file_ref idref="fl-21"/>
      </object_component>
      <object_component id="oc-6d">
         <name>.text:decompress:ZI:__TI_zero_init</name>
         <load_address>0x9224</load_address>
         <run_address>0x9224</run_address>
         <size>0xc</size>
         <input_file_ref idref="fl-20"/>
      </object_component>
      <object_component id="oc-2c6">
         <name>.text:__aeabi_errno_addr</name>
         <load_address>0x9230</load_address>
         <run_address>0x9230</run_address>
         <size>0x8</size>
         <input_file_ref idref="fl-2e"/>
      </object_component>
      <object_component id="oc-15e">
         <name>.text:abort:abort</name>
         <load_address>0x9238</load_address>
         <run_address>0x9238</run_address>
         <size>0x4</size>
         <input_file_ref idref="fl-23"/>
      </object_component>
      <object_component id="oc-3e">
         <name>.text:retain</name>
         <load_address>0x923c</load_address>
         <run_address>0x923c</run_address>
         <size>0x4</size>
         <input_file_ref idref="fl-f"/>
      </object_component>
      <object_component id="oc-7e">
         <name>.text</name>
         <load_address>0x9240</load_address>
         <run_address>0x9240</run_address>
         <size>0x4</size>
         <input_file_ref idref="fl-13"/>
      </object_component>
      <object_component id="oc-30">
         <name>.const:s_vim_init</name>
         <load_address>0x9244</load_address>
         <run_address>0x9244</run_address>
         <size>0x200</size>
         <input_file_ref idref="fl-14"/>
      </object_component>
      <object_component id="oc-304">
         <name>.const:.string:_ctypes_</name>
         <load_address>0x9444</load_address>
         <run_address>0x9444</run_address>
         <size>0x101</size>
         <input_file_ref idref="fl-2b"/>
      </object_component>
      <object_component id="oc-3cb">
         <name>__TI_handler_table</name>
         <load_address>0x9548</load_address>
         <run_address>0x9548</run_address>
         <size>0xc</size>
      </object_component>
      <object_component id="oc-3cd">
         <name>.cinit..bss.load</name>
         <load_address>0x9558</load_address>
         <run_address>0x9558</run_address>
         <size>0x8</size>
      </object_component>
      <object_component id="oc-3d0">
         <name>.cinit..custom_data.load</name>
         <load_address>0x9560</load_address>
         <run_address>0x9560</run_address>
         <size>0x8</size>
      </object_component>
      <object_component id="oc-3ce">
         <name>.cinit..data.load</name>
         <load_address>0x9568</load_address>
         <run_address>0x9568</run_address>
         <size>0x8</size>
      </object_component>
      <object_component id="oc-3cf">
         <name>.cinit..data_store.load</name>
         <load_address>0x9570</load_address>
         <run_address>0x9570</run_address>
         <size>0x8</size>
      </object_component>
      <object_component id="oc-3cc">
         <name>__TI_cinit_table</name>
         <load_address>0x9578</load_address>
         <run_address>0x9578</run_address>
         <size>0x20</size>
      </object_component>
      <object_component id="oc-ae">
         <name>.bss:g_sciTransfer_t</name>
         <uninitialized>true</uninitialized>
         <run_address>0x8001500</run_address>
         <size>0x28</size>
         <input_file_ref idref="fl-8"/>
      </object_component>
      <object_component id="oc-150">
         <name>.data</name>
         <load_address>0x800152c</load_address>
         <run_address>0x800152c</run_address>
         <size>0x1</size>
         <input_file_ref idref="fl-c"/>
      </object_component>
      <object_component id="oc-34c">
         <name>.data</name>
         <load_address>0x8001528</load_address>
         <run_address>0x8001528</run_address>
         <size>0x4</size>
         <input_file_ref idref="fl-2e"/>
      </object_component>
      <object_component id="oc-c">
         <name>&lt;space&gt;</name>
         <uninitialized>true</uninitialized>
         <run_address>0x8001600</run_address>
         <size>0x0</size>
      </object_component>
      <object_component id="oc-154">
         <name>.data_store_section</name>
         <uninitialized>true</uninitialized>
         <run_address>0x8001600</run_address>
         <size>0x174f8</size>
         <input_file_ref idref="fl-c"/>
      </object_component>
      <object_component id="oc-e">
         <name>&lt;space&gt;</name>
         <uninitialized>true</uninitialized>
         <run_address>0x8018af8</run_address>
         <size>0x0</size>
      </object_component>
      <object_component id="oc-10">
         <name>&lt;space&gt;</name>
         <uninitialized>true</uninitialized>
         <run_address>0x8018b00</run_address>
         <size>0x0</size>
      </object_component>
      <object_component id="oc-151">
         <name>.custom_data_section</name>
         <uninitialized>true</uninitialized>
         <run_address>0x8018b00</run_address>
         <size>0x174f8</size>
         <input_file_ref idref="fl-c"/>
      </object_component>
      <object_component id="oc-12">
         <name>&lt;space&gt;</name>
         <uninitialized>true</uninitialized>
         <run_address>0x802fff8</run_address>
         <size>0x0</size>
      </object_component>
      <object_component id="oc-b3">
         <name>.debug_info</name>
         <load_address>0x0</load_address>
         <run_address>0x0</run_address>
         <size>0x17b</size>
         <input_file_ref idref="fl-2"/>
      </object_component>
      <object_component id="oc-1ae">
         <name>.debug_info</name>
         <load_address>0x17b</load_address>
         <run_address>0x17b</run_address>
         <size>0x33a</size>
         <input_file_ref idref="fl-3"/>
      </object_component>
      <object_component id="oc-7a">
         <name>.debug_info</name>
         <load_address>0x4b5</load_address>
         <run_address>0x4b5</run_address>
         <size>0x6bb</size>
         <input_file_ref idref="fl-3"/>
      </object_component>
      <object_component id="oc-56">
         <name>.debug_info</name>
         <load_address>0xb70</load_address>
         <run_address>0xb70</run_address>
         <size>0x84</size>
         <input_file_ref idref="fl-3"/>
      </object_component>
      <object_component id="oc-e7">
         <name>.debug_info</name>
         <load_address>0xbf4</load_address>
         <run_address>0xbf4</run_address>
         <size>0x9e7</size>
         <input_file_ref idref="fl-3"/>
      </object_component>
      <object_component id="oc-102">
         <name>.debug_info</name>
         <load_address>0x15db</load_address>
         <run_address>0x15db</run_address>
         <size>0x392</size>
         <input_file_ref idref="fl-4"/>
      </object_component>
      <object_component id="oc-93">
         <name>.debug_info</name>
         <load_address>0x196d</load_address>
         <run_address>0x196d</run_address>
         <size>0xba7</size>
         <input_file_ref idref="fl-4"/>
      </object_component>
      <object_component id="oc-2d">
         <name>.debug_info</name>
         <load_address>0x2514</load_address>
         <run_address>0x2514</run_address>
         <size>0x207</size>
         <input_file_ref idref="fl-4"/>
      </object_component>
      <object_component id="oc-173">
         <name>.debug_info</name>
         <load_address>0x271b</load_address>
         <run_address>0x271b</run_address>
         <size>0x26b</size>
         <input_file_ref idref="fl-4"/>
      </object_component>
      <object_component id="oc-a6">
         <name>.debug_info</name>
         <load_address>0x2986</load_address>
         <run_address>0x2986</run_address>
         <size>0x157</size>
         <input_file_ref idref="fl-4"/>
      </object_component>
      <object_component id="oc-bf">
         <name>.debug_info</name>
         <load_address>0x2add</load_address>
         <run_address>0x2add</run_address>
         <size>0x8b</size>
         <input_file_ref idref="fl-4"/>
      </object_component>
      <object_component id="oc-ba">
         <name>.debug_info</name>
         <load_address>0x2b68</load_address>
         <run_address>0x2b68</run_address>
         <size>0x18c</size>
         <input_file_ref idref="fl-4"/>
      </object_component>
      <object_component id="oc-23b">
         <name>.debug_info</name>
         <load_address>0x2cf4</load_address>
         <run_address>0x2cf4</run_address>
         <size>0x2a4</size>
         <input_file_ref idref="fl-4"/>
      </object_component>
      <object_component id="oc-158">
         <name>.debug_info</name>
         <load_address>0x2f98</load_address>
         <run_address>0x2f98</run_address>
         <size>0xbb</size>
         <input_file_ref idref="fl-4"/>
      </object_component>
      <object_component id="oc-c4">
         <name>.debug_info</name>
         <load_address>0x3053</load_address>
         <run_address>0x3053</run_address>
         <size>0x86</size>
         <input_file_ref idref="fl-4"/>
      </object_component>
      <object_component id="oc-178">
         <name>.debug_info</name>
         <load_address>0x30d9</load_address>
         <run_address>0x30d9</run_address>
         <size>0x1de</size>
         <input_file_ref idref="fl-4"/>
      </object_component>
      <object_component id="oc-fd">
         <name>.debug_info</name>
         <load_address>0x32b7</load_address>
         <run_address>0x32b7</run_address>
         <size>0x129</size>
         <input_file_ref idref="fl-4"/>
      </object_component>
      <object_component id="oc-191">
         <name>.debug_info</name>
         <load_address>0x33e0</load_address>
         <run_address>0x33e0</run_address>
         <size>0x2d0</size>
         <input_file_ref idref="fl-4"/>
      </object_component>
      <object_component id="oc-212">
         <name>.debug_info</name>
         <load_address>0x36b0</load_address>
         <run_address>0x36b0</run_address>
         <size>0x315</size>
         <input_file_ref idref="fl-5"/>
      </object_component>
      <object_component id="oc-141">
         <name>.debug_info</name>
         <load_address>0x39c5</load_address>
         <run_address>0x39c5</run_address>
         <size>0x75f</size>
         <input_file_ref idref="fl-5"/>
      </object_component>
      <object_component id="oc-182">
         <name>.debug_info</name>
         <load_address>0x4124</load_address>
         <run_address>0x4124</run_address>
         <size>0x1f9</size>
         <input_file_ref idref="fl-5"/>
      </object_component>
      <object_component id="oc-291">
         <name>.debug_info</name>
         <load_address>0x431d</load_address>
         <run_address>0x431d</run_address>
         <size>0x12a</size>
         <input_file_ref idref="fl-5"/>
      </object_component>
      <object_component id="oc-16b">
         <name>.debug_info</name>
         <load_address>0x4447</load_address>
         <run_address>0x4447</run_address>
         <size>0x51c</size>
         <input_file_ref idref="fl-6"/>
      </object_component>
      <object_component id="oc-a0">
         <name>.debug_info</name>
         <load_address>0x4963</load_address>
         <run_address>0x4963</run_address>
         <size>0x792</size>
         <input_file_ref idref="fl-6"/>
      </object_component>
      <object_component id="oc-1b3">
         <name>.debug_info</name>
         <load_address>0x50f5</load_address>
         <run_address>0x50f5</run_address>
         <size>0x791</size>
         <input_file_ref idref="fl-6"/>
      </object_component>
      <object_component id="oc-1b8">
         <name>.debug_info</name>
         <load_address>0x5886</load_address>
         <run_address>0x5886</run_address>
         <size>0x4de</size>
         <input_file_ref idref="fl-6"/>
      </object_component>
      <object_component id="oc-1bd">
         <name>.debug_info</name>
         <load_address>0x5d64</load_address>
         <run_address>0x5d64</run_address>
         <size>0x3ce</size>
         <input_file_ref idref="fl-6"/>
      </object_component>
      <object_component id="oc-258">
         <name>.debug_info</name>
         <load_address>0x6132</load_address>
         <run_address>0x6132</run_address>
         <size>0x7cd</size>
         <input_file_ref idref="fl-6"/>
      </object_component>
      <object_component id="oc-16c">
         <name>.debug_info</name>
         <load_address>0x68ff</load_address>
         <run_address>0x68ff</run_address>
         <size>0x673</size>
         <input_file_ref idref="fl-6"/>
      </object_component>
      <object_component id="oc-1a6">
         <name>.debug_info</name>
         <load_address>0x6f72</load_address>
         <run_address>0x6f72</run_address>
         <size>0x2c</size>
         <input_file_ref idref="fl-6"/>
      </object_component>
      <object_component id="oc-1c2">
         <name>.debug_info</name>
         <load_address>0x6f9e</load_address>
         <run_address>0x6f9e</run_address>
         <size>0x35</size>
         <input_file_ref idref="fl-6"/>
      </object_component>
      <object_component id="oc-1c7">
         <name>.debug_info</name>
         <load_address>0x6fd3</load_address>
         <run_address>0x6fd3</run_address>
         <size>0x437</size>
         <input_file_ref idref="fl-6"/>
      </object_component>
      <object_component id="oc-1f2">
         <name>.debug_info</name>
         <load_address>0x740a</load_address>
         <run_address>0x740a</run_address>
         <size>0x37b</size>
         <input_file_ref idref="fl-6"/>
      </object_component>
      <object_component id="oc-1cc">
         <name>.debug_info</name>
         <load_address>0x7785</load_address>
         <run_address>0x7785</run_address>
         <size>0x1ca</size>
         <input_file_ref idref="fl-6"/>
      </object_component>
      <object_component id="oc-17d">
         <name>.debug_info</name>
         <load_address>0x794f</load_address>
         <run_address>0x794f</run_address>
         <size>0x435</size>
         <input_file_ref idref="fl-6"/>
      </object_component>
      <object_component id="oc-1e5">
         <name>.debug_info</name>
         <load_address>0x7d84</load_address>
         <run_address>0x7d84</run_address>
         <size>0x551</size>
         <input_file_ref idref="fl-6"/>
      </object_component>
      <object_component id="oc-1d1">
         <name>.debug_info</name>
         <load_address>0x82d5</load_address>
         <run_address>0x82d5</run_address>
         <size>0x3d3</size>
         <input_file_ref idref="fl-6"/>
      </object_component>
      <object_component id="oc-1db">
         <name>.debug_info</name>
         <load_address>0x86a8</load_address>
         <run_address>0x86a8</run_address>
         <size>0x1de</size>
         <input_file_ref idref="fl-6"/>
      </object_component>
      <object_component id="oc-242">
         <name>.debug_info</name>
         <load_address>0x8886</load_address>
         <run_address>0x8886</run_address>
         <size>0x243</size>
         <input_file_ref idref="fl-6"/>
      </object_component>
      <object_component id="oc-264">
         <name>.debug_info</name>
         <load_address>0x8ac9</load_address>
         <run_address>0x8ac9</run_address>
         <size>0x18e</size>
         <input_file_ref idref="fl-6"/>
      </object_component>
      <object_component id="oc-1ea">
         <name>.debug_info</name>
         <load_address>0x8c57</load_address>
         <run_address>0x8c57</run_address>
         <size>0x17a</size>
         <input_file_ref idref="fl-6"/>
      </object_component>
      <object_component id="oc-187">
         <name>.debug_info</name>
         <load_address>0x8dd1</load_address>
         <run_address>0x8dd1</run_address>
         <size>0x6a6</size>
         <input_file_ref idref="fl-6"/>
      </object_component>
      <object_component id="oc-18c">
         <name>.debug_info</name>
         <load_address>0x9477</load_address>
         <run_address>0x9477</run_address>
         <size>0x13e</size>
         <input_file_ref idref="fl-6"/>
      </object_component>
      <object_component id="oc-1b0">
         <name>.debug_info</name>
         <load_address>0x95b5</load_address>
         <run_address>0x95b5</run_address>
         <size>0x2fc</size>
         <input_file_ref idref="fl-7"/>
      </object_component>
      <object_component id="oc-ee">
         <name>.debug_info</name>
         <load_address>0x98b1</load_address>
         <run_address>0x98b1</run_address>
         <size>0x265</size>
         <input_file_ref idref="fl-7"/>
      </object_component>
      <object_component id="oc-1d6">
         <name>.debug_info</name>
         <load_address>0x9b16</load_address>
         <run_address>0x9b16</run_address>
         <size>0x508</size>
         <input_file_ref idref="fl-7"/>
      </object_component>
      <object_component id="oc-26d">
         <name>.debug_info</name>
         <load_address>0xa01e</load_address>
         <run_address>0xa01e</run_address>
         <size>0x43c</size>
         <input_file_ref idref="fl-7"/>
      </object_component>
      <object_component id="oc-19d">
         <name>.debug_info</name>
         <load_address>0xa45a</load_address>
         <run_address>0xa45a</run_address>
         <size>0x397</size>
         <input_file_ref idref="fl-8"/>
      </object_component>
      <object_component id="oc-af">
         <name>.debug_info</name>
         <load_address>0xa7f1</load_address>
         <run_address>0xa7f1</run_address>
         <size>0x166</size>
         <input_file_ref idref="fl-8"/>
      </object_component>
      <object_component id="oc-134">
         <name>.debug_info</name>
         <load_address>0xa957</load_address>
         <run_address>0xa957</run_address>
         <size>0xcb6</size>
         <input_file_ref idref="fl-8"/>
      </object_component>
      <object_component id="oc-34">
         <name>.debug_info</name>
         <load_address>0xb60d</load_address>
         <run_address>0xb60d</run_address>
         <size>0x29b</size>
         <input_file_ref idref="fl-8"/>
      </object_component>
      <object_component id="oc-25f">
         <name>.debug_info</name>
         <load_address>0xb8a8</load_address>
         <run_address>0xb8a8</run_address>
         <size>0x91</size>
         <input_file_ref idref="fl-8"/>
      </object_component>
      <object_component id="oc-75">
         <name>.debug_info</name>
         <load_address>0xb939</load_address>
         <run_address>0xb939</run_address>
         <size>0x870</size>
         <input_file_ref idref="fl-9"/>
      </object_component>
      <object_component id="oc-3c">
         <name>.debug_info</name>
         <load_address>0xc1a9</load_address>
         <run_address>0xc1a9</run_address>
         <size>0x183</size>
         <input_file_ref idref="fl-b"/>
      </object_component>
      <object_component id="oc-15d">
         <name>.debug_info</name>
         <load_address>0xc32c</load_address>
         <run_address>0xc32c</run_address>
         <size>0x4c7</size>
         <input_file_ref idref="fl-c"/>
      </object_component>
      <object_component id="oc-152">
         <name>.debug_info</name>
         <load_address>0xc7f3</load_address>
         <run_address>0xc7f3</run_address>
         <size>0x162</size>
         <input_file_ref idref="fl-c"/>
      </object_component>
      <object_component id="oc-155">
         <name>.debug_info</name>
         <load_address>0xc955</load_address>
         <run_address>0xc955</run_address>
         <size>0x166</size>
         <input_file_ref idref="fl-c"/>
      </object_component>
      <object_component id="oc-99">
         <name>.debug_info</name>
         <load_address>0xcabb</load_address>
         <run_address>0xcabb</run_address>
         <size>0x5a4</size>
         <input_file_ref idref="fl-c"/>
      </object_component>
      <object_component id="oc-247">
         <name>.debug_info</name>
         <load_address>0xd05f</load_address>
         <run_address>0xd05f</run_address>
         <size>0xcc</size>
         <input_file_ref idref="fl-c"/>
      </object_component>
      <object_component id="oc-232">
         <name>.debug_info</name>
         <load_address>0xd12b</load_address>
         <run_address>0xd12b</run_address>
         <size>0x2c</size>
         <input_file_ref idref="fl-c"/>
      </object_component>
      <object_component id="oc-272">
         <name>.debug_info</name>
         <load_address>0xd157</load_address>
         <run_address>0xd157</run_address>
         <size>0x31b</size>
         <input_file_ref idref="fl-e"/>
      </object_component>
      <object_component id="oc-2ec">
         <name>.debug_info</name>
         <load_address>0xd472</load_address>
         <run_address>0xd472</run_address>
         <size>0x242</size>
         <input_file_ref idref="fl-e"/>
      </object_component>
      <object_component id="oc-1e0">
         <name>.debug_info</name>
         <load_address>0xd6b4</load_address>
         <run_address>0xd6b4</run_address>
         <size>0x2af</size>
         <input_file_ref idref="fl-e"/>
      </object_component>
      <object_component id="oc-41">
         <name>.debug_info</name>
         <load_address>0xd963</load_address>
         <run_address>0xd963</run_address>
         <size>0x1b8</size>
         <input_file_ref idref="fl-f"/>
      </object_component>
      <object_component id="oc-f7">
         <name>.debug_info</name>
         <load_address>0xdb1b</load_address>
         <run_address>0xdb1b</run_address>
         <size>0x3e2</size>
         <input_file_ref idref="fl-11"/>
      </object_component>
      <object_component id="oc-fb">
         <name>.debug_info</name>
         <load_address>0xdefd</load_address>
         <run_address>0xdefd</run_address>
         <size>0x6f1</size>
         <input_file_ref idref="fl-12"/>
      </object_component>
      <object_component id="oc-8c">
         <name>.debug_info</name>
         <load_address>0xe5ee</load_address>
         <run_address>0xe5ee</run_address>
         <size>0x2f0a</size>
         <input_file_ref idref="fl-12"/>
      </object_component>
      <object_component id="oc-25">
         <name>.debug_info</name>
         <load_address>0x114f8</load_address>
         <run_address>0x114f8</run_address>
         <size>0x65e</size>
         <input_file_ref idref="fl-13"/>
      </object_component>
      <object_component id="oc-7f">
         <name>.debug_info</name>
         <load_address>0x11b56</load_address>
         <run_address>0x11b56</run_address>
         <size>0x1b1</size>
         <input_file_ref idref="fl-13"/>
      </object_component>
      <object_component id="oc-ad">
         <name>.debug_info</name>
         <load_address>0x11d07</load_address>
         <run_address>0x11d07</run_address>
         <size>0x4f9</size>
         <input_file_ref idref="fl-14"/>
      </object_component>
      <object_component id="oc-31">
         <name>.debug_info</name>
         <load_address>0x12200</load_address>
         <run_address>0x12200</run_address>
         <size>0x160</size>
         <input_file_ref idref="fl-14"/>
      </object_component>
      <object_component id="oc-46">
         <name>.debug_info</name>
         <load_address>0x12360</load_address>
         <run_address>0x12360</run_address>
         <size>0x4f2</size>
         <input_file_ref idref="fl-14"/>
      </object_component>
      <object_component id="oc-4b">
         <name>.debug_info</name>
         <load_address>0x12852</load_address>
         <run_address>0x12852</run_address>
         <size>0x27b</size>
         <input_file_ref idref="fl-14"/>
      </object_component>
      <object_component id="oc-196">
         <name>.debug_info</name>
         <load_address>0x12acd</load_address>
         <run_address>0x12acd</run_address>
         <size>0x4f</size>
         <input_file_ref idref="fl-14"/>
      </object_component>
      <object_component id="oc-f4">
         <name>.debug_info</name>
         <load_address>0x12b1c</load_address>
         <run_address>0x12b1c</run_address>
         <size>0x59e</size>
         <input_file_ref idref="fl-15"/>
      </object_component>
      <object_component id="oc-85">
         <name>.debug_info</name>
         <load_address>0x130ba</load_address>
         <run_address>0x130ba</run_address>
         <size>0x855</size>
         <input_file_ref idref="fl-15"/>
      </object_component>
      <object_component id="oc-28c">
         <name>.debug_info</name>
         <load_address>0x1390f</load_address>
         <run_address>0x1390f</run_address>
         <size>0x28f</size>
         <input_file_ref idref="fl-1a"/>
      </object_component>
      <object_component id="oc-209">
         <name>.debug_info</name>
         <load_address>0x13b9e</load_address>
         <run_address>0x13b9e</run_address>
         <size>0x1a0</size>
         <input_file_ref idref="fl-1a"/>
      </object_component>
      <object_component id="oc-2fd">
         <name>.debug_info</name>
         <load_address>0x13d3e</load_address>
         <run_address>0x13d3e</run_address>
         <size>0x46</size>
         <input_file_ref idref="fl-1a"/>
      </object_component>
      <object_component id="oc-287">
         <name>.debug_info</name>
         <load_address>0x13d84</load_address>
         <run_address>0x13d84</run_address>
         <size>0x39</size>
         <input_file_ref idref="fl-1a"/>
      </object_component>
      <object_component id="oc-227">
         <name>.debug_info</name>
         <load_address>0x13dbd</load_address>
         <run_address>0x13dbd</run_address>
         <size>0x33a</size>
         <input_file_ref idref="fl-1b"/>
      </object_component>
      <object_component id="oc-14b">
         <name>.debug_info</name>
         <load_address>0x140f7</load_address>
         <run_address>0x140f7</run_address>
         <size>0x1ee</size>
         <input_file_ref idref="fl-1b"/>
      </object_component>
      <object_component id="oc-21c">
         <name>.debug_info</name>
         <load_address>0x142e5</load_address>
         <run_address>0x142e5</run_address>
         <size>0x1c3</size>
         <input_file_ref idref="fl-1b"/>
      </object_component>
      <object_component id="oc-222">
         <name>.debug_info</name>
         <load_address>0x144a8</load_address>
         <run_address>0x144a8</run_address>
         <size>0x176</size>
         <input_file_ref idref="fl-1b"/>
      </object_component>
      <object_component id="oc-228">
         <name>.debug_info</name>
         <load_address>0x1461e</load_address>
         <run_address>0x1461e</run_address>
         <size>0x2c</size>
         <input_file_ref idref="fl-1b"/>
      </object_component>
      <object_component id="oc-22d">
         <name>.debug_info</name>
         <load_address>0x1464a</load_address>
         <run_address>0x1464a</run_address>
         <size>0x69</size>
         <input_file_ref idref="fl-1b"/>
      </object_component>
      <object_component id="oc-148">
         <name>.debug_info</name>
         <load_address>0x146b3</load_address>
         <run_address>0x146b3</run_address>
         <size>0x122</size>
         <input_file_ref idref="fl-1c"/>
      </object_component>
      <object_component id="oc-5d">
         <name>.debug_info</name>
         <load_address>0x147d5</load_address>
         <run_address>0x147d5</run_address>
         <size>0x119</size>
         <input_file_ref idref="fl-1d"/>
      </object_component>
      <object_component id="oc-1fa">
         <name>.debug_info</name>
         <load_address>0x148ee</load_address>
         <run_address>0x148ee</run_address>
         <size>0x4b3</size>
         <input_file_ref idref="fl-1e"/>
      </object_component>
      <object_component id="oc-104">
         <name>.debug_info</name>
         <load_address>0x14da1</load_address>
         <run_address>0x14da1</run_address>
         <size>0x1a6</size>
         <input_file_ref idref="fl-1e"/>
      </object_component>
      <object_component id="oc-275">
         <name>.debug_info</name>
         <load_address>0x14f47</load_address>
         <run_address>0x14f47</run_address>
         <size>0x39</size>
         <input_file_ref idref="fl-1e"/>
      </object_component>
      <object_component id="oc-2f1">
         <name>.debug_info</name>
         <load_address>0x14f80</load_address>
         <run_address>0x14f80</run_address>
         <size>0x39</size>
         <input_file_ref idref="fl-1e"/>
      </object_component>
      <object_component id="oc-27a">
         <name>.debug_info</name>
         <load_address>0x14fb9</load_address>
         <run_address>0x14fb9</run_address>
         <size>0x39</size>
         <input_file_ref idref="fl-1e"/>
      </object_component>
      <object_component id="oc-27f">
         <name>.debug_info</name>
         <load_address>0x14ff2</load_address>
         <run_address>0x14ff2</run_address>
         <size>0xcd</size>
         <input_file_ref idref="fl-1e"/>
      </object_component>
      <object_component id="oc-de">
         <name>.debug_info</name>
         <load_address>0x150bf</load_address>
         <run_address>0x150bf</run_address>
         <size>0x2d4</size>
         <input_file_ref idref="fl-20"/>
      </object_component>
      <object_component id="oc-71">
         <name>.debug_info</name>
         <load_address>0x15393</load_address>
         <run_address>0x15393</run_address>
         <size>0x1b5</size>
         <input_file_ref idref="fl-20"/>
      </object_component>
      <object_component id="oc-d9">
         <name>.debug_info</name>
         <load_address>0x15548</load_address>
         <run_address>0x15548</run_address>
         <size>0x46</size>
         <input_file_ref idref="fl-20"/>
      </object_component>
      <object_component id="oc-66">
         <name>.debug_info</name>
         <load_address>0x1558e</load_address>
         <run_address>0x1558e</run_address>
         <size>0x2a3</size>
         <input_file_ref idref="fl-21"/>
      </object_component>
      <object_component id="oc-21">
         <name>.debug_info</name>
         <load_address>0x15831</load_address>
         <run_address>0x15831</run_address>
         <size>0x1d5</size>
         <input_file_ref idref="fl-21"/>
      </object_component>
      <object_component id="oc-61">
         <name>.debug_info</name>
         <load_address>0x15a06</load_address>
         <run_address>0x15a06</run_address>
         <size>0x46</size>
         <input_file_ref idref="fl-21"/>
      </object_component>
      <object_component id="oc-d1">
         <name>.debug_info</name>
         <load_address>0x15a4c</load_address>
         <run_address>0x15a4c</run_address>
         <size>0x2c</size>
         <input_file_ref idref="fl-21"/>
      </object_component>
      <object_component id="oc-cf">
         <name>.debug_info</name>
         <load_address>0x15a78</load_address>
         <run_address>0x15a78</run_address>
         <size>0x29e</size>
         <input_file_ref idref="fl-22"/>
      </object_component>
      <object_component id="oc-1b">
         <name>.debug_info</name>
         <load_address>0x15d16</load_address>
         <run_address>0x15d16</run_address>
         <size>0x250</size>
         <input_file_ref idref="fl-22"/>
      </object_component>
      <object_component id="oc-51">
         <name>.debug_info</name>
         <load_address>0x15f66</load_address>
         <run_address>0x15f66</run_address>
         <size>0x60</size>
         <input_file_ref idref="fl-22"/>
      </object_component>
      <object_component id="oc-19f">
         <name>.debug_info</name>
         <load_address>0x15fc6</load_address>
         <run_address>0x15fc6</run_address>
         <size>0x46</size>
         <input_file_ref idref="fl-22"/>
      </object_component>
      <object_component id="oc-ca">
         <name>.debug_info</name>
         <load_address>0x1600c</load_address>
         <run_address>0x1600c</run_address>
         <size>0x39</size>
         <input_file_ref idref="fl-22"/>
      </object_component>
      <object_component id="oc-160">
         <name>.debug_info</name>
         <load_address>0x16045</load_address>
         <run_address>0x16045</run_address>
         <size>0x122</size>
         <input_file_ref idref="fl-23"/>
      </object_component>
      <object_component id="oc-210">
         <name>.debug_info</name>
         <load_address>0x16167</load_address>
         <run_address>0x16167</run_address>
         <size>0x28f</size>
         <input_file_ref idref="fl-25"/>
      </object_component>
      <object_component id="oc-13d">
         <name>.debug_info</name>
         <load_address>0x163f6</load_address>
         <run_address>0x163f6</run_address>
         <size>0x245</size>
         <input_file_ref idref="fl-25"/>
      </object_component>
      <object_component id="oc-2cd">
         <name>.debug_info</name>
         <load_address>0x1663b</load_address>
         <run_address>0x1663b</run_address>
         <size>0x595</size>
         <input_file_ref idref="fl-26"/>
      </object_component>
      <object_component id="oc-29d">
         <name>.debug_info</name>
         <load_address>0x16bd0</load_address>
         <run_address>0x16bd0</run_address>
         <size>0x219</size>
         <input_file_ref idref="fl-26"/>
      </object_component>
      <object_component id="oc-316">
         <name>.debug_info</name>
         <load_address>0x16de9</load_address>
         <run_address>0x16de9</run_address>
         <size>0x1b3</size>
         <input_file_ref idref="fl-26"/>
      </object_component>
      <object_component id="oc-31c">
         <name>.debug_info</name>
         <load_address>0x16f9c</load_address>
         <run_address>0x16f9c</run_address>
         <size>0x21b</size>
         <input_file_ref idref="fl-26"/>
      </object_component>
      <object_component id="oc-2a3">
         <name>.debug_info</name>
         <load_address>0x171b7</load_address>
         <run_address>0x171b7</run_address>
         <size>0x2c9</size>
         <input_file_ref idref="fl-26"/>
      </object_component>
      <object_component id="oc-323">
         <name>.debug_info</name>
         <load_address>0x17480</load_address>
         <run_address>0x17480</run_address>
         <size>0x229</size>
         <input_file_ref idref="fl-26"/>
      </object_component>
      <object_component id="oc-329">
         <name>.debug_info</name>
         <load_address>0x176a9</load_address>
         <run_address>0x176a9</run_address>
         <size>0x215</size>
         <input_file_ref idref="fl-26"/>
      </object_component>
      <object_component id="oc-2a9">
         <name>.debug_info</name>
         <load_address>0x178be</load_address>
         <run_address>0x178be</run_address>
         <size>0x215</size>
         <input_file_ref idref="fl-26"/>
      </object_component>
      <object_component id="oc-2af">
         <name>.debug_info</name>
         <load_address>0x17ad3</load_address>
         <run_address>0x17ad3</run_address>
         <size>0x240</size>
         <input_file_ref idref="fl-26"/>
      </object_component>
      <object_component id="oc-2b5">
         <name>.debug_info</name>
         <load_address>0x17d13</load_address>
         <run_address>0x17d13</run_address>
         <size>0x35e</size>
         <input_file_ref idref="fl-26"/>
      </object_component>
      <object_component id="oc-215">
         <name>.debug_info</name>
         <load_address>0x18071</load_address>
         <run_address>0x18071</run_address>
         <size>0x5df</size>
         <input_file_ref idref="fl-26"/>
      </object_component>
      <object_component id="oc-2ce">
         <name>.debug_info</name>
         <load_address>0x18650</load_address>
         <run_address>0x18650</run_address>
         <size>0x86</size>
         <input_file_ref idref="fl-26"/>
      </object_component>
      <object_component id="oc-353">
         <name>.debug_info</name>
         <load_address>0x186d6</load_address>
         <run_address>0x186d6</run_address>
         <size>0x39</size>
         <input_file_ref idref="fl-26"/>
      </object_component>
      <object_component id="oc-38f">
         <name>.debug_info</name>
         <load_address>0x1870f</load_address>
         <run_address>0x1870f</run_address>
         <size>0xb6</size>
         <input_file_ref idref="fl-26"/>
      </object_component>
      <object_component id="oc-358">
         <name>.debug_info</name>
         <load_address>0x187c5</load_address>
         <run_address>0x187c5</run_address>
         <size>0x46</size>
         <input_file_ref idref="fl-26"/>
      </object_component>
      <object_component id="oc-2d3">
         <name>.debug_info</name>
         <load_address>0x1880b</load_address>
         <run_address>0x1880b</run_address>
         <size>0x46</size>
         <input_file_ref idref="fl-26"/>
      </object_component>
      <object_component id="oc-e0">
         <name>.debug_info</name>
         <load_address>0x18851</load_address>
         <run_address>0x18851</run_address>
         <size>0x147</size>
         <input_file_ref idref="fl-27"/>
      </object_component>
      <object_component id="oc-30b">
         <name>.debug_info</name>
         <load_address>0x18998</load_address>
         <run_address>0x18998</run_address>
         <size>0x14a</size>
         <input_file_ref idref="fl-28"/>
      </object_component>
      <object_component id="oc-36c">
         <name>.debug_info</name>
         <load_address>0x18ae2</load_address>
         <run_address>0x18ae2</run_address>
         <size>0x29c</size>
         <input_file_ref idref="fl-29"/>
      </object_component>
      <object_component id="oc-312">
         <name>.debug_info</name>
         <load_address>0x18d7e</load_address>
         <run_address>0x18d7e</run_address>
         <size>0x1da</size>
         <input_file_ref idref="fl-29"/>
      </object_component>
      <object_component id="oc-308">
         <name>.debug_info</name>
         <load_address>0x18f58</load_address>
         <run_address>0x18f58</run_address>
         <size>0x2b9</size>
         <input_file_ref idref="fl-2a"/>
      </object_component>
      <object_component id="oc-298">
         <name>.debug_info</name>
         <load_address>0x19211</load_address>
         <run_address>0x19211</run_address>
         <size>0x17c</size>
         <input_file_ref idref="fl-2a"/>
      </object_component>
      <object_component id="oc-362">
         <name>.debug_info</name>
         <load_address>0x1938d</load_address>
         <run_address>0x1938d</run_address>
         <size>0xf9</size>
         <input_file_ref idref="fl-2b"/>
      </object_component>
      <object_component id="oc-305">
         <name>.debug_info</name>
         <load_address>0x19486</load_address>
         <run_address>0x19486</run_address>
         <size>0x105</size>
         <input_file_ref idref="fl-2b"/>
      </object_component>
      <object_component id="oc-344">
         <name>.debug_info</name>
         <load_address>0x1958b</load_address>
         <run_address>0x1958b</run_address>
         <size>0x2a7</size>
         <input_file_ref idref="fl-2c"/>
      </object_component>
      <object_component id="oc-2bd">
         <name>.debug_info</name>
         <load_address>0x19832</load_address>
         <run_address>0x19832</run_address>
         <size>0x1b8</size>
         <input_file_ref idref="fl-2c"/>
      </object_component>
      <object_component id="oc-381">
         <name>.debug_info</name>
         <load_address>0x199ea</load_address>
         <run_address>0x199ea</run_address>
         <size>0x29a</size>
         <input_file_ref idref="fl-2d"/>
      </object_component>
      <object_component id="oc-33f">
         <name>.debug_info</name>
         <load_address>0x19c84</load_address>
         <run_address>0x19c84</run_address>
         <size>0x262</size>
         <input_file_ref idref="fl-2d"/>
      </object_component>
      <object_component id="oc-350">
         <name>.debug_info</name>
         <load_address>0x19ee6</load_address>
         <run_address>0x19ee6</run_address>
         <size>0x289</size>
         <input_file_ref idref="fl-2e"/>
      </object_component>
      <object_component id="oc-34d">
         <name>.debug_info</name>
         <load_address>0x1a16f</load_address>
         <run_address>0x1a16f</run_address>
         <size>0x10e</size>
         <input_file_ref idref="fl-2e"/>
      </object_component>
      <object_component id="oc-2ca">
         <name>.debug_info</name>
         <load_address>0x1a27d</load_address>
         <run_address>0x1a27d</run_address>
         <size>0x14e</size>
         <input_file_ref idref="fl-2e"/>
      </object_component>
      <object_component id="oc-34b">
         <name>.debug_info</name>
         <load_address>0x1a3cb</load_address>
         <run_address>0x1a3cb</run_address>
         <size>0x28f</size>
         <input_file_ref idref="fl-2f"/>
      </object_component>
      <object_component id="oc-2c4">
         <name>.debug_info</name>
         <load_address>0x1a65a</load_address>
         <run_address>0x1a65a</run_address>
         <size>0x15a</size>
         <input_file_ref idref="fl-2f"/>
      </object_component>
      <object_component id="oc-384">
         <name>.debug_info</name>
         <load_address>0x1a7b4</load_address>
         <run_address>0x1a7b4</run_address>
         <size>0x46</size>
         <input_file_ref idref="fl-2f"/>
      </object_component>
      <object_component id="oc-346">
         <name>.debug_info</name>
         <load_address>0x1a7fa</load_address>
         <run_address>0x1a7fa</run_address>
         <size>0x39</size>
         <input_file_ref idref="fl-2f"/>
      </object_component>
      <object_component id="oc-372">
         <name>.debug_info</name>
         <load_address>0x1a833</load_address>
         <run_address>0x1a833</run_address>
         <size>0x29a</size>
         <input_file_ref idref="fl-30"/>
      </object_component>
      <object_component id="oc-334">
         <name>.debug_info</name>
         <load_address>0x1aacd</load_address>
         <run_address>0x1aacd</run_address>
         <size>0x18e</size>
         <input_file_ref idref="fl-30"/>
      </object_component>
      <object_component id="oc-39b">
         <name>.debug_info</name>
         <load_address>0x1ac5b</load_address>
         <run_address>0x1ac5b</run_address>
         <size>0x39</size>
         <input_file_ref idref="fl-30"/>
      </object_component>
      <object_component id="oc-373">
         <name>.debug_info</name>
         <load_address>0x1ac94</load_address>
         <run_address>0x1ac94</run_address>
         <size>0x2c</size>
         <input_file_ref idref="fl-30"/>
      </object_component>
      <object_component id="oc-37f">
         <name>.debug_info</name>
         <load_address>0x1acc0</load_address>
         <run_address>0x1acc0</run_address>
         <size>0x2fd</size>
         <input_file_ref idref="fl-31"/>
      </object_component>
      <object_component id="oc-339">
         <name>.debug_info</name>
         <load_address>0x1afbd</load_address>
         <run_address>0x1afbd</run_address>
         <size>0x1ad</size>
         <input_file_ref idref="fl-31"/>
      </object_component>
      <object_component id="oc-368">
         <name>.debug_info</name>
         <load_address>0x1b16a</load_address>
         <run_address>0x1b16a</run_address>
         <size>0x115</size>
         <input_file_ref idref="fl-32"/>
      </object_component>
      <object_component id="oc-37b">
         <name>.debug_info</name>
         <load_address>0x1b27f</load_address>
         <run_address>0x1b27f</run_address>
         <size>0x161</size>
         <input_file_ref idref="fl-33"/>
      </object_component>
      <object_component id="oc-3d2">
         <name>.debug_info</name>
         <load_address>0x1b3e0</load_address>
         <run_address>0x1b3e0</run_address>
         <size>0x122</size>
      </object_component>
      <object_component id="oc-b6">
         <name>.debug_line</name>
         <load_address>0x0</load_address>
         <run_address>0x0</run_address>
         <size>0x78</size>
         <input_file_ref idref="fl-2"/>
      </object_component>
      <object_component id="oc-26a">
         <name>.debug_line</name>
         <load_address>0x78</load_address>
         <run_address>0x78</run_address>
         <size>0x20</size>
         <input_file_ref idref="fl-3"/>
      </object_component>
      <object_component id="oc-7c">
         <name>.debug_line</name>
         <load_address>0x98</load_address>
         <run_address>0x98</run_address>
         <size>0x1ea</size>
         <input_file_ref idref="fl-3"/>
      </object_component>
      <object_component id="oc-59">
         <name>.debug_line</name>
         <load_address>0x282</load_address>
         <run_address>0x282</run_address>
         <size>0x20</size>
         <input_file_ref idref="fl-3"/>
      </object_component>
      <object_component id="oc-ea">
         <name>.debug_line</name>
         <load_address>0x2a2</load_address>
         <run_address>0x2a2</run_address>
         <size>0xf2</size>
         <input_file_ref idref="fl-3"/>
      </object_component>
      <object_component id="oc-1f8">
         <name>.debug_line</name>
         <load_address>0x394</load_address>
         <run_address>0x394</run_address>
         <size>0xdf</size>
         <input_file_ref idref="fl-4"/>
      </object_component>
      <object_component id="oc-92">
         <name>.debug_line</name>
         <load_address>0x473</load_address>
         <run_address>0x473</run_address>
         <size>0x26b</size>
         <input_file_ref idref="fl-4"/>
      </object_component>
      <object_component id="oc-2b">
         <name>.debug_line</name>
         <load_address>0x6de</load_address>
         <run_address>0x6de</run_address>
         <size>0x63</size>
         <input_file_ref idref="fl-4"/>
      </object_component>
      <object_component id="oc-176">
         <name>.debug_line</name>
         <load_address>0x741</load_address>
         <run_address>0x741</run_address>
         <size>0x6f</size>
         <input_file_ref idref="fl-4"/>
      </object_component>
      <object_component id="oc-a9">
         <name>.debug_line</name>
         <load_address>0x7b0</load_address>
         <run_address>0x7b0</run_address>
         <size>0xe8</size>
         <input_file_ref idref="fl-4"/>
      </object_component>
      <object_component id="oc-c2">
         <name>.debug_line</name>
         <load_address>0x898</load_address>
         <run_address>0x898</run_address>
         <size>0x20</size>
         <input_file_ref idref="fl-4"/>
      </object_component>
      <object_component id="oc-bd">
         <name>.debug_line</name>
         <load_address>0x8b8</load_address>
         <run_address>0x8b8</run_address>
         <size>0xe3</size>
         <input_file_ref idref="fl-4"/>
      </object_component>
      <object_component id="oc-23e">
         <name>.debug_line</name>
         <load_address>0x99b</load_address>
         <run_address>0x99b</run_address>
         <size>0x73</size>
         <input_file_ref idref="fl-4"/>
      </object_component>
      <object_component id="oc-15b">
         <name>.debug_line</name>
         <load_address>0xa0e</load_address>
         <run_address>0xa0e</run_address>
         <size>0x70</size>
         <input_file_ref idref="fl-4"/>
      </object_component>
      <object_component id="oc-c7">
         <name>.debug_line</name>
         <load_address>0xa7e</load_address>
         <run_address>0xa7e</run_address>
         <size>0xe6</size>
         <input_file_ref idref="fl-4"/>
      </object_component>
      <object_component id="oc-17b">
         <name>.debug_line</name>
         <load_address>0xb64</load_address>
         <run_address>0xb64</run_address>
         <size>0xe3</size>
         <input_file_ref idref="fl-4"/>
      </object_component>
      <object_component id="oc-100">
         <name>.debug_line</name>
         <load_address>0xc47</load_address>
         <run_address>0xc47</run_address>
         <size>0xdf</size>
         <input_file_ref idref="fl-4"/>
      </object_component>
      <object_component id="oc-194">
         <name>.debug_line</name>
         <load_address>0xd26</load_address>
         <run_address>0xd26</run_address>
         <size>0xe3</size>
         <input_file_ref idref="fl-4"/>
      </object_component>
      <object_component id="oc-290">
         <name>.debug_line</name>
         <load_address>0xe09</load_address>
         <run_address>0xe09</run_address>
         <size>0x20</size>
         <input_file_ref idref="fl-5"/>
      </object_component>
      <object_component id="oc-144">
         <name>.debug_line</name>
         <load_address>0xe29</load_address>
         <run_address>0xe29</run_address>
         <size>0x17b</size>
         <input_file_ref idref="fl-5"/>
      </object_component>
      <object_component id="oc-185">
         <name>.debug_line</name>
         <load_address>0xfa4</load_address>
         <run_address>0xfa4</run_address>
         <size>0xe3</size>
         <input_file_ref idref="fl-5"/>
      </object_component>
      <object_component id="oc-294">
         <name>.debug_line</name>
         <load_address>0x1087</load_address>
         <run_address>0x1087</run_address>
         <size>0xdf</size>
         <input_file_ref idref="fl-5"/>
      </object_component>
      <object_component id="oc-257">
         <name>.debug_line</name>
         <load_address>0x1166</load_address>
         <run_address>0x1166</run_address>
         <size>0x20</size>
         <input_file_ref idref="fl-6"/>
      </object_component>
      <object_component id="oc-a4">
         <name>.debug_line</name>
         <load_address>0x1186</load_address>
         <run_address>0x1186</run_address>
         <size>0xd2</size>
         <input_file_ref idref="fl-6"/>
      </object_component>
      <object_component id="oc-1b6">
         <name>.debug_line</name>
         <load_address>0x1258</load_address>
         <run_address>0x1258</run_address>
         <size>0xe3</size>
         <input_file_ref idref="fl-6"/>
      </object_component>
      <object_component id="oc-1bb">
         <name>.debug_line</name>
         <load_address>0x133b</load_address>
         <run_address>0x133b</run_address>
         <size>0xe6</size>
         <input_file_ref idref="fl-6"/>
      </object_component>
      <object_component id="oc-1c0">
         <name>.debug_line</name>
         <load_address>0x1421</load_address>
         <run_address>0x1421</run_address>
         <size>0xe3</size>
         <input_file_ref idref="fl-6"/>
      </object_component>
      <object_component id="oc-25b">
         <name>.debug_line</name>
         <load_address>0x1504</load_address>
         <run_address>0x1504</run_address>
         <size>0xe3</size>
         <input_file_ref idref="fl-6"/>
      </object_component>
      <object_component id="oc-16f">
         <name>.debug_line</name>
         <load_address>0x15e7</load_address>
         <run_address>0x15e7</run_address>
         <size>0xe3</size>
         <input_file_ref idref="fl-6"/>
      </object_component>
      <object_component id="oc-1a9">
         <name>.debug_line</name>
         <load_address>0x16ca</load_address>
         <run_address>0x16ca</run_address>
         <size>0x6b</size>
         <input_file_ref idref="fl-6"/>
      </object_component>
      <object_component id="oc-1c5">
         <name>.debug_line</name>
         <load_address>0x1735</load_address>
         <run_address>0x1735</run_address>
         <size>0x74</size>
         <input_file_ref idref="fl-6"/>
      </object_component>
      <object_component id="oc-1ca">
         <name>.debug_line</name>
         <load_address>0x17a9</load_address>
         <run_address>0x17a9</run_address>
         <size>0xe3</size>
         <input_file_ref idref="fl-6"/>
      </object_component>
      <object_component id="oc-1f5">
         <name>.debug_line</name>
         <load_address>0x188c</load_address>
         <run_address>0x188c</run_address>
         <size>0xe8</size>
         <input_file_ref idref="fl-6"/>
      </object_component>
      <object_component id="oc-1cf">
         <name>.debug_line</name>
         <load_address>0x1974</load_address>
         <run_address>0x1974</run_address>
         <size>0xe3</size>
         <input_file_ref idref="fl-6"/>
      </object_component>
      <object_component id="oc-180">
         <name>.debug_line</name>
         <load_address>0x1a57</load_address>
         <run_address>0x1a57</run_address>
         <size>0xe5</size>
         <input_file_ref idref="fl-6"/>
      </object_component>
      <object_component id="oc-1e8">
         <name>.debug_line</name>
         <load_address>0x1b3c</load_address>
         <run_address>0x1b3c</run_address>
         <size>0xe2</size>
         <input_file_ref idref="fl-6"/>
      </object_component>
      <object_component id="oc-1d4">
         <name>.debug_line</name>
         <load_address>0x1c1e</load_address>
         <run_address>0x1c1e</run_address>
         <size>0xe3</size>
         <input_file_ref idref="fl-6"/>
      </object_component>
      <object_component id="oc-1de">
         <name>.debug_line</name>
         <load_address>0x1d01</load_address>
         <run_address>0x1d01</run_address>
         <size>0xe5</size>
         <input_file_ref idref="fl-6"/>
      </object_component>
      <object_component id="oc-245">
         <name>.debug_line</name>
         <load_address>0x1de6</load_address>
         <run_address>0x1de6</run_address>
         <size>0xe3</size>
         <input_file_ref idref="fl-6"/>
      </object_component>
      <object_component id="oc-267">
         <name>.debug_line</name>
         <load_address>0x1ec9</load_address>
         <run_address>0x1ec9</run_address>
         <size>0xdf</size>
         <input_file_ref idref="fl-6"/>
      </object_component>
      <object_component id="oc-1ed">
         <name>.debug_line</name>
         <load_address>0x1fa8</load_address>
         <run_address>0x1fa8</run_address>
         <size>0xe3</size>
         <input_file_ref idref="fl-6"/>
      </object_component>
      <object_component id="oc-18a">
         <name>.debug_line</name>
         <load_address>0x208b</load_address>
         <run_address>0x208b</run_address>
         <size>0xe6</size>
         <input_file_ref idref="fl-6"/>
      </object_component>
      <object_component id="oc-18f">
[...]
         <value>0x8aec</value>
         <object_component_ref idref="oc-f5"/>
      </symbol>
      <symbol id="sm-385">
         <name>_pmuSetCountEvent_</name>
         <value>0x8b2c</value>
         <object_component_ref idref="oc-f5"/>
      </symbol>
      <symbol id="sm-386">
         <name>_pmuGetCycleCount_</name>
         <value>0x8b38</value>
         <object_component_ref idref="oc-f5"/>
      </symbol>
      <symbol id="sm-387">
         <name>_pmuEnableCountersGlobal_</name>
         <value>0x8acc</value>
         <object_component_ref idref="oc-f5"/>
      </symbol>
      <symbol id="sm-388">
         <name>_pmuDisableCountersGlobal_</name>
         <value>0x8adc</value>
         <object_component_ref idref="oc-f5"/>
      </symbol>
      <symbol id="sm-389">
         <name>_pmuStartCounters_</name>
         <value>0x8b1c</value>
         <object_component_ref idref="oc-f5"/>
      </symbol>
      <symbol id="sm-549">
         <name>pbistSelfCheck</name>
         <value>0x2cc</value>
         <object_component_ref idref="oc-8a"/>
      </symbol>
      <symbol id="sm-54a">
         <name>fmcBus1ParityCheck</name>
         <value>0x22c4</value>
         <object_component_ref idref="oc-8a"/>
      </symbol>
      <symbol id="sm-54b">
         <name>can1ParityCheck</name>
         <value>0x1410</value>
         <object_component_ref idref="oc-8a"/>
      </symbol>
      <symbol id="sm-54c">
         <name>enableParity</name>
         <value>0x2ad0</value>
         <object_component_ref idref="oc-8a"/>
      </symbol>
      <symbol id="sm-54d">
         <name>dmaParityCheck</name>
         <value>0xeac</value>
         <object_component_ref idref="oc-8a"/>
      </symbol>
      <symbol id="sm-54e">
         <name>custom_dabort</name>
         <value>0xdf4</value>
         <object_component_ref idref="oc-8a"/>
      </symbol>
      <symbol id="sm-54f">
         <name>memoryInit</name>
         <value>0x174</value>
         <object_component_ref idref="oc-8a"/>
      </symbol>
      <symbol id="sm-550">
         <name>stcSelfCheck</name>
         <value>0x1b8</value>
         <object_component_ref idref="oc-8a"/>
      </symbol>
      <symbol id="sm-551">
         <name>efcGetConfigValue</name>
         <value>0x2660</value>
         <object_component_ref idref="oc-8a"/>
      </symbol>
      <symbol id="sm-552">
         <name>can2ParityCheck</name>
         <value>0x14e8</value>
         <object_component_ref idref="oc-8a"/>
      </symbol>
      <symbol id="sm-553">
         <name>het1ParityCheck</name>
         <value>0xf58</value>
         <object_component_ref idref="oc-8a"/>
      </symbol>
      <symbol id="sm-554">
         <name>adc1ParityCheck</name>
         <value>0x126c</value>
         <object_component_ref idref="oc-8a"/>
      </symbol>
      <symbol id="sm-555">
         <name>checkefcSelfTest</name>
         <value>0x7bc</value>
         <object_component_ref idref="oc-8a"/>
      </symbol>
      <symbol id="sm-556">
         <name>checkRAMECC</name>
         <value>0x19d0</value>
         <object_component_ref idref="oc-8a"/>
      </symbol>
      <symbol id="sm-557">
         <name>stcSelfCheckFail</name>
         <value>0xdf8</value>
         <object_component_ref idref="oc-8a"/>
      </symbol>
      <symbol id="sm-558">
         <name>ccmSelfCheck</name>
         <value>0x30</value>
         <object_component_ref idref="oc-8a"/>
      </symbol>
      <symbol id="sm-559">
         <name>efcCheck</name>
         <value>0x660</value>
         <object_component_ref idref="oc-8a"/>
      </symbol>
      <symbol id="sm-55a">
         <name>het2ParityCheck</name>
         <value>0x10c0</value>
         <object_component_ref idref="oc-8a"/>
      </symbol>
      <symbol id="sm-55b">
         <name>adc2ParityCheck</name>
         <value>0x1358</value>
         <object_component_ref idref="oc-8a"/>
      </symbol>
      <symbol id="sm-55c">
         <name>cpuSelfTest</name>
         <value>0x234</value>
         <object_component_ref idref="oc-8a"/>
      </symbol>
      <symbol id="sm-55d">
         <name>htu1ParityCheck</name>
         <value>0x1004</value>
         <object_component_ref idref="oc-8a"/>
      </symbol>
      <symbol id="sm-55e">
         <name>checkFlashECC</name>
         <value>0xd18</value>
         <object_component_ref idref="oc-8a"/>
      </symbol>
      <symbol id="sm-55f">
         <name>cpuSelfTestFail</name>
         <value>0xdfc</value>
         <object_component_ref idref="oc-8a"/>
      </symbol>
      <symbol id="sm-560">
         <name>checkPLL1Slip</name>
         <value>0x1e8c</value>
         <object_component_ref idref="oc-8a"/>
      </symbol>
      <symbol id="sm-561">
         <name>mibspi1ParityCheck</name>
         <value>0x1684</value>
         <object_component_ref idref="oc-8a"/>
      </symbol>
      <symbol id="sm-562">
         <name>ccmr4GetConfigValue</name>
         <value>0x26fc</value>
         <object_component_ref idref="oc-8a"/>
      </symbol>
      <symbol id="sm-563">
         <name>htu2ParityCheck</name>
         <value>0x11bc</value>
         <object_component_ref idref="oc-8a"/>
      </symbol>
      <symbol id="sm-564">
         <name>pbistPortTestStatus</name>
         <value>0x608</value>
         <object_component_ref idref="oc-8a"/>
      </symbol>
      <symbol id="sm-565">
         <name>checkFlashEEPROMECC</name>
         <value>0x1cf4</value>
         <object_component_ref idref="oc-8a"/>
      </symbol>
      <symbol id="sm-566">
         <name>pbistGetConfigValue</name>
         <value>0x2470</value>
         <object_component_ref idref="oc-8a"/>
      </symbol>
      <symbol id="sm-567">
         <name>vimParityCheck</name>
         <value>0xe00</value>
         <object_component_ref idref="oc-8a"/>
      </symbol>
      <symbol id="sm-568">
         <name>pbistIsTestCompleted</name>
         <value>0x5a8</value>
         <object_component_ref idref="oc-8a"/>
      </symbol>
      <symbol id="sm-569">
         <name>disableParity</name>
         <value>0x2b58</value>
         <object_component_ref idref="oc-8a"/>
      </symbol>
      <symbol id="sm-56a">
         <name>pbistRun</name>
         <value>0x4ac</value>
         <object_component_ref idref="oc-8a"/>
      </symbol>
      <symbol id="sm-56b">
         <name>pbistFail</name>
         <value>0x23ec</value>
         <object_component_ref idref="oc-8a"/>
      </symbol>
      <symbol id="sm-56c">
         <name>selftestFailNotification</name>
         <value>0x20</value>
         <object_component_ref idref="oc-8a"/>
      </symbol>
      <symbol id="sm-56d">
         <name>errata_PBIST_4</name>
         <value>0x276c</value>
         <object_component_ref idref="oc-8a"/>
      </symbol>
      <symbol id="sm-56e">
         <name>mibspi3ParityCheck</name>
         <value>0x178c</value>
         <object_component_ref idref="oc-8a"/>
      </symbol>
      <symbol id="sm-56f">
         <name>efcSelfTest</name>
         <value>0x794</value>
         <object_component_ref idref="oc-8a"/>
      </symbol>
      <symbol id="sm-570">
         <name>checkB1RAMECC</name>
         <value>0xb28</value>
         <object_component_ref idref="oc-8a"/>
      </symbol>
      <symbol id="sm-571">
         <name>pbistStop</name>
         <value>0x578</value>
         <object_component_ref idref="oc-8a"/>
      </symbol>
      <symbol id="sm-572">
         <name>can3ParityCheck</name>
         <value>0x15b0</value>
         <object_component_ref idref="oc-8a"/>
      </symbol>
      <symbol id="sm-573">
         <name>checkRAMAddrParity</name>
         <value>0x2050</value>
         <object_component_ref idref="oc-8a"/>
      </symbol>
      <symbol id="sm-574">
         <name>mibspi5ParityCheck</name>
         <value>0x18b0</value>
         <object_component_ref idref="oc-8a"/>
      </symbol>
      <symbol id="sm-575">
         <name>checkB0RAMECC</name>
         <value>0x938</value>
         <object_component_ref idref="oc-8a"/>
      </symbol>
      <symbol id="sm-576">
         <name>stcGetConfigValue</name>
         <value>0x25bc</value>
         <object_component_ref idref="oc-8a"/>
      </symbol>
      <symbol id="sm-577">
         <name>pbistIsTestPassed</name>
         <value>0x5d4</value>
         <object_component_ref idref="oc-8a"/>
      </symbol>
      <symbol id="sm-578">
         <name>checkClockMonitor</name>
         <value>0x1c18</value>
         <object_component_ref idref="oc-8a"/>
      </symbol>
      <symbol id="sm-579">
         <name>fmcECCcheck</name>
         <value>0x898</value>
         <object_component_ref idref="oc-8a"/>
      </symbol>
      <symbol id="sm-57a">
         <name>fmcBus2Check</name>
         <value>0x85c</value>
         <object_component_ref idref="oc-8a"/>
      </symbol>
      <symbol id="sm-57b">
         <name>checkRAMUERRTest</name>
         <value>0x215c</value>
         <object_component_ref idref="oc-8a"/>
      </symbol>
      <symbol id="sm-57c">
         <name>efcStuckZeroTest</name>
         <value>0x6e8</value>
         <object_component_ref idref="oc-8a"/>
      </symbol>
      <symbol id="sm-57d">
         <name>checkPLL2Slip</name>
         <value>0x1f8c</value>
         <object_component_ref idref="oc-8a"/>
      </symbol>
      <symbol id="sm-5af">
         <name>_c_int00</name>
         <value>0x7c40</value>
         <object_component_ref idref="oc-24"/>
      </symbol>
      <symbol id="sm-5b0">
         <name>handlePLLLockFail</name>
         <value>0x9240</value>
         <object_component_ref idref="oc-7e"/>
      </symbol>
      <symbol id="sm-65f">
         <name>vimChannelMap</name>
         <value>0x3934</value>
         <object_component_ref idref="oc-45"/>
      </symbol>
      <symbol id="sm-660">
         <name>vimInit</name>
         <value>0x3860</value>
         <object_component_ref idref="oc-45"/>
      </symbol>
      <symbol id="sm-661">
         <name>vimEnableInterrupt</name>
         <value>0x39d8</value>
         <object_component_ref idref="oc-45"/>
      </symbol>
      <symbol id="sm-662">
         <name>vimDisableInterrupt</name>
         <value>0x3ba0</value>
         <object_component_ref idref="oc-45"/>
      </symbol>
      <symbol id="sm-663">
         <name>vimGetConfigValue</name>
         <value>0x3c4c</value>
         <object_component_ref idref="oc-45"/>
      </symbol>
      <symbol id="sm-664">
         <name>vimParityErrorHandler</name>
         <value>0x76c0</value>
         <object_component_ref idref="oc-44"/>
      </symbol>
      <symbol id="sm-6bf">
         <name>systemGetConfigValue</name>
         <value>0x3088</value>
         <object_component_ref idref="oc-84"/>
      </symbol>
      <symbol id="sm-6c0">
         <name>trimLPO</name>
         <value>0x2d5c</value>
         <object_component_ref idref="oc-84"/>
      </symbol>
      <symbol id="sm-6c1">
         <name>systemInit</name>
         <value>0x2f8c</value>
         <object_component_ref idref="oc-84"/>
      </symbol>
      <symbol id="sm-6c2">
         <name>customTrimLPO</name>
         <value>0x3784</value>
         <object_component_ref idref="oc-84"/>
      </symbol>
      <symbol id="sm-6c3">
         <name>tcmflashGetConfigValue</name>
         <value>0x349c</value>
         <object_component_ref idref="oc-84"/>
      </symbol>
      <symbol id="sm-6c4">
         <name>sramGetConfigValue</name>
         <value>0x3648</value>
         <object_component_ref idref="oc-84"/>
      </symbol>
      <symbol id="sm-6c5">
         <name>periphInit</name>
         <value>0x2e10</value>
         <object_component_ref idref="oc-84"/>
      </symbol>
      <symbol id="sm-6c6">
         <name>setupFlash</name>
         <value>0x2dd0</value>
         <object_component_ref idref="oc-84"/>
      </symbol>
      <symbol id="sm-6c7">
         <name>setupPLL</name>
         <value>0x2cfc</value>
         <object_component_ref idref="oc-84"/>
      </symbol>
      <symbol id="sm-6c8">
         <name>mapClocks</name>
         <value>0x2e64</value>
         <object_component_ref idref="oc-84"/>
      </symbol>
      <symbol id="sm-6c9">
         <name>systemPowerDown</name>
         <value>0x3058</value>
         <object_component_ref idref="oc-84"/>
      </symbol>
      <symbol id="sm-6ef">
         <name>floorl</name>
         <value>0x89a1</value>
         <object_component_ref idref="oc-208"/>
      </symbol>
      <symbol id="sm-6f0">
         <name>floor</name>
         <value>0x89a1</value>
         <object_component_ref idref="oc-208"/>
      </symbol>
      <symbol id="sm-71f">
         <name>snprintf</name>
         <value>0x905d</value>
         <object_component_ref idref="oc-14a"/>
      </symbol>
      <symbol id="sm-728">
         <name>__aeabi_llsl</name>
         <value>0x91a3</value>
         <object_component_ref idref="oc-145"/>
      </symbol>
      <symbol id="sm-743">
         <name>memcpy</name>
         <value>0x8c0f</value>
         <object_component_ref idref="oc-5b"/>
      </symbol>
      <symbol id="sm-744">
         <name>__aeabi_memcpy</name>
         <value>0x8c0f</value>
         <object_component_ref idref="oc-5b"/>
      </symbol>
      <symbol id="sm-745">
         <name>__aeabi_memcpy8</name>
         <value>0x8c0f</value>
         <object_component_ref idref="oc-5b"/>
      </symbol>
      <symbol id="sm-746">
         <name>__aeabi_memcpy4</name>
         <value>0x8c0f</value>
         <object_component_ref idref="oc-5b"/>
      </symbol>
      <symbol id="sm-76e">
         <name>__TI_auto_init_nobinit_nopinit</name>
         <value>0x90a9</value>
         <object_component_ref idref="oc-103"/>
      </symbol>
      <symbol id="sm-781">
         <name>__TI_zero_init</name>
         <value>0x9225</value>
         <object_component_ref idref="oc-6d"/>
      </symbol>
      <symbol id="sm-798">
         <name>__TI_decompress_none</name>
         <value>0x9217</value>
         <object_component_ref idref="oc-1d"/>
      </symbol>
      <symbol id="sm-7bb">
         <name>__TI_decompress_lzss</name>
         <value>0x8ea9</value>
         <object_component_ref idref="oc-17"/>
      </symbol>
      <symbol id="sm-7c6">
         <name>C$$EXIT</name>
         <value>0x9239</value>
         <object_component_ref idref="oc-15e"/>
      </symbol>
      <symbol id="sm-7c7">
         <name>abort</name>
         <value>0x9239</value>
         <object_component_ref idref="oc-15e"/>
      </symbol>
      <symbol id="sm-7d6">
         <name>strlen</name>
         <value>0x91ef</value>
         <object_component_ref idref="oc-139"/>
      </symbol>
      <symbol id="sm-92d">
         <name>__TI_printfi</name>
         <value>0x42b5</value>
         <object_component_ref idref="oc-214"/>
      </symbol>
      <symbol id="sm-93c">
         <name>__aeabi_memset</name>
         <value>0x8dbd</value>
         <object_component_ref idref="oc-df"/>
      </symbol>
      <symbol id="sm-93d">
         <name>memset</name>
         <value>0x8dc3</value>
         <object_component_ref idref="oc-df"/>
      </symbol>
      <symbol id="sm-93e">
         <name>__aeabi_memset8</name>
         <value>0x8dbd</value>
         <object_component_ref idref="oc-df"/>
      </symbol>
      <symbol id="sm-93f">
         <name>__aeabi_memset4</name>
         <value>0x8dbd</value>
         <object_component_ref idref="oc-df"/>
      </symbol>
      <symbol id="sm-940">
         <name>__aeabi_memclr8</name>
         <value>0x8dbb</value>
         <object_component_ref idref="oc-df"/>
      </symbol>
      <symbol id="sm-941">
         <name>__aeabi_memclr4</name>
         <value>0x8dbb</value>
         <object_component_ref idref="oc-df"/>
      </symbol>
      <symbol id="sm-942">
         <name>__aeabi_memclr</name>
         <value>0x8dbb</value>
         <object_component_ref idref="oc-df"/>
      </symbol>
      <symbol id="sm-95d">
         <name>__aeabi_uldivmod</name>
         <value>0x798c</value>
         <object_component_ref idref="oc-309"/>
      </symbol>
      <symbol id="sm-96c">
         <name>__TI_ltoa</name>
         <value>0x8f15</value>
         <object_component_ref idref="oc-30f"/>
      </symbol>
      <symbol id="sm-981">
         <name>atoi</name>
         <value>0x900d</value>
         <object_component_ref idref="oc-296"/>
      </symbol>
      <symbol id="sm-98c">
         <name>_ctypes_</name>
         <value>0x9444</value>
         <object_component_ref idref="oc-304"/>
      </symbol>
      <symbol id="sm-99c">
         <name>memccpy</name>
         <value>0x915d</value>
         <object_component_ref idref="oc-2ba"/>
      </symbol>
      <symbol id="sm-9ac">
         <name>strchr</name>
         <value>0x91d9</value>
         <object_component_ref idref="oc-33c"/>
      </symbol>
      <symbol id="sm-9c2">
         <name>__aeabi_errno_addr</name>
         <value>0x9231</value>
         <object_component_ref idref="oc-2c6"/>
      </symbol>
      <symbol id="sm-9c3">
         <name>errno</name>
         <value>0x8001528</value>
         <object_component_ref idref="oc-34c"/>
      </symbol>
      <symbol id="sm-9dc">
         <name>wcslen</name>
         <value>0x9205</value>
         <object_component_ref idref="oc-2c0"/>
      </symbol>
      <symbol id="sm-9fa">
         <name>frexpl</name>
         <value>0x8e35</value>
         <object_component_ref idref="oc-330"/>
      </symbol>
      <symbol id="sm-9fb">
         <name>frexp</name>
         <value>0x8e35</value>
         <object_component_ref idref="oc-330"/>
      </symbol>
      <symbol id="sm-a18">
         <name>scalbn</name>
         <value>0x87c9</value>
         <object_component_ref idref="oc-336"/>
      </symbol>
      <symbol id="sm-a19">
         <name>scalbnl</name>
         <value>0x87c9</value>
         <object_component_ref idref="oc-336"/>
      </symbol>
      <symbol id="sm-a1a">
         <name>ldexpl</name>
         <value>0x87c9</value>
         <object_component_ref idref="oc-336"/>
      </symbol>
      <symbol id="sm-a1b">
         <name>ldexp</name>
         <value>0x87c9</value>
         <object_component_ref idref="oc-336"/>
      </symbol>
      <symbol id="sm-a25">
         <name>__aeabi_idiv0</name>
         <value>0x4cfb</value>
         <object_component_ref idref="oc-365"/>
      </symbol>
      <symbol id="sm-a26">
         <name>__aeabi_ldiv0</name>
         <value>0x4cfb</value>
         <object_component_ref idref="oc-365"/>
      </symbol>
      <symbol id="sm-a30">
         <name>copysign</name>
         <value>0x9183</value>
         <object_component_ref idref="oc-378"/>
      </symbol>
      <symbol id="sm-a31">
         <name>copysignl</name>
         <value>0x9183</value>
         <object_component_ref idref="oc-378"/>
      </symbol>
      <symbol id="sm-a32">
         <name>__TI_static_base__</name>
         <value>0x0</value>
      </symbol>
      <symbol id="sm-a35">
         <name>SHT$$INIT_ARRAY$$Base</name>
         <value>0x0</value>
      </symbol>
      <symbol id="sm-a36">
         <name>SHT$$INIT_ARRAY$$Limit</name>
         <value>0x0</value>
      </symbol>
      <symbol id="sm-a37">
         <name>_system_post_cinit</name>
         <value>0x0</value>
      </symbol>
   </symbol_table>
   <title>Link successful</title>
</link_info>
