******************************************************************************
                  TI ARM Linker PC v20.2.7                     
******************************************************************************
>> Linked Mon Sep  9 12:47:06 2024

OUTPUT FILE NAME:   <Memory(RAM)_Bitflip-detector.out>
ENTRY POINT SYMBOL: "_c_int00"  address: 00007bf8


MEMORY CONFIGURATION

         name            origin    length      used     unused   attr    fill
----------------------  --------  ---------  --------  --------  ----  --------
  VECTORS               00000000   00000020  00000020  00000000     X
  FLASH0                00000020   0013ffe0  0000952d  00136ab3  R  X
  STACKS                08000000   00001500  00000000  00001500  RW  
  RAM                   08001500   00000100  0000002d  000000d3  RW  
  DATA_STORE            08001600   000174fc  000174f8  00000004  RW  
  CUSTOM_RAM            08018afc   000174fc  000174f8  00000004  RW  


SEGMENT ALLOCATION MAP

run origin  load origin   length   init length attrs members
----------  ----------- ---------- ----------- ----- -------
00000000    00000000    00009550   00009550    r-x
  00000000    00000000    00000020   00000020    r-x .intvecs
  00000020    00000020    000091dc   000091dc    r-x .text
  000091fc    000091fc    00000301   00000301    r-- .const
  00009500    00009500    00000050   00000050    r-- .cinit
08001500    08001500    0000002d   00000000    rw-
  08001500    08001500    00000028   00000000    rw- .bss
  08001528    08001528    00000005   00000000    rw- .data
08001600    08001600    000174f8   00000000    rw-
  08001600    08001600    000174f8   00000000    rw- .data_store
08018b00    08018b00    000174f8   00000000    rw-
  08018b00    08018b00    000174f8   00000000    rw- .custom_data


SECTION ALLOCATION MAP

 output                                  attributes/
section   page    origin      length       input sections
--------  ----  ----------  ----------   ----------------
.intvecs   0    00000000    00000020     
                  00000000    00000020     sys_intvecs.obj (.intvecs)

.text      0    00000020    000091dc     
                  00000020    00002cdc     sys_selftest.obj (.text)
                  00002cfc    00000b64     system.obj (.text)
                  00003860    00000a54     sys_vim.obj (.text)
                  000042b4    00000a46     rtsv7R4_T_le_v3D16_eabi.lib : _printfi.c.obj (.text:__TI_printfi)
                  00004cfa    00000002                                 : div0.asm.obj (.text)
                  00004cfc    000008b4     pinmux.obj (.text)
                  000055b0    000007b8     sci.obj (.text)
                  00005d68    00000664     errata_SSWF021_45.obj (.text)
                  000063cc    000005bc     esm.obj (.text)
                  00006988    00000520     sys_main.obj (.text)
                  00006ea8    00000484     gio.obj (.text)
                  0000732c    0000034c     sys_core.obj (.text)
                  00007678    000002cc     sys_vim.obj (.text:retain)
                  00007944    000002b4     rtsv7R4_T_le_v3D16_eabi.lib : ull_div32.asm.obj (.text)
                  00007bf8    00000288     sys_startup.obj (.text:retain)
                  00007e80    00000248     rtsv7R4_T_le_v3D16_eabi.lib : _printfi.c.obj (.text:_pconv_a)
                  000080c8    00000204     sci.obj (.text:retain)
                  000082cc    000001a0     rtsv7R4_T_le_v3D16_eabi.lib : _printfi.c.obj (.text:_pconv_g)
                  0000846c    00000114     esm.obj (.text:retain)
                  00008580    00000104     rtsv7R4_T_le_v3D16_eabi.lib : _printfi.c.obj (.text:_pconv_e)
                  00008684    000000fc                                 : _printfi.c.obj (.text:fcvt)
                  00008780    000000f0                                 : s_scalbn.c.obj (.text:scalbn)
                  00008870    000000e8     dabort.obj (.text)
                  00008958    000000e0     rtsv7R4_T_le_v3D16_eabi.lib : s_floor.c.obj (.text:floor)
                  00008a38    000000e0     sys_pmu.obj (.text)
                  00008b18    000000ad     rtsv7R4_T_le_v3D16_eabi.lib : _printfi.c.obj (.text:_ltostr)
                  00008bc5    00000001     --HOLE-- [fill = 0]
                  00008bc6    0000009c                                 : memcpy_t2.asm.obj (.text)
                  00008c62    00000002     --HOLE-- [fill = 0]
                  00008c64    00000094     notification.obj (.text)
                  00008cf8    0000007a     rtsv7R4_T_le_v3D16_eabi.lib : _printfi.c.obj (.text:_mcpy)
                  00008d72    0000007a                                 : memset_t2.asm.obj (.text)
                  00008dec    00000074                                 : s_frexp.c.obj (.text:frexp)
                  00008e60    0000006c                                 : copy_decompress_lzss.c.obj (.text:decompress:lzss:__TI_decompress_lzss)
                  00008ecc    00000054                                 : _ltoa.c.obj (.text:__TI_ltoa)
                  00008f20    00000052                                 : _printfi.c.obj (.text:_ecpy)
                  00008f72    00000050                                 : _printfi.c.obj (.text:_pconv_f)
                  00008fc2    00000002     --HOLE-- [fill = 0]
                  00008fc4    00000050                                 : atoi.c.obj (.text:atoi)
                  00009014    0000004c                                 : snprintf.c.obj (.text:snprintf)
                  00009060    00000044                                 : autoinit.c.obj (.text:__TI_auto_init_nobinit_nopinit:__TI_auto_init_nobinit_nopinit)
                  000090a4    00000040                                 : _printfi.c.obj (.text:_fcpy)
                  000090e4    00000030                                 : snprintf.c.obj (.text:_outs)
                  00009114    00000026                                 : memccpy.c.obj (.text:memccpy)
                  0000913a    00000020                                 : s_copysign.c.obj (.text:copysign)
                  0000915a    0000001e                                 : ll_lsl_t2.asm.obj (.text)
                  00009178    00000018                                 : snprintf.c.obj (.text:_outc)
                  00009190    00000016                                 : strchr.c.obj (.text:strchr)
                  000091a6    00000016                                 : strlen.c.obj (.text:strlen)
                  000091bc    00000012                                 : wcslen.c.obj (.text:wcslen)
                  000091ce    0000000e                                 : copy_decompress_none.c.obj (.text:decompress:none:__TI_decompress_none)
                  000091dc    0000000c                                 : copy_zero_init.c.obj (.text:decompress:ZI:__TI_zero_init)
                  000091e8    00000008                                 : errno.c.obj (.text:__aeabi_errno_addr)
                  000091f0    00000004                                 : exit.c.obj (.text:abort:abort)
                  000091f4    00000004     sys_phantom.obj (.text:retain)
                  000091f8    00000004     sys_startup.obj (.text)

.const     0    000091fc    00000301     
                  000091fc    00000200     sys_vim.obj (.const:s_vim_init)
                  000093fc    00000101     rtsv7R4_T_le_v3D16_eabi.lib : ctype.c.obj (.const:.string:_ctypes_)

.cinit     0    00009500    00000050     
                  00009500    0000000c     (__TI_handler_table)
                  0000950c    00000004     --HOLE-- [fill = 0]
                  00009510    00000008     (.cinit..bss.load) [load image, compression = zero_init]
                  00009518    00000008     (.cinit..custom_data.load) [load image, compression = zero_init]
                  00009520    00000008     (.cinit..data.load) [load image, compression = lzss]
                  00009528    00000008     (.cinit..data_store.load) [load image, compression = zero_init]
                  00009530    00000020     (__TI_cinit_table)

.bss       0    08001500    00000028     UNINITIALIZED
                  08001500    00000028     sci.obj (.bss:g_sciTransfer_t)

.data      0    08001528    00000005     UNINITIALIZED
                  08001528    00000004     rtsv7R4_T_le_v3D16_eabi.lib : errno.c.obj (.data)
                  0800152c    00000001     sys_main.obj (.data)

.data_store 
*          0    08001600    000174f8     UNINITIALIZED
                  08001600    000174f8     sys_main.obj (.data_store_section)

.custom_data 
*          0    08018b00    000174f8     UNINITIALIZED
                  08018b00    000174f8     sys_main.obj (.custom_data_section)

__llvm_prf_cnts 
*          0    08001500    00000000     UNINITIALIZED

MODULE SUMMARY

       Module                       code    ro data   rw data
       ------                       ----    -------   -------
    .\source\
       sys_main.obj                 1312    0         190961 
       sys_selftest.obj             11484   0         0      
       sys_vim.obj                  3360    512       0      
       system.obj                   2916    0         0      
       sci.obj                      2492    0         40     
       pinmux.obj                   2228    0         0      
       esm.obj                      1744    0         0      
       errata_SSWF021_45.obj        1636    0         0      
       gio.obj                      1156    0         0      
       sys_core.obj                 844     0         0      
       sys_startup.obj              652     0         0      
       dabort.obj                   232     0         0      
       sys_pmu.obj                  224     0         0      
       notification.obj             148     0         0      
       sys_intvecs.obj              32      0         0      
       sys_phantom.obj              4       0         0      
    +--+----------------------------+-------+---------+---------+
       Total:                       30464   512       191001 
                                                             
    C:/ti/ccs1250/ccs/tools/compiler/ti-cgt-arm_20.2.7.LTS/lib/rtsv7R4_T_le_v3D16_eabi.lib
       _printfi.c.obj               4663    0         0      
       ull_div32.asm.obj            692     0         0      
       ctype.c.obj                  0       257       0      
       s_scalbn.c.obj               240     0         0      
       s_floor.c.obj                224     0         0      
       memcpy_t2.asm.obj            156     0         0      
       snprintf.c.obj               148     0         0      
       memset_t2.asm.obj            122     0         0      
       s_frexp.c.obj                116     0         0      
       copy_decompress_lzss.c.obj   108     0         0      
       _ltoa.c.obj                  84      0         0      
       atoi.c.obj                   80      0         0      
       autoinit.c.obj               68      0         0      
       memccpy.c.obj                38      0         0      
       s_copysign.c.obj             32      0         0      
       ll_lsl_t2.asm.obj            30      0         0      
       strchr.c.obj                 22      0         0      
       strlen.c.obj                 22      0         0      
       wcslen.c.obj                 18      0         0      
       copy_decompress_none.c.obj   14      0         0      
       copy_zero_init.c.obj         12      0         0      
       errno.c.obj                  8       0         4      
       exit.c.obj                   4       0         0      
       div0.asm.obj                 2       0         0      
    +--+----------------------------+-------+---------+---------+
       Total:                       6903    257       4      
                                                             
       Linker Generated:            0       76        0      
    +--+----------------------------+-------+---------+---------+
       Grand Total:                 37367   845       191005 


LINKER GENERATED COPY TABLES

__TI_cinit_table @ 00009530 records: 4, size/record: 8, table size: 32
	.bss: load addr=00009510, load size=00000008 bytes, run addr=08001500, run size=00000028 bytes, compression=zero_init
	.custom_data: load addr=00009518, load size=00000008 bytes, run addr=08018b00, run size=000174f8 bytes, compression=zero_init
	.data: load addr=00009520, load size=00000008 bytes, run addr=08001528, run size=00000005 bytes, compression=lzss
	.data_store: load addr=00009528, load size=00000008 bytes, run addr=08001600, run size=000174f8 bytes, compression=zero_init


LINKER GENERATED HANDLER TABLE

__TI_handler_table @ 00009500 records: 3, size/record: 4, table size: 12
	index: 0, handler: __TI_zero_init
	index: 1, handler: __TI_decompress_lzss
	index: 2, handler: __TI_decompress_none


GLOBAL SYMBOLS: SORTED ALPHABETICALLY BY Name 

address   name                                
-------   ----                                
000091f1  C$$EXIT                             
UNDEFED   SHT$$INIT_ARRAY$$Base               
UNDEFED   SHT$$INIT_ARRAY$$Limit              
00009530  __TI_CINIT_Base                     
00009550  __TI_CINIT_Limit                    
00009500  __TI_Handler_Table_Base             
0000950c  __TI_Handler_Table_Limit            
00007670  __TI_PINIT_Base                     
00007674  __TI_PINIT_Limit                    
00009061  __TI_auto_init_nobinit_nopinit      
00008e61  __TI_decompress_lzss                
000091cf  __TI_decompress_none                
00008ecd  __TI_ltoa                           
ffffffff  __TI_pprof_out_hndl                 
000042b5  __TI_printfi                        
ffffffff  __TI_prof_data_size                 
ffffffff  __TI_prof_data_start                
00000000  __TI_static_base__                  
000091dd  __TI_zero_init                      
000091e9  __aeabi_errno_addr                  
00004cfb  __aeabi_idiv0                       
00004cfb  __aeabi_ldiv0                       
0000915b  __aeabi_llsl                        
00008d73  __aeabi_memclr                      
00008d73  __aeabi_memclr4                     
00008d73  __aeabi_memclr8                     
00008bc7  __aeabi_memcpy                      
00008bc7  __aeabi_memcpy4                     
00008bc7  __aeabi_memcpy8                     
00008d75  __aeabi_memset                      
00008d75  __aeabi_memset4                     
00008d75  __aeabi_memset8                     
00007944  __aeabi_uldivmod                    
ffffffff  __binit__                           
ffffffff  __c_args__                          
08001500  __start___llvm_prf_cnts             
08001500  __stop___llvm_prf_cnts              
00007bf8  _c_int00                            
00007588  _coreClearAuxiliaryDataFault_       
0000759c  _coreClearAuxiliaryInstructionFault_
00007560  _coreClearDataFaultAddress_         
00007538  _coreClearDataFault_                
00007574  _coreClearInstructionFaultAddress_  
0000754c  _coreClearInstructionFault_         
000074cc  _coreDisableEventBusExport_         
00007510  _coreDisableFlashEcc_               
000074ec  _coreDisableRamEcc_                 
000074bc  _coreEnableEventBusExport_          
000074fc  _coreEnableFlashEcc_                
00007520  _coreEnableIrqVicOffset_            
000074dc  _coreEnableRamEcc_                  
000074a4  _coreEnableVfp_                     
00007580  _coreGetAuxiliaryDataFault_         
00007594  _coreGetAuxiliaryInstructionFault_  
00007558  _coreGetDataFaultAddress_           
00007530  _coreGetDataFault_                  
0000756c  _coreGetInstructionFaultAddress_    
00007544  _coreGetInstructionFault_           
0000732c  _coreInitRegisters_                 
00007438  _coreInitStackPointer_              
000093fc  _ctypes_                            
00008870  _dabort                             
000075b0  _disable_FIQ_interrupt_             
000075b8  _disable_IRQ_interrupt_             
000075a8  _disable_interrupt_                 
000075c0  _enable_interrupt_                  
00007650  _errata_CORTEXR4_57_                
00007660  _errata_CORTEXR4_66_                
00005d68  _errata_SSWF021_45_both_plls        
00005f5c  _errata_SSWF021_45_pll1             
000060d4  _errata_SSWF021_45_pll2             
000075c8  _esmCcmErrorsClear_                 
00007484  _getCPSRValue_                      
0000748c  _gotoCPUIdle_                       
00008a94  _pmuDisableCountersGlobal_          
00008a84  _pmuEnableCountersGlobal_           
00008af0  _pmuGetCycleCount_                  
00008af8  _pmuGetEventCount_                  
00008b04  _pmuGetOverflow_                    
00008a38  _pmuInit_                           
00008ac4  _pmuResetCounters_                  
00008aa4  _pmuResetCycleCounter_              
00008ab4  _pmuResetEventCounters_             
00008ae4  _pmuSetCountEvent_                  
00008ad4  _pmuStartCounters_                  
00008adc  _pmuStopCounters_                   
UNDEFED   _system_post_cinit                  
000091f1  abort                               
0000126c  adc1ParityCheck                     
00001358  adc2ParityCheck                     
00008fc5  atoi                                
ffffffff  binit                               
00001410  can1ParityCheck                     
000014e8  can2ParityCheck                     
000015b0  can3ParityCheck                     
00000030  ccmSelfCheck                        
000026fc  ccmr4GetConfigValue                 
00000938  checkB0RAMECC                       
00000b28  checkB1RAMECC                       
00001c18  checkClockMonitor                   
00000d18  checkFlashECC                       
00001cf4  checkFlashEEPROMECC                 
00001e8c  checkPLL1Slip                       
00001f8c  checkPLL2Slip                       
00002050  checkRAMAddrParity                  
000019d0  checkRAMECC                         
0000215c  checkRAMUERRTest                    
000007bc  checkefcSelfTest                    
0000913b  copysign                            
0000913b  copysignl                           
00000234  cpuSelfTest                         
00000dfc  cpuSelfTestFail                     
00003784  customTrimLPO                       
00000df4  custom_dabort                       
08018b00  custom_ram                          
000069d8  delay                               
00002b58  disableParity                       
00008ce4  dmaGroupANotification               
00000eac  dmaParityCheck                      
00000660  efcCheck                            
00002660  efcGetConfigValue                   
00000794  efcSelfTest                         
000006e8  efcStuckZeroTest                    
00002ad0  enableParity                        
0000276c  errata_PBIST_4                      
08001528  errno                               
00006550  esmActivateNormalOperation          
00006624  esmClearStatus                      
00006664  esmClearStatusBuffer                
00006518  esmDisableError                     
00006588  esmDisableInterrupt                 
000064f0  esmEnableError                      
00006560  esmEnableInterrupt                  
0000675c  esmEnterSelfTest                    
000064d4  esmError                            
00006834  esmGetConfigValue                   
000066a0  esmGetStatus                        
00006724  esmGetStatusBuffer                  
00008c64  esmGroup1Notification               
00008c74  esmGroup2Notification               
0000846c  esmHighInterrupt                    
000063cc  esmInit                             
000067e4  esmSelfTestStatus                   
00006680  esmSetCounterPreloadValue           
000065b0  esmSetInterruptLevel                
00006540  esmTriggerErrorPinReset             
00008959  floor                               
00008959  floorl                              
000022c4  fmcBus1ParityCheck                  
0000085c  fmcBus2Check                        
00000898  fmcECCcheck                         
00008ded  frexp                               
00008ded  frexpl                              
00007108  gioDisableNotification              
000070a0  gioEnableNotification               
00007008  gioGetBit                           
00007170  gioGetConfigValue                   
00007030  gioGetPort                          
00006ea8  gioInit                             
00008cbc  gioNotification                     
00006f98  gioSetBit                           
00006f78  gioSetDirection                     
00006fe8  gioSetPort                          
00007048  gioToggleBit                        
000091f8  handlePLLLockFail                   
00000f58  het1ParityCheck                     
000010c0  het2ParityCheck                     
00001004  htu1ParityCheck                     
000011bc  htu2ParityCheck                     
00008781  ldexp                               
00008781  ldexpl                              
000080c8  linHighLevelInterrupt               
00006a1c  logToSerial                         
00006a58  main                                
00002e64  mapClocks                           
00009115  memccpy                             
00008bc7  memcpy                              
00000174  memoryInit                          
00008c84  memoryPort0TestFailNotification     
00008ca0  memoryPort1TestFailNotification     
00008d7b  memset                              
00001684  mibspi1ParityCheck                  
0000178c  mibspi3ParityCheck                  
000018b0  mibspi5ParityCheck                  
00004cfc  muxInit                             
08001600  original_ram                        
000023ec  pbistFail                           
00002470  pbistGetConfigValue                 
000005a8  pbistIsTestCompleted                
000005d4  pbistIsTestPassed                   
00000608  pbistPortTestStatus                 
000004ac  pbistRun                            
000002cc  pbistSelfCheck                      
00000578  pbistStop                           
00002e10  periphInit                          
000091f4  phantomInterrupt                    
000051b0  pinmuxGetConfigValue                
00006988  prbs7                               
00000000  resetEntry                          
00008781  scalbn                              
00008781  scalbnl                             
00005a78  sciDisableLoopback                  
00005b04  sciDisableNotification              
00005a44  sciEnableLoopback                   
00005a9c  sciEnableNotification               
00005b6c  sciEnterResetState                  
00005b8c  sciExitResetState                   
000055b0  sciInit                             
000058f4  sciIsIdleDetected                   
000058d8  sciIsRxReady                        
00005758  sciIsTxReady                        
00008cd0  sciNotification                     
0000596c  sciReceive                          
00005940  sciReceiveByte                      
00005910  sciRxError                          
000057a4  sciSend                             
00005774  sciSendByte                         
000056bc  sciSetBaudrate                      
0000569c  sciSetFunctional                    
00005bac  scilinGetConfigValue                
00000020  selftestFailNotification            
00002dd0  setupFlash                          
00002cfc  setupPLL                            
00009015  snprintf                            
00003648  sramGetConfigValue                  
000025bc  stcGetConfigValue                   
000001b8  stcSelfCheck                        
00000df8  stcSelfCheckFail                    
00009191  strchr                              
000091a7  strlen                              
00003088  systemGetConfigValue                
00002f8c  systemInit                          
00003058  systemPowerDown                     
0000349c  tcmflashGetConfigValue              
00002d5c  trimLPO                             
00003934  vimChannelMap                       
00003ba0  vimDisableInterrupt                 
000039d8  vimEnableInterrupt                  
00003c4c  vimGetConfigValue                   
00003860  vimInit                             
00000e00  vimParityCheck                      
00007678  vimParityErrorHandler               
000091bd  wcslen                              


GLOBAL SYMBOLS: SORTED BY Symbol Address 

address   name                                
-------   ----                                
00000000  __TI_static_base__                  
00000000  resetEntry                          
00000020  selftestFailNotification            
00000030  ccmSelfCheck                        
00000174  memoryInit                          
000001b8  stcSelfCheck                        
00000234  cpuSelfTest                         
000002cc  pbistSelfCheck                      
000004ac  pbistRun                            
00000578  pbistStop                           
000005a8  pbistIsTestCompleted                
000005d4  pbistIsTestPassed                   
00000608  pbistPortTestStatus                 
00000660  efcCheck                            
000006e8  efcStuckZeroTest                    
00000794  efcSelfTest                         
000007bc  checkefcSelfTest                    
0000085c  fmcBus2Check                        
00000898  fmcECCcheck                         
00000938  checkB0RAMECC                       
00000b28  checkB1RAMECC                       
00000d18  checkFlashECC                       
00000df4  custom_dabort                       
00000df8  stcSelfCheckFail                    
00000dfc  cpuSelfTestFail                     
00000e00  vimParityCheck                      
00000eac  dmaParityCheck                      
00000f58  het1ParityCheck                     
00001004  htu1ParityCheck                     
000010c0  het2ParityCheck                     
000011bc  htu2ParityCheck                     
0000126c  adc1ParityCheck                     
00001358  adc2ParityCheck                     
00001410  can1ParityCheck                     
000014e8  can2ParityCheck                     
000015b0  can3ParityCheck                     
00001684  mibspi1ParityCheck                  
0000178c  mibspi3ParityCheck                  
000018b0  mibspi5ParityCheck                  
000019d0  checkRAMECC                         
00001c18  checkClockMonitor                   
00001cf4  checkFlashEEPROMECC                 
00001e8c  checkPLL1Slip                       
00001f8c  checkPLL2Slip                       
00002050  checkRAMAddrParity                  
0000215c  checkRAMUERRTest                    
000022c4  fmcBus1ParityCheck                  
000023ec  pbistFail                           
00002470  pbistGetConfigValue                 
000025bc  stcGetConfigValue                   
00002660  efcGetConfigValue                   
000026fc  ccmr4GetConfigValue                 
0000276c  errata_PBIST_4                      
00002ad0  enableParity                        
00002b58  disableParity                       
00002cfc  setupPLL                            
00002d5c  trimLPO                             
00002dd0  setupFlash                          
00002e10  periphInit                          
00002e64  mapClocks                           
00002f8c  systemInit                          
00003058  systemPowerDown                     
00003088  systemGetConfigValue                
0000349c  tcmflashGetConfigValue              
00003648  sramGetConfigValue                  
00003784  customTrimLPO                       
00003860  vimInit                             
00003934  vimChannelMap                       
000039d8  vimEnableInterrupt                  
00003ba0  vimDisableInterrupt                 
00003c4c  vimGetConfigValue                   
000042b5  __TI_printfi                        
00004cfb  __aeabi_idiv0                       
00004cfb  __aeabi_ldiv0                       
00004cfc  muxInit                             
000051b0  pinmuxGetConfigValue                
000055b0  sciInit                             
0000569c  sciSetFunctional                    
000056bc  sciSetBaudrate                      
00005758  sciIsTxReady                        
00005774  sciSendByte                         
000057a4  sciSend                             
000058d8  sciIsRxReady                        
000058f4  sciIsIdleDetected                   
00005910  sciRxError                          
00005940  sciReceiveByte                      
0000596c  sciReceive                          
00005a44  sciEnableLoopback                   
00005a78  sciDisableLoopback                  
00005a9c  sciEnableNotification               
00005b04  sciDisableNotification              
00005b6c  sciEnterResetState                  
00005b8c  sciExitResetState                   
00005bac  scilinGetConfigValue                
00005d68  _errata_SSWF021_45_both_plls        
00005f5c  _errata_SSWF021_45_pll1             
000060d4  _errata_SSWF021_45_pll2             
000063cc  esmInit                             
000064d4  esmError                            
000064f0  esmEnableError                      
00006518  esmDisableError                     
00006540  esmTriggerErrorPinReset             
00006550  esmActivateNormalOperation          
00006560  esmEnableInterrupt                  
00006588  esmDisableInterrupt                 
000065b0  esmSetInterruptLevel                
00006624  esmClearStatus                      
00006664  esmClearStatusBuffer                
00006680  esmSetCounterPreloadValue           
000066a0  esmGetStatus                        
00006724  esmGetStatusBuffer                  
0000675c  esmEnterSelfTest                    
000067e4  esmSelfTestStatus                   
00006834  esmGetConfigValue                   
00006988  prbs7                               
000069d8  delay                               
00006a1c  logToSerial                         
00006a58  main                                
00006ea8  gioInit                             
00006f78  gioSetDirection                     
00006f98  gioSetBit                           
00006fe8  gioSetPort                          
00007008  gioGetBit                           
00007030  gioGetPort                          
00007048  gioToggleBit                        
000070a0  gioEnableNotification               
00007108  gioDisableNotification              
00007170  gioGetConfigValue                   
0000732c  _coreInitRegisters_                 
00007438  _coreInitStackPointer_              
00007484  _getCPSRValue_                      
0000748c  _gotoCPUIdle_                       
000074a4  _coreEnableVfp_                     
000074bc  _coreEnableEventBusExport_          
000074cc  _coreDisableEventBusExport_         
000074dc  _coreEnableRamEcc_                  
000074ec  _coreDisableRamEcc_                 
000074fc  _coreEnableFlashEcc_                
00007510  _coreDisableFlashEcc_               
00007520  _coreEnableIrqVicOffset_            
00007530  _coreGetDataFault_                  
00007538  _coreClearDataFault_                
00007544  _coreGetInstructionFault_           
0000754c  _coreClearInstructionFault_         
00007558  _coreGetDataFaultAddress_           
00007560  _coreClearDataFaultAddress_         
0000756c  _coreGetInstructionFaultAddress_    
00007574  _coreClearInstructionFaultAddress_  
00007580  _coreGetAuxiliaryDataFault_         
00007588  _coreClearAuxiliaryDataFault_       
00007594  _coreGetAuxiliaryInstructionFault_  
0000759c  _coreClearAuxiliaryInstructionFault_
000075a8  _disable_interrupt_                 
000075b0  _disable_FIQ_interrupt_             
000075b8  _disable_IRQ_interrupt_             
000075c0  _enable_interrupt_                  
000075c8  _esmCcmErrorsClear_                 
00007650  _errata_CORTEXR4_57_                
00007660  _errata_CORTEXR4_66_                
00007670  __TI_PINIT_Base                     
00007674  __TI_PINIT_Limit                    
00007678  vimParityErrorHandler               
00007944  __aeabi_uldivmod                    
00007bf8  _c_int00                            
000080c8  linHighLevelInterrupt               
0000846c  esmHighInterrupt                    
00008781  ldexp                               
00008781  ldexpl                              
00008781  scalbn                              
00008781  scalbnl                             
00008870  _dabort                             
00008959  floor                               
00008959  floorl                              
00008a38  _pmuInit_                           
00008a84  _pmuEnableCountersGlobal_           
00008a94  _pmuDisableCountersGlobal_          
00008aa4  _pmuResetCycleCounter_              
00008ab4  _pmuResetEventCounters_             
00008ac4  _pmuResetCounters_                  
00008ad4  _pmuStartCounters_                  
00008adc  _pmuStopCounters_                   
00008ae4  _pmuSetCountEvent_                  
00008af0  _pmuGetCycleCount_                  
00008af8  _pmuGetEventCount_                  
00008b04  _pmuGetOverflow_                    
00008bc7  __aeabi_memcpy                      
00008bc7  __aeabi_memcpy4                     
00008bc7  __aeabi_memcpy8                     
00008bc7  memcpy                              
00008c64  esmGroup1Notification               
00008c74  esmGroup2Notification               
00008c84  memoryPort0TestFailNotification     
00008ca0  memoryPort1TestFailNotification     
00008cbc  gioNotification                     
00008cd0  sciNotification                     
00008ce4  dmaGroupANotification               
00008d73  __aeabi_memclr                      
00008d73  __aeabi_memclr4                     
00008d73  __aeabi_memclr8                     
00008d75  __aeabi_memset                      
00008d75  __aeabi_memset4                     
00008d75  __aeabi_memset8                     
00008d7b  memset                              
00008ded  frexp                               
00008ded  frexpl                              
00008e61  __TI_decompress_lzss                
00008ecd  __TI_ltoa                           
00008fc5  atoi                                
00009015  snprintf                            
00009061  __TI_auto_init_nobinit_nopinit      
00009115  memccpy                             
0000913b  copysign                            
0000913b  copysignl                           
0000915b  __aeabi_llsl                        
00009191  strchr                              
000091a7  strlen                              
000091bd  wcslen                              
000091cf  __TI_decompress_none                
000091dd  __TI_zero_init                      
000091e9  __aeabi_errno_addr                  
000091f1  C$$EXIT                             
000091f1  abort                               
000091f4  phantomInterrupt                    
000091f8  handlePLLLockFail                   
000093fc  _ctypes_                            
00009500  __TI_Handler_Table_Base             
0000950c  __TI_Handler_Table_Limit            
00009530  __TI_CINIT_Base                     
00009550  __TI_CINIT_Limit                    
08001500  __start___llvm_prf_cnts             
08001500  __stop___llvm_prf_cnts              
08001528  errno                               
08001600  original_ram                        
08018b00  custom_ram                          
ffffffff  __TI_pprof_out_hndl                 
ffffffff  __TI_prof_data_size                 
ffffffff  __TI_prof_data_start                
ffffffff  __binit__                           
ffffffff  __c_args__                          
ffffffff  binit                               
UNDEFED   SHT$$INIT_ARRAY$$Base               
UNDEFED   SHT$$INIT_ARRAY$$Limit              
UNDEFED   _system_post_cinit                  

[243 symbols]
